Component: ARM Compiler 5.06 update 6 (build 750) Tool: armlink [4d35ed]

==============================================================================

Section Cross References

    main.o(i.main) refers to new.o(i._Znwj) for operator new(unsigned)
    main.o(i.main) refers to delay.o(i._ZN5DELAYC1Ev) for DELAY::DELAY()
    main.o(i.main) refers to port.o(i._ZN9PortMapIOC1EP16MDR_PORT_TypeDeft) for PortMapIO::PortMapIO(MDR_PORT_TypeDef*, unsigned short)
    main.o(i.main) refers to spi.o(i._ZN3SPIC1EP15MDR_SSP_TypeDefP16MDR_PORT_TypeDefttth17PORT_FUNC_TypeDef) for SPI::SPI(MDR_SSP_TypeDef*, MDR_PORT_TypeDef*, unsigned short, unsigned short, unsigned short, unsigned char, PORT_FUNC_TypeDef)
    main.o(i.main) refers to w25qxx.o(i.W25qxx_Init) for W25qxx_Init
    main.o(i.main) refers to w25qxx.o(i.W25qxx_ResetChip) for W25qxx_ResetChip
    main.o(i.main) refers to w25qxx.o(i.W25qxx_PageToSector) for W25qxx_PageToSector
    main.o(i.main) refers to w25qxx.o(i.W25qxx_EraseSector) for W25qxx_EraseSector
    main.o(i.main) refers to w25qxx.o(i.W25qxx_WritePage) for W25qxx_WritePage
    main.o(i.main) refers to w25qxx.o(i.W25qxx_ReadPage) for W25qxx_ReadPage
    main.o(i.main) refers to main.o(.data) for pause
    main.o(i.main) refers to main.o(.bss) for buf1
    main.o(.ARM.exidx) refers to main.o(i.main) for i.main
    relay.o(i._ZN5RELAY2onEv) refers to port.o(i._ZN9PortMapIO7setHighEv) for PortMapIO::setHigh()
    relay.o(i._ZN5RELAY3offEv) refers to port.o(i._ZN9PortMapIO6setLowEv) for PortMapIO::setLow()
    relay.o(i._ZN5RELAYC1EP16MDR_PORT_TypeDeft) refers to port.o(i._ZN9PortMapIOC1EP16MDR_PORT_TypeDeft) for PortMapIO::PortMapIO(MDR_PORT_TypeDef*, unsigned short)
    relay.o(.ARM.exidx) refers to relay.o(i._ZN5RELAYC1EP16MDR_PORT_TypeDeft) for i._ZN5RELAYC1EP16MDR_PORT_TypeDeft
    relay.o(.ARM.exidx) refers to relay.o(i._ZN5RELAY2onEv) for i._ZN5RELAY2onEv
    relay.o(.ARM.exidx) refers to relay.o(i._ZN5RELAY3offEv) for i._ZN5RELAY3offEv
    relay.o(.ARM.exidx) refers to relay.o(i._ZN5RELAY9getStatusEv) for i._ZN5RELAY9getStatusEv
    spi.o(i._ZN3SPI15write_then_readEPhjS0_jh) refers to spi.o(i._ZN3SPI8transmitEPh) for SPI::transmit(unsigned char*)
    spi.o(i._ZN3SPI4initEh) refers to mdr32f9qx_rst_clk.o(i.RST_CLK_PCLKcmd) for RST_CLK_PCLKcmd
    spi.o(i._ZN3SPI4initEh) refers to mdr32f9qx_ssp.o(i.SSP_BRGInit) for SSP_BRGInit
    spi.o(i._ZN3SPI4initEh) refers to mdr32f9qx_ssp.o(i.SSP_StructInit) for SSP_StructInit
    spi.o(i._ZN3SPI4initEh) refers to mdr32f9qx_ssp.o(i.SSP_Init) for SSP_Init
    spi.o(i._ZN3SPI4initEh) refers to mdr32f9qx_ssp.o(i.SSP_Cmd) for SSP_Cmd
    spi.o(i._ZN3SPI5writeEPhj) refers to spi.o(i._ZN3SPI8transmitEPh) for SPI::transmit(unsigned char*)
    spi.o(i._ZN3SPI8initPortEP16MDR_PORT_TypeDefttt17PORT_FUNC_TypeDef) refers to new.o(i._Znwj) for operator new(unsigned)
    spi.o(i._ZN3SPI8initPortEP16MDR_PORT_TypeDefttt17PORT_FUNC_TypeDef) refers to port.o(i._ZN9PortMapIOC1EP16MDR_PORT_TypeDeft15PORT_OE_TypeDef20PORT_PULL_UP_TypeDef22PORT_PULL_DOWN_TypeDef19PORT_PD_SHM_TypeDef15PORT_PD_TypeDef17PORT_GFEN_TypeDef17PORT_FUNC_TypeDef18PORT_SPEED_TypeDef17PORT_MODE_TypeDef) for PortMapIO::PortMapIO(MDR_PORT_TypeDef*, unsigned short, PORT_OE_TypeDef, PORT_PULL_UP_TypeDef, PORT_PULL_DOWN_TypeDef, PORT_PD_SHM_TypeDef, PORT_PD_TypeDef, PORT_GFEN_TypeDef, PORT_FUNC_TypeDef, PORT_SPEED_TypeDef, PORT_MODE_TypeDef)
    spi.o(i._ZN3SPI8transmitEPh) refers to mdr32f9qx_ssp.o(i.SSP_SendData) for SSP_SendData
    spi.o(i._ZN3SPI8transmitEPh) refers to mdr32f9qx_ssp.o(i.SSP_GetFlagStatus) for SSP_GetFlagStatus
    spi.o(i._ZN3SPI8transmitEPh) refers to mdr32f9qx_ssp.o(i.SSP_ReceiveData) for SSP_ReceiveData
    spi.o(i._ZN3SPIC1EP15MDR_SSP_TypeDef) refers to port.o(i._ZN9PortMapIOC1Ev) for PortMapIO::PortMapIO()
    spi.o(i._ZN3SPIC1EP15MDR_SSP_TypeDef) refers to spi.o(i._ZN3SPI4initEh) for SPI::init(unsigned char)
    spi.o(i._ZN3SPIC1EP15MDR_SSP_TypeDefP16MDR_PORT_TypeDefttth17PORT_FUNC_TypeDef) refers to port.o(i._ZN9PortMapIOC1Ev) for PortMapIO::PortMapIO()
    spi.o(i._ZN3SPIC1EP15MDR_SSP_TypeDefP16MDR_PORT_TypeDefttth17PORT_FUNC_TypeDef) refers to spi.o(i._ZN3SPI8initPortEP16MDR_PORT_TypeDefttt17PORT_FUNC_TypeDef) for SPI::initPort(MDR_PORT_TypeDef*, unsigned short, unsigned short, unsigned short, PORT_FUNC_TypeDef)
    spi.o(i._ZN3SPIC1EP15MDR_SSP_TypeDefP16MDR_PORT_TypeDefttth17PORT_FUNC_TypeDef) refers to spi.o(i._ZN3SPI4initEh) for SPI::init(unsigned char)
    spi.o(i._ZN3SPIC1EP15MDR_SSP_TypeDefP9PortMapIOS3_S3_) refers to port.o(i._ZN9PortMapIOC1Ev) for PortMapIO::PortMapIO()
    spi.o(i._ZN3SPIC1EP15MDR_SSP_TypeDefP9PortMapIOS3_S3_) refers to spi.o(i._ZN3SPI4initEh) for SPI::init(unsigned char)
    spi.o(i._ZN3SPIC1Ev) refers to port.o(i._ZN9PortMapIOC1Ev) for PortMapIO::PortMapIO()
    spi.o(.ARM.exidx) refers to spi.o(i._ZN3SPIC1Ev) for i._ZN3SPIC1Ev
    spi.o(.ARM.exidx) refers to spi.o(i._ZN3SPI4initEh) for i._ZN3SPI4initEh
[...]
    Removing mdr32f9qx_timer.o(i.TIMER_ETRFilterConfig), (22 bytes).
    Removing mdr32f9qx_timer.o(i.TIMER_ETRInputConfig), (26 bytes).
    Removing mdr32f9qx_timer.o(i.TIMER_ETRPolarityConfig), (20 bytes).
    Removing mdr32f9qx_timer.o(i.TIMER_ETRPrescalerConfig), (20 bytes).
    Removing mdr32f9qx_timer.o(i.TIMER_FilterSamplingConfig), (20 bytes).
    Removing mdr32f9qx_timer.o(i.TIMER_GetChnCapture), (16 bytes).
    Removing mdr32f9qx_timer.o(i.TIMER_GetChnCapture1), (16 bytes).
    Removing mdr32f9qx_timer.o(i.TIMER_GetChnWriteComplete), (32 bytes).
    Removing mdr32f9qx_timer.o(i.TIMER_GetCntAutoreload), (6 bytes).
    Removing mdr32f9qx_timer.o(i.TIMER_GetCntPrescaler), (8 bytes).
    Removing mdr32f9qx_timer.o(i.TIMER_GetCntWriteComplete), (20 bytes).
    Removing mdr32f9qx_timer.o(i.TIMER_GetCounter), (6 bytes).
    Removing mdr32f9qx_timer.o(i.TIMER_GetCounterDirection), (20 bytes).
    Removing mdr32f9qx_timer.o(i.TIMER_GetFlagStatus), (18 bytes).
    Removing mdr32f9qx_timer.o(i.TIMER_GetITStatus), (26 bytes).
    Removing mdr32f9qx_timer.o(i.TIMER_GetStatus), (6 bytes).
    Removing mdr32f9qx_timer.o(i.TIMER_ITConfig), (28 bytes).
    Removing mdr32f9qx_timer.o(i.TIMER_SetChnCompare), (14 bytes).
    Removing mdr32f9qx_timer.o(i.TIMER_SetChnCompare1), (14 bytes).
    Removing mdr32f9qx_timer.o(i.TIMER_SetCntAutoreload), (4 bytes).
    Removing mdr32f9qx_timer.o(i.TIMER_SetCntPrescaler), (4 bytes).
    Removing mdr32f9qx_timer.o(i.TIMER_SetCounter), (4 bytes).
    Removing mdr32f9qx_timer.o(i.TIMER_SetCounterDirection), (20 bytes).
    Removing mdr32f9qx_uart.o(.rev16_text), (4 bytes).
    Removing mdr32f9qx_uart.o(.revsh_text), (4 bytes).
    Removing mdr32f9qx_uart.o(i.UART_BRGInit), (76 bytes).
    Removing mdr32f9qx_uart.o(i.UART_BreakLine), (28 bytes).
    Removing mdr32f9qx_uart.o(i.UART_ClearITPendingBit), (8 bytes).
    Removing mdr32f9qx_uart.o(i.UART_Cmd), (28 bytes).
    Removing mdr32f9qx_uart.o(i.UART_DMACmd), (26 bytes).
    Removing mdr32f9qx_uart.o(i.UART_DMAConfig), (8 bytes).
    Removing mdr32f9qx_uart.o(i.UART_DeInit), (38 bytes).
    Removing mdr32f9qx_uart.o(i.UART_GetFlagStatus), (18 bytes).
    Removing mdr32f9qx_uart.o(i.UART_GetITStatus), (18 bytes).
    Removing mdr32f9qx_uart.o(i.UART_GetITStatusMasked), (18 bytes).
    Removing mdr32f9qx_uart.o(i.UART_ITConfig), (20 bytes).
    Removing mdr32f9qx_uart.o(i.UART_Init), (212 bytes).
    Removing mdr32f9qx_uart.o(i.UART_IrDACmd), (28 bytes).
    Removing mdr32f9qx_uart.o(i.UART_IrDAConfig), (42 bytes).
    Removing mdr32f9qx_uart.o(i.UART_ReceiveData), (8 bytes).
    Removing mdr32f9qx_uart.o(i.UART_SendData), (4 bytes).
    Removing mdr32f9qx_uart.o(i.UART_StructInit), (24 bytes).
    Removing mdr32f9qx_wwdg.o(.rev16_text), (4 bytes).
    Removing mdr32f9qx_wwdg.o(.revsh_text), (4 bytes).
    Removing mdr32f9qx_wwdg.o(i.WWDG_ClearFlag), (12 bytes).
    Removing mdr32f9qx_wwdg.o(i.WWDG_DeInit), (16 bytes).
    Removing mdr32f9qx_wwdg.o(i.WWDG_Enable), (16 bytes).
    Removing mdr32f9qx_wwdg.o(i.WWDG_EnableIT), (20 bytes).
    Removing mdr32f9qx_wwdg.o(i.WWDG_GetCounter), (16 bytes).
    Removing mdr32f9qx_wwdg.o(i.WWDG_GetFlagStatus), (12 bytes).
    Removing mdr32f9qx_wwdg.o(i.WWDG_GetPrescaler), (16 bytes).
    Removing mdr32f9qx_wwdg.o(i.WWDG_GetWindowValue), (16 bytes).
    Removing mdr32f9qx_wwdg.o(i.WWDG_SetCounter), (16 bytes).
    Removing mdr32f9qx_wwdg.o(i.WWDG_SetPrescaler), (28 bytes).
    Removing mdr32f9qx_wwdg.o(i.WWDG_SetWindowValue), (40 bytes).
    Removing ledind.o(.ARM.exidx), (8 bytes).
    Removing ili9488.o(t._Z4swapItEvRT_S1_), (10 bytes).
    Removing ili9488.o(.ARM.exidx), (8 bytes).

607 unused section(s) (total 28234 bytes) removed from the image.

==============================================================================

Image Symbol Table

    Local Symbols

    Symbol Name                              Value     Ov Type        Size  Object(Section)

    RESET                                    0x00000000   Section      192  startup_mdr1986ve1t.o(RESET)
    ../../../clib/unwind_pr.c                0x00000000   Number         0  unwind_pr0.o ABSOLUTE
    ../../../clib/unwind_pr.c                0x00000000   Number         0  unwind_prcommon.o ABSOLUTE
    ../../../clib/unwinder.c                 0x00000000   Number         0  unwind_activity.o ABSOLUTE
    ../../../clib/unwinder.c                 0x00000000   Number         0  unwinder.o ABSOLUTE
    ../../../clib/unwinder.c                 0x00000000   Number         0  unwind_activity.o ABSOLUTE
    ../../../clib/unwinder.c                 0x00000000   Number         0  unwinder.o ABSOLUTE
    ../../../edgfe/lib_src/arm_exceptions.c  0x00000000   Number         0  arm_exceptions_mem.o ABSOLUTE
    ../../../edgfe/lib_src/arm_exceptions.c  0x00000000   Number         0  arm_exceptions_terminate.o ABSOLUTE
    ../../../edgfe/lib_src/arm_exceptions.c  0x00000000   Number         0  arm_exceptions_support.o ABSOLUTE
    ../../../edgfe/lib_src/arm_exceptions.c  0x00000000   Number         0  arm_exceptions_globs.o ABSOLUTE
    ../../../edgfe/lib_src/arm_exceptions.c  0x00000000   Number         0  arm_exceptions_callterm.o ABSOLUTE
    ../../../edgfe/lib_src/arm_noexceptions.c 0x00000000   Number         0  arm_newhandler_noexceptions.o ABSOLUTE
    ../../../edgfe/lib_src/arm_noexceptions.c 0x00000000   Number         0  arm_callunex_noexceptions.o ABSOLUTE
    ../../../edgfe/lib_src/arm_noexceptions.c 0x00000000   Number         0  arm_begincatch_noexceptions.o ABSOLUTE
    ../../../edgfe/lib_src/bad_alloc.c       0x00000000   Number         0  bad_alloc_dtor.o ABSOLUTE
    ../../../edgfe/lib_src/bad_alloc.c       0x00000000   Number         0  bad_alloc_what.o ABSOLUTE
    ../../../edgfe/lib_src/delete.c          0x00000000   Number         0  delete.o ABSOLUTE
    ../../../edgfe/lib_src/exception.c       0x00000000   Number         0  exception_dtor.o ABSOLUTE
    ../../../edgfe/lib_src/exception.c       0x00000000   Number         0  exception_what.o ABSOLUTE
    ../../../edgfe/lib_src/new.c             0x00000000   Number         0  new.o ABSOLUTE
    ../../../edgfe/lib_src/typeinfo.c        0x00000000   Number         0  lib_rtti_impl.o ABSOLUTE
    ../../../edgfe/lib_src/typeinfo.c        0x00000000   Number         0  type_info_dtor.o ABSOLUTE
    ../clib/angel/boardlib.s                 0x00000000   Number         0  boardshut.o ABSOLUTE
    ../clib/angel/boardlib.s                 0x00000000   Number         0  boardinit3.o ABSOLUTE
    ../clib/angel/boardlib.s                 0x00000000   Number         0  boardinit1.o ABSOLUTE
    ../clib/angel/boardlib.s                 0x00000000   Number         0  boardinit2.o ABSOLUTE
    ../clib/angel/handlers.s                 0x00000000   Number         0  __scatter_zi.o ABSOLUTE
    ../clib/angel/handlers.s                 0x00000000   Number         0  __scatter_copy.o ABSOLUTE
    ../clib/angel/kernel.s                   0x00000000   Number         0  __rtentry.o ABSOLUTE
    ../clib/angel/kernel.s                   0x00000000   Number         0  rtexit2.o ABSOLUTE
    ../clib/angel/kernel.s                   0x00000000   Number         0  rtexit.o ABSOLUTE
    ../clib/angel/kernel.s                   0x00000000   Number         0  __rtentry4.o ABSOLUTE
    ../clib/angel/kernel.s                   0x00000000   Number         0  __rtentry2.o ABSOLUTE
    ../clib/angel/rt.s                       0x00000000   Number         0  rt_eh_globals_addr.o ABSOLUTE
    ../clib/angel/rt.s                       0x00000000   Number         0  rt_raise.o ABSOLUTE
    ../clib/angel/rt.s                       0x00000000   Number         0  rt_errno_addr.o ABSOLUTE
    ../clib/angel/rt.s                       0x00000000   Number         0  rt_new_handler_addr_intlibspace.o ABSOLUTE
    ../clib/angel/rt.s                       0x00000000   Number         0  rt_div0.o ABSOLUTE
    ../clib/angel/rt.s                       0x00000000   Number         0  rt_heap_descriptor.o ABSOLUTE
    ../clib/angel/rt.s                       0x00000000   Number         0  rt_heap_descriptor_intlibspace.o ABSOLUTE
    ../clib/angel/rt.s                       0x00000000   Number         0  rt_errno_addr_intlibspace.o ABSOLUTE
    ../clib/angel/rt.s                       0x00000000   Number         0  aeabi_idiv0.o ABSOLUTE
    ../clib/angel/rt.s                       0x00000000   Number         0  aeabi_idiv0_sigfpe.o ABSOLUTE
    ../clib/angel/rt.s                       0x00000000   Number         0  rt_new_handler_addr.o ABSOLUTE
    ../clib/angel/rt.s                       0x00000000   Number         0  rt_eh_globals_addr_intlibspace.o ABSOLUTE
    ../clib/angel/scatterp.s                 0x00000000   Number         0  __scatter.o ABSOLUTE
    ../clib/angel/startup.s                  0x00000000   Number         0  __main.o ABSOLUTE
    ../clib/angel/sys.s                      0x00000000   Number         0  indicate_semi.o ABSOLUTE
    ../clib/angel/sys.s                      0x00000000   Number         0  use_no_semi.o ABSOLUTE
    ../clib/angel/sys.s                      0x00000000   Number         0  mutex_dummy.o ABSOLUTE
    ../clib/angel/sys.s                      0x00000000   Number         0  libspace.o ABSOLUTE
    ../clib/angel/sys.s                      0x00000000   Number         0  sys_stackheap_outer.o ABSOLUTE
    ../clib/angel/sys.s                      0x00000000   Number         0  tempstk.o ABSOLUTE
    ../clib/angel/sysapp.c                   0x00000000   Number         0  sys_exit.o ABSOLUTE
    ../clib/angel/sysapp.c                   0x00000000   Number         0  sys_command.o ABSOLUTE
    ../clib/angel/sysapp.c                   0x00000000   Number         0  sys_wrch.o ABSOLUTE
    ../clib/armsys.c                         0x00000000   Number         0  no_argv.o ABSOLUTE
    ../clib/armsys.c                         0x00000000   Number         0  argv_veneer.o ABSOLUTE
    ../clib/armsys.c                         0x00000000   Number         0  _get_argv_nomalloc.o ABSOLUTE
    ../clib/armsys.c                         0x00000000   Number         0  _get_argv.o ABSOLUTE
    ../clib/division.s                       0x00000000   Number         0  aeabi_sdiv_div0.o ABSOLUTE
    ../clib/division.s                       0x00000000   Number         0  aeabi_sdiv.o ABSOLUTE
    ../clib/fenv.c                           0x00000000   Number         0  _rserrno.o ABSOLUTE
    ../clib/heap1.c                          0x00000000   Number         0  h1_extend.o ABSOLUTE
    ../clib/heap1.c                          0x00000000   Number         0  h1_extend_mt.o ABSOLUTE
    ../clib/heap1.c                          0x00000000   Number         0  h1_alloc.o ABSOLUTE
    ../clib/heap1.c                          0x00000000   Number         0  h1_alloc_mt.o ABSOLUTE
    ../clib/heap1.c                          0x00000000   Number         0  h1_free_mt.o ABSOLUTE
    ../clib/heap1.c                          0x00000000   Number         0  h1_init_mt.o ABSOLUTE
    ../clib/heap1.c                          0x00000000   Number         0  h1_free.o ABSOLUTE
    ../clib/heap1.c                          0x00000000   Number         0  h1_init.o ABSOLUTE
    ../clib/heap1.c                          0x00000000   Number         0  h1_final_mt.o ABSOLUTE
    ../clib/heap1.c                          0x00000000   Number         0  h1_final.o ABSOLUTE
    ../clib/heap2.c                          0x00000000   Number         0  heap2.o ABSOLUTE
    ../clib/heap2.c                          0x00000000   Number         0  heap2mt.o ABSOLUTE
    ../clib/heap2.c                          0x00000000   Number         0  fdtree.o ABSOLUTE
    ../clib/heapalloc.c                      0x00000000   Number         0  malloc.o ABSOLUTE
    ../clib/heapalloc.c                      0x00000000   Number         0  term_alloc.o ABSOLUTE
    ../clib/heapalloc.c                      0x00000000   Number         0  hrguard.o ABSOLUTE
    ../clib/heapalloc.c                      0x00000000   Number         0  maybetermalloc1.o ABSOLUTE
    ../clib/heapalloc.c                      0x00000000   Number         0  maybetermalloc1.o ABSOLUTE
    ../clib/heapalloc.c                      0x00000000   Number         0  maybetermalloc2.o ABSOLUTE
    ../clib/heapalloc.c                      0x00000000   Number         0  maybetermalloc2.o ABSOLUTE
    ../clib/heapalloc.c                      0x00000000   Number         0  heapstubs.o ABSOLUTE
    ../clib/heapalloc.c                      0x00000000   Number         0  free.o ABSOLUTE
    ../clib/heapalloc.c                      0x00000000   Number         0  init_alloc.o ABSOLUTE
    ../clib/heapalloc.c                      0x00000000   Number         0  hguard.o ABSOLUTE
    ../clib/heapaux.c                        0x00000000   Number         0  heapauxa.o ABSOLUTE
    ../clib/heapaux.c                        0x00000000   Number         0  heapauxi.o ABSOLUTE
    ../clib/libinit.s                        0x00000000   Number         0  libshutdown2.o ABSOLUTE
    ../clib/libinit.s                        0x00000000   Number         0  libinit.o ABSOLUTE
    ../clib/libinit.s                        0x00000000   Number         0  libshutdown.o ABSOLUTE
    ../clib/libinit.s                        0x00000000   Number         0  libinit2.o ABSOLUTE
    ../clib/memcpset.c                       0x00000000   Number         0  rt_memcpy.o ABSOLUTE
    ../clib/memcpset.c                       0x00000000   Number         0  rt_memcpy.o ABSOLUTE
    ../clib/signal.c                         0x00000000   Number         0  __raise.o ABSOLUTE
    ../clib/signal.c                         0x00000000   Number         0  defsig_general.o ABSOLUTE
    ../clib/signal.c                         0x00000000   Number         0  defsig_abrt_inner.o ABSOLUTE
    ../clib/signal.c                         0x00000000   Number         0  defsig_rtred_inner.o ABSOLUTE
    ../clib/signal.c                         0x00000000   Number         0  defsig_stak_inner.o ABSOLUTE
    ../clib/signal.c                         0x00000000   Number         0  defsig_pvfn_inner.o ABSOLUTE
    ../clib/signal.c                         0x00000000   Number         0  defsig_cppl_inner.o ABSOLUTE
    ../clib/signal.c                         0x00000000   Number         0  defsig_segv_inner.o ABSOLUTE
    ../clib/signal.c                         0x00000000   Number         0  defsig_other.o ABSOLUTE
    ../clib/signal.c                         0x00000000   Number         0  defsig_rtmem_inner.o ABSOLUTE
    ../clib/signal.c                         0x00000000   Number         0  defsig_fpe_outer.o ABSOLUTE
    ../clib/signal.c                         0x00000000   Number         0  defsig_fpe_formal.o ABSOLUTE
    ../clib/signal.c                         0x00000000   Number         0  defsig_rtmem_outer.o ABSOLUTE
    ../clib/signal.c                         0x00000000   Number         0  defsig_rtmem_formal.o ABSOLUTE
    ../clib/signal.c                         0x00000000   Number         0  defsig_exit.o ABSOLUTE
    ../clib/signal.c                         0x00000000   Number         0  defsig_abrt_outer.o ABSOLUTE
    ../clib/signal.c                         0x00000000   Number         0  defsig_abrt_formal.o ABSOLUTE
    ../clib/signal.c                         0x00000000   Number         0  defsig_fpe_inner.o ABSOLUTE
    ../clib/signal.s                         0x00000000   Number         0  defsig.o ABSOLUTE
    ../clib/stdlib.c                         0x00000000   Number         0  exit.o ABSOLUTE
    ../clib/stdlib.c                         0x00000000   Number         0  abort.o ABSOLUTE
    ../clib/stdlib.c                         0x00000000   Number         0  bsearchnoex.o ABSOLUTE
    ../fplib/cfplib/cmpret.c                 0x00000000   Number         0  cmpret.o ABSOLUTE
    ../fplib/cfplib/d2f.c                    0x00000000   Number         0  d2f.o ABSOLUTE
    ../fplib/cfplib/daddsub.c                0x00000000   Number         0  daddsub.o ABSOLUTE
    ../fplib/cfplib/dcmpin.c                 0x00000000   Number         0  dcmpin.o ABSOLUTE
    ../fplib/cfplib/ddiv.c                   0x00000000   Number         0  ddiv.o ABSOLUTE
    ../fplib/cfplib/dmul.c                   0x00000000   Number         0  dmul.o ABSOLUTE
    ../fplib/cfplib/dsqrt.c                  0x00000000   Number         0  dsqrt.o ABSOLUTE
    ../fplib/cfplib/fcmpin.c                 0x00000000   Number         0  fcmpin.o ABSOLUTE
    ../fplib/cfplib/ffix.c                   0x00000000   Number         0  dfixui.o ABSOLUTE
    ../fplib/cfplib/ffix.c                   0x00000000   Number         0  ffixi.o ABSOLUTE
    ../fplib/cfplib/ffix.c                   0x00000000   Number         0  ffixui.o ABSOLUTE
    ../fplib/cfplib/fflt.c                   0x00000000   Number         0  dflti.o ABSOLUTE
    ../fplib/cfplib/fflt.c                   0x00000000   Number         0  fflti.o ABSOLUTE
    ../fplib/cfplib/fpinit.c                 0x00000000   Number         0  fpinit.o ABSOLUTE
    ../fplib/cfplib/nan2.c                   0x00000000   Number         0  dnan2.o ABSOLUTE
    ../fplib/cfplib/nan2.c                   0x00000000   Number         0  fnan2.o ABSOLUTE
    ../fplib/cfplib/retnan.c                 0x00000000   Number         0  retnan.o ABSOLUTE
    ../fplib/dleqf6m.s                       0x00000000   Number         0  dlef.o ABSOLUTE
    ../fplib/drleqf6m.s                      0x00000000   Number         0  drlef.o ABSOLUTE
    ../fplib/frleqf6m.s                      0x00000000   Number         0  frlef.o ABSOLUTE
    ../fplib/usenofp.s                       0x00000000   Number         0  usenofp.o ABSOLUTE
    ../mathlib/sqrt.c                        0x00000000   Number         0  sqrt_x.o ABSOLUTE
    ../mathlib/sqrt.c                        0x00000000   Number         0  sqrt.o ABSOLUTE
    ADC\ADC.cpp                              0x00000000   Number         0  adc.o ABSOLUTE
    ADC\\ADC.cpp                             0x00000000   Number         0  adc.o ABSOLUTE
    D:\Keil_v5\ARM\PACK\Keil\MDR1986BExx\2.0.3\Libraries\SPL\MDR32Fx\src\MDR32F9Qx_adc.c 0x00000000   Number         0  mdr32f9qx_adc.o ABSOLUTE
    D:\Keil_v5\ARM\PACK\Keil\MDR1986BExx\2.0.3\Libraries\SPL\MDR32Fx\src\MDR32F9Qx_dma.c 0x00000000   Number         0  mdr32f9qx_dma.o ABSOLUTE
    D:\Keil_v5\ARM\PACK\Keil\MDR1986BExx\2.0.3\Libraries\SPL\MDR32Fx\src\MDR32F9Qx_port.c 0x00000000   Number         0  mdr32f9qx_port.o ABSOLUTE
    D:\Keil_v5\ARM\PACK\Keil\MDR1986BExx\2.0.3\Libraries\SPL\MDR32Fx\src\MDR32F9Qx_rst_clk.c 0x00000000   Number         0  mdr32f9qx_rst_clk.o ABSOLUTE
    D:\Keil_v5\ARM\PACK\Keil\MDR1986BExx\2.0.3\Libraries\SPL\MDR32Fx\src\MDR32F9Qx_ssp.c 0x00000000   Number         0  mdr32f9qx_ssp.o ABSOLUTE
    D:\Keil_v5\ARM\PACK\Keil\MDR1986BExx\2.0.3\Libraries\SPL\MDR32Fx\src\MDR32F9Qx_timer.c 0x00000000   Number         0  mdr32f9qx_timer.o ABSOLUTE
    D:\Keil_v5\ARM\PACK\Keil\MDR1986BExx\2.0.3\Libraries\SPL\MDR32Fx\src\MDR32F9Qx_uart.c 0x00000000   Number         0  mdr32f9qx_uart.o ABSOLUTE
    D:\Keil_v5\ARM\PACK\Keil\MDR1986BExx\2.0.3\Libraries\SPL\MDR32Fx\src\MDR32F9Qx_wwdg.c 0x00000000   Number         0  mdr32f9qx_wwdg.o ABSOLUTE
    D:\\Keil_v5\\ARM\\PACK\\Keil\\MDR1986BExx\\2.0.3\\Libraries\\SPL\\MDR32Fx\\src\\MDR32F9Qx_adc.c 0x00000000   Number         0  mdr32f9qx_adc.o ABSOLUTE
    D:\\Keil_v5\\ARM\\PACK\\Keil\\MDR1986BExx\\2.0.3\\Libraries\\SPL\\MDR32Fx\\src\\MDR32F9Qx_dma.c 0x00000000   Number         0  mdr32f9qx_dma.o ABSOLUTE
    D:\\Keil_v5\\ARM\\PACK\\Keil\\MDR1986BExx\\2.0.3\\Libraries\\SPL\\MDR32Fx\\src\\MDR32F9Qx_port.c 0x00000000   Number         0  mdr32f9qx_port.o ABSOLUTE
    D:\\Keil_v5\\ARM\\PACK\\Keil\\MDR1986BExx\\2.0.3\\Libraries\\SPL\\MDR32Fx\\src\\MDR32F9Qx_rst_clk.c 0x00000000   Number         0  mdr32f9qx_rst_clk.o ABSOLUTE
    D:\\Keil_v5\\ARM\\PACK\\Keil\\MDR1986BExx\\2.0.3\\Libraries\\SPL\\MDR32Fx\\src\\MDR32F9Qx_ssp.c 0x00000000   Number         0  mdr32f9qx_ssp.o ABSOLUTE
    D:\\Keil_v5\\ARM\\PACK\\Keil\\MDR1986BExx\\2.0.3\\Libraries\\SPL\\MDR32Fx\\src\\MDR32F9Qx_timer.c 0x00000000   Number         0  mdr32f9qx_timer.o ABSOLUTE
    D:\\Keil_v5\\ARM\\PACK\\Keil\\MDR1986BExx\\2.0.3\\Libraries\\SPL\\MDR32Fx\\src\\MDR32F9Qx_uart.c 0x00000000   Number         0  mdr32f9qx_uart.o ABSOLUTE
    D:\\Keil_v5\\ARM\\PACK\\Keil\\MDR1986BExx\\2.0.3\\Libraries\\SPL\\MDR32Fx\\src\\MDR32F9Qx_wwdg.c 0x00000000   Number         0  mdr32f9qx_wwdg.o ABSOLUTE
    Delay\\delay.cpp                         0x00000000   Number         0  delay.o ABSOLUTE
    Delay\delay.cpp                          0x00000000   Number         0  delay.o ABSOLUTE
    HEF4051\\hef4051.cpp                     0x00000000   Number         0  hef4051.o ABSOLUTE
    HEF4051\hef4051.cpp                      0x00000000   Number         0  hef4051.o ABSOLUTE
    ILI9488\DefaultFonts.c                   0x00000000   Number         0  defaultfonts.o ABSOLUTE
    ILI9488\ILI9488.cpp                      0x00000000   Number         0  ili9488.o ABSOLUTE
    ILI9488\\ILI9488.cpp                     0x00000000   Number         0  ili9488.o ABSOLUTE
    Interrupt\MDR32F9Qx_it.cpp               0x00000000   Number         0  mdr32f9qx_it.o ABSOLUTE
    Interrupt\\MDR32F9Qx_it.cpp              0x00000000   Number         0  mdr32f9qx_it.o ABSOLUTE
    LedInd\\ledInd.cpp                       0x00000000   Number         0  ledind.o ABSOLUTE
    LedInd\ledInd.cpp                        0x00000000   Number         0  ledind.o ABSOLUTE
    MAX31865\MAX31865.cpp                    0x00000000   Number         0  max31865.o ABSOLUTE
    MAX31865\\MAX31865.cpp                   0x00000000   Number         0  max31865.o ABSOLUTE
    Port\\port.cpp                           0x00000000   Number         0  port.o ABSOLUTE
    Port\port.cpp                            0x00000000   Number         0  port.o ABSOLUTE
    RCC\RCC.cpp                              0x00000000   Number         0  rcc.o ABSOLUTE
    RCC\\RCC.cpp                             0x00000000   Number         0  rcc.o ABSOLUTE
    RTE\Device\MDR1986BE1T\system_MDR1986VE1T.c 0x00000000   Number         0  system_mdr1986ve1t.o ABSOLUTE
    RTE\\Device\\MDR1986BE1T\\startup_MDR1986VE1T.S 0x00000000   Number         0  startup_mdr1986ve1t.o ABSOLUTE
    RTE\\Device\\MDR1986BE1T\\system_MDR1986VE1T.c 0x00000000   Number         0  system_mdr1986ve1t.o ABSOLUTE
    Relay\\relay.cpp                         0x00000000   Number         0  relay.o ABSOLUTE
    Relay\relay.cpp                          0x00000000   Number         0  relay.o ABSOLUTE
    TFT_module\TFT_module.cpp                0x00000000   Number         0  tft_module.o ABSOLUTE
    TFT_module\\TFT_module.cpp               0x00000000   Number         0  tft_module.o ABSOLUTE
    Timers\\timers.cpp                       0x00000000   Number         0  timers.o ABSOLUTE
    Timers\timers.cpp                        0x00000000   Number         0  timers.o ABSOLUTE
    TouchScreen\\touchScreen.cpp             0x00000000   Number         0  touchscreen.o ABSOLUTE
    TouchScreen\touchScreen.cpp              0x00000000   Number         0  touchscreen.o ABSOLUTE
    UART\\uart.cpp                           0x00000000   Number         0  uart.o ABSOLUTE
    UART\uart.cpp                            0x00000000   Number         0  uart.o ABSOLUTE
    W25Qxx\W25Qxx.cpp                        0x00000000   Number         0  w25qxx.o ABSOLUTE
    W25Qxx\\W25Qxx.cpp                       0x00000000   Number         0  w25qxx.o ABSOLUTE
    dc.s                                     0x00000000   Number         0  dc.o ABSOLUTE
    main\\main.cpp                           0x00000000   Number         0  main.o ABSOLUTE
    main\main.cpp                            0x00000000   Number         0  main.o ABSOLUTE
    sensorButton\\sensorButton.cpp           0x00000000   Number         0  sensorbutton.o ABSOLUTE
    sensorButton\sensorButton.cpp            0x00000000   Number         0  sensorbutton.o ABSOLUTE
    spi\\spi.cpp                             0x00000000   Number         0  spi.o ABSOLUTE
    spi\spi.cpp                              0x00000000   Number         0  spi.o ABSOLUTE
    !!!main                                  0x000000c0   Section        8  __main.o(!!!main)
    !!!scatter                               0x000000c8   Section       60  __scatter.o(!!!scatter)
    !!handler_copy                           0x00000104   Section       26  __scatter_copy.o(!!handler_copy)
    !!handler_zi                             0x00000120   Section       28  __scatter_zi.o(!!handler_zi)
    .ARM.Collect$$libinit$$00000000          0x0000013c   Section        2  libinit.o(.ARM.Collect$$libinit$$00000000)
    .ARM.Collect$$libinit$$00000002          0x0000013e   Section        0  libinit2.o(.ARM.Collect$$libinit$$00000002)
    .ARM.Collect$$libinit$$00000004          0x0000013e   Section        0  libinit2.o(.ARM.Collect$$libinit$$00000004)
    .ARM.Collect$$libinit$$00000005          0x0000013e   Section        8  libinit2.o(.ARM.Collect$$libinit$$00000005)
    .ARM.Collect$$libinit$$0000000A          0x00000146   Section        0  libinit2.o(.ARM.Collect$$libinit$$0000000A)
    .ARM.Collect$$libinit$$0000000C          0x00000146   Section        0  libinit2.o(.ARM.Collect$$libinit$$0000000C)
    .ARM.Collect$$libinit$$0000000E          0x00000146   Section        0  libinit2.o(.ARM.Collect$$libinit$$0000000E)
    .ARM.Collect$$libinit$$00000011          0x00000146   Section        0  libinit2.o(.ARM.Collect$$libinit$$00000011)
    .ARM.Collect$$libinit$$00000013          0x00000146   Section        0  libinit2.o(.ARM.Collect$$libinit$$00000013)
    .ARM.Collect$$libinit$$00000015          0x00000146   Section        0  libinit2.o(.ARM.Collect$$libinit$$00000015)
    .ARM.Collect$$libinit$$00000017          0x00000146   Section        0  libinit2.o(.ARM.Collect$$libinit$$00000017)
    .ARM.Collect$$libinit$$00000019          0x00000146   Section        0  libinit2.o(.ARM.Collect$$libinit$$00000019)
    .ARM.Collect$$libinit$$0000001B          0x00000146   Section        0  libinit2.o(.ARM.Collect$$libinit$$0000001B)
    .ARM.Collect$$libinit$$0000001D          0x00000146   Section        0  libinit2.o(.ARM.Collect$$libinit$$0000001D)
    .ARM.Collect$$libinit$$0000001F          0x00000146   Section        0  libinit2.o(.ARM.Collect$$libinit$$0000001F)
    .ARM.Collect$$libinit$$00000021          0x00000146   Section        0  libinit2.o(.ARM.Collect$$libinit$$00000021)
    .ARM.Collect$$libinit$$00000023          0x00000146   Section        0  libinit2.o(.ARM.Collect$$libinit$$00000023)
    .ARM.Collect$$libinit$$00000025          0x00000146   Section        0  libinit2.o(.ARM.Collect$$libinit$$00000025)
    .ARM.Collect$$libinit$$0000002C          0x00000146   Section        0  libinit2.o(.ARM.Collect$$libinit$$0000002C)
    .ARM.Collect$$libinit$$0000002E          0x00000146   Section        0  libinit2.o(.ARM.Collect$$libinit$$0000002E)
    .ARM.Collect$$libinit$$00000030          0x00000146   Section        0  libinit2.o(.ARM.Collect$$libinit$$00000030)
    .ARM.Collect$$libinit$$00000032          0x00000146   Section        0  libinit2.o(.ARM.Collect$$libinit$$00000032)
    .ARM.Collect$$libinit$$00000033          0x00000146   Section        2  libinit2.o(.ARM.Collect$$libinit$$00000033)
    .ARM.Collect$$libshutdown$$00000000      0x00000148   Section        2  libshutdown.o(.ARM.Collect$$libshutdown$$00000000)
    .ARM.Collect$$libshutdown$$00000002      0x0000014a   Section        0  libshutdown2.o(.ARM.Collect$$libshutdown$$00000002)
    .ARM.Collect$$libshutdown$$00000004      0x0000014a   Section        0  libshutdown2.o(.ARM.Collect$$libshutdown$$00000004)
    .ARM.Collect$$libshutdown$$00000007      0x0000014a   Section        0  libshutdown2.o(.ARM.Collect$$libshutdown$$00000007)
    .ARM.Collect$$libshutdown$$0000000A      0x0000014a   Section        0  libshutdown2.o(.ARM.Collect$$libshutdown$$0000000A)
    .ARM.Collect$$libshutdown$$0000000C      0x0000014a   Section        0  libshutdown2.o(.ARM.Collect$$libshutdown$$0000000C)
    .ARM.Collect$$libshutdown$$0000000F      0x0000014a   Section        0  libshutdown2.o(.ARM.Collect$$libshutdown$$0000000F)
    .ARM.Collect$$libshutdown$$00000010      0x0000014a   Section        2  libshutdown2.o(.ARM.Collect$$libshutdown$$00000010)
    .ARM.Collect$$rtentry$$00000000          0x0000014c   Section        0  __rtentry.o(.ARM.Collect$$rtentry$$00000000)
    .ARM.Collect$$rtentry$$00000002          0x0000014c   Section        0  __rtentry2.o(.ARM.Collect$$rtentry$$00000002)
    .ARM.Collect$$rtentry$$00000004          0x0000014c   Section        6  __rtentry4.o(.ARM.Collect$$rtentry$$00000004)
    .ARM.Collect$$rtentry$$00000009          0x00000152   Section        0  __rtentry2.o(.ARM.Collect$$rtentry$$00000009)
    .ARM.Collect$$rtentry$$0000000A          0x00000152   Section        4  __rtentry2.o(.ARM.Collect$$rtentry$$0000000A)
    .ARM.Collect$$rtentry$$0000000C          0x00000156   Section        0  __rtentry2.o(.ARM.Collect$$rtentry$$0000000C)
    .ARM.Collect$$rtentry$$0000000D          0x00000156   Section        8  __rtentry2.o(.ARM.Collect$$rtentry$$0000000D)
    .ARM.Collect$$rtexit$$00000000           0x0000015e   Section        2  rtexit.o(.ARM.Collect$$rtexit$$00000000)
    .ARM.Collect$$rtexit$$00000002           0x00000160   Section        0  rtexit2.o(.ARM.Collect$$rtexit$$00000002)
    .ARM.Collect$$rtexit$$00000003           0x00000160   Section        4  rtexit2.o(.ARM.Collect$$rtexit$$00000003)
    .ARM.Collect$$rtexit$$00000004           0x00000164   Section        6  rtexit2.o(.ARM.Collect$$rtexit$$00000004)
    .emb_text                                0x0000016c   Section       56  rt_memcpy.o(.emb_text)
    .emb_text                                0x000001a4   Section        0  maybetermalloc1.o(.emb_text)
    .text                                    0x000001a4   Section      116  startup_mdr1986ve1t.o(.text)
    .text                                    0x00000218   Section        0  rt_memcpy.o(.text)
    .text                                    0x0000029a   Section      346  aeabi_sdiv.o(.text)
    .text                                    0x000003f4   Section        0  heapauxi.o(.text)
    .text                                    0x000003fc   Section        8  rt_new_handler_addr_intlibspace.o(.text)
    .text                                    0x00000404   Section        0  h1_alloc.o(.text)
    .text                                    0x00000466   Section        0  arm_newhandler_noexceptions.o(.text)
    .text                                    0x00000470   Section        8  libspace.o(.text)
    .text                                    0x00000478   Section        8  rt_heap_descriptor_intlibspace.o(.text)
    .text                                    0x00000480   Section        0  hguard.o(.text)
    .text                                    0x00000484   Section        0  init_alloc.o(.text)
    .text                                    0x0000050c   Section        0  h1_init.o(.text)
    .text                                    0x0000051a   Section        0  h1_free.o(.text)
    .text                                    0x00000566   Section        0  arm_exceptions_terminate.o(.text)
    .text                                    0x00000582   Section       62  sys_stackheap_outer.o(.text)
    .text                                    0x000005c0   Section        0  h1_extend.o(.text)
    .text                                    0x000005f4   Section        0  exit.o(.text)
    .text                                    0x00000604   Section        0  abort.o(.text)
    .text                                    0x00000618   Section        0  defsig_rtmem_outer.o(.text)
    .text                                    0x00000624   Section        0  arm_exceptions_globs.o(.text)
    [local to arm_exceptions_c]::__default_terminate_handler() 0x00000625   Thumb Code     6  arm_exceptions_globs.o(.text)
    .text                                    0x00000678   Section        0  sys_exit.o(.text)
    .text                                    0x00000684   Section        2  use_no_semi.o(.text)
    .text                                    0x00000686   Section        0  indicate_semi.o(.text)
    .text                                    0x00000688   Section        8  rt_eh_globals_addr_intlibspace.o(.text)
    .text                                    0x00000690   Section        0  defsig_exit.o(.text)
    .text                                    0x0000069c   Section        0  defsig_abrt_outer.o(.text)
    .text                                    0x000006a8   Section        0  defsig_rtmem_inner.o(.text)
    .text                                    0x000006f8   Section        0  arm_exceptions_mem.o(.text)
    .text                                    0x0000073a   Section        0  defsig_general.o(.text)
    .text                                    0x00000770   Section        0  defsig_abrt_inner.o(.text)
    .text                                    0x000007a0   Section        0  sys_wrch.o(.text)
    i.ADC_IRQHandler                         0x000007ac   Section        0  mdr32f9qx_it.o(i.ADC_IRQHandler)
    i.CAN1_IRQHandler                        0x000007ae   Section        0  mdr32f9qx_it.o(i.CAN1_IRQHandler)
    i.CAN2_IRQHandler                        0x000007b0   Section        0  mdr32f9qx_it.o(i.CAN2_IRQHandler)
    i.EXT_INT1_IRQHandler                    0x000007b2   Section        0  mdr32f9qx_it.o(i.EXT_INT1_IRQHandler)
    i.EXT_INT2_IRQHandler                    0x000007b4   Section        0  mdr32f9qx_it.o(i.EXT_INT2_IRQHandler)
    i.EXT_INT3_IRQHandler                    0x000007b6   Section        0  mdr32f9qx_it.o(i.EXT_INT3_IRQHandler)
    i.EXT_INT4_IRQHandler                    0x000007b8   Section        0  mdr32f9qx_it.o(i.EXT_INT4_IRQHandler)
    i.HardFault_Handler                      0x000007bc   Section        0  mdr32f9qx_it.o(i.HardFault_Handler)
    i.NMI_Handler                            0x000007dc   Section        0  mdr32f9qx_it.o(i.NMI_Handler)
    i.PORT_Init                              0x000007e0   Section        0  mdr32f9qx_port.o(i.PORT_Init)
    i.PORT_StructInit                        0x000008c4   Section        0  mdr32f9qx_port.o(i.PORT_StructInit)
    i.POWER_IRQHandler                       0x000008e0   Section        0  mdr32f9qx_it.o(i.POWER_IRQHandler)
    i.PendSV_Handler                         0x000008e2   Section        0  mdr32f9qx_it.o(i.PendSV_Handler)
    i.RST_CLK_PCLKcmd                        0x000008e4   Section        0  mdr32f9qx_rst_clk.o(i.RST_CLK_PCLKcmd)
    i.SSP1_IRQHandler                        0x00000904   Section        0  mdr32f9qx_it.o(i.SSP1_IRQHandler)
    i.SSP2_IRQHandler                        0x00000906   Section        0  mdr32f9qx_it.o(i.SSP2_IRQHandler)
    i.SSP_BRGInit                            0x00000908   Section        0  mdr32f9qx_ssp.o(i.SSP_BRGInit)
    i.SSP_Cmd                                0x00000974   Section        0  mdr32f9qx_ssp.o(i.SSP_Cmd)
    i.SSP_GetFlagStatus                      0x00000990   Section        0  mdr32f9qx_ssp.o(i.SSP_GetFlagStatus)
    i.SSP_Init                               0x000009a2   Section        0  mdr32f9qx_ssp.o(i.SSP_Init)
    i.SSP_ReceiveData                        0x000009c8   Section        0  mdr32f9qx_ssp.o(i.SSP_ReceiveData)
    i.SSP_SendData                           0x000009d0   Section        0  mdr32f9qx_ssp.o(i.SSP_SendData)
    i.SSP_StructInit                         0x000009d4   Section        0  mdr32f9qx_ssp.o(i.SSP_StructInit)
    i.SVC_Handler                            0x000009f0   Section        0  mdr32f9qx_it.o(i.SVC_Handler)
    i.SysTick_Handler                        0x000009f4   Section        0  mdr32f9qx_it.o(i.SysTick_Handler)
    i.SystemCoreClockUpdate                  0x00000a0c   Section        0  system_mdr1986ve1t.o(i.SystemCoreClockUpdate)
    i.SystemInit                             0x00000aac   Section        0  system_mdr1986ve1t.o(i.SystemInit)
    i.TIMER1_IRQHandler                      0x00000ad8   Section        0  mdr32f9qx_it.o(i.TIMER1_IRQHandler)
    i.UART1_IRQHandler                       0x00000ada   Section        0  mdr32f9qx_it.o(i.UART1_IRQHandler)
    i.UART2_IRQHandler                       0x00000adc   Section        0  mdr32f9qx_it.o(i.UART2_IRQHandler)
    i.USB_IRQHandler                         0x00000ade   Section        0  mdr32f9qx_it.o(i.USB_IRQHandler)
    i.W25qxx_EraseSector                     0x00000ae0   Section        0  w25qxx.o(i.W25qxx_EraseSector)
    i.W25qxx_Init                            0x00000b78   Section        0  w25qxx.o(i.W25qxx_Init)
    i.W25qxx_PageToSector                    0x00000cd0   Section        0  w25qxx.o(i.W25qxx_PageToSector)
    i.W25qxx_ReadPage                        0x00000ce8   Section        0  w25qxx.o(i.W25qxx_ReadPage)
    i.W25qxx_ResetChip                       0x00000dd4   Section        0  w25qxx.o(i.W25qxx_ResetChip)
    i.W25qxx_WritePage                       0x00000e28   Section        0  w25qxx.o(i.W25qxx_WritePage)
    i.WWDG_IRQHandler                        0x00000f10   Section        0  mdr32f9qx_it.o(i.WWDG_IRQHandler)
    i._Z10W25qxx_Spih                        0x00000f14   Section        0  w25qxx.o(i._Z10W25qxx_Spih)
    i._Z13W25qxx_ReadIDv                     0x00000f40   Section        0  w25qxx.o(i._Z13W25qxx_ReadIDv)
    i._Z15HAL_SPI_ReceiveP15MDR_SSP_TypeDefPhtt 0x00000f90   Section        0  w25qxx.o(i._Z15HAL_SPI_ReceiveP15MDR_SSP_TypeDefPhtt)
    i._Z16HAL_SPI_TransmitP15MDR_SSP_TypeDefPhtt 0x00000fcc   Section        0  w25qxx.o(i._Z16HAL_SPI_TransmitP15MDR_SSP_TypeDefPhtt)
    i._Z16NVIC_SetPriority4IRQnj             0x00001010   Section        0  delay.o(i._Z16NVIC_SetPriority4IRQnj)
    NVIC_SetPriority(IRQn, unsigned)         0x00001011   Thumb Code   110  delay.o(i._Z16NVIC_SetPriority4IRQnj)
    i._Z17W25qxx_ReadUniqIDv                 0x00001088   Section        0  w25qxx.o(i._Z17W25qxx_ReadUniqIDv)
    i._Z18W25qxx_WriteEnablev                0x000010d8   Section        0  w25qxx.o(i._Z18W25qxx_WriteEnablev)
    i._Z21W25qxx_SPI_EnableSS_mP16MDR_PORT_TypeDeft 0x00001108   Section        0  w25qxx.o(i._Z21W25qxx_SPI_EnableSS_mP16MDR_PORT_TypeDeft)
    i._Z22W25qxx_SPI_DisableSS_mP16MDR_PORT_TypeDeft 0x00001114   Section        0  w25qxx.o(i._Z22W25qxx_SPI_DisableSS_mP16MDR_PORT_TypeDeft)
    i._Z22W25qxx_WaitForWriteEndv            0x00001120   Section        0  w25qxx.o(i._Z22W25qxx_WaitForWriteEndv)
    i._Z25W25qxx_ReadStatusRegisterh         0x00001178   Section        0  w25qxx.o(i._Z25W25qxx_ReadStatusRegisterh)
    i._ZN3SPI4initEh                         0x000011e0   Section        0  spi.o(i._ZN3SPI4initEh)
    i._ZN3SPI8initPortEP16MDR_PORT_TypeDefttt17PORT_FUNC_TypeDef 0x00001288   Section        0  spi.o(i._ZN3SPI8initPortEP16MDR_PORT_TypeDefttt17PORT_FUNC_TypeDef)
    i._ZN3SPIC1EP15MDR_SSP_TypeDefP16MDR_PORT_TypeDefttth17PORT_FUNC_TypeDef 0x00001320   Section        0  spi.o(i._ZN3SPIC1EP15MDR_SSP_TypeDefP16MDR_PORT_TypeDefttth17PORT_FUNC_TypeDef)
    i._ZN5DELAY8delay_msEj                   0x00001354   Section        0  delay.o(i._ZN5DELAY8delay_msEj)
    i._ZN5DELAY9delayInitEv                  0x00001368   Section        0  delay.o(i._ZN5DELAY9delayInitEv)
    i._ZN5DELAYC1Ev                          0x000013b0   Section        0  delay.o(i._ZN5DELAYC1Ev)
    i._ZN9PortMapIO10enablePortEv            0x000013c8   Section        0  port.o(i._ZN9PortMapIO10enablePortEv)
    i._ZN9PortMapIO11fullInitPinE15PORT_OE_TypeDef20PORT_PULL_UP_TypeDef22PORT_PULL_DOWN_TypeDef19PORT_PD_SHM_TypeDef15PORT_PD_TypeDef17PORT_GFEN_TypeDef17PORT_FUNC_TypeDef18PORT_SPEED_TypeDef17PORT_MODE_TypeDef 0x00001448   Section        0  port.o(i._ZN9PortMapIO11fullInitPinE15PORT_OE_TypeDef20PORT_PULL_UP_TypeDef22PORT_PULL_DOWN_TypeDef19PORT_PD_SHM_TypeDef15PORT_PD_TypeDef17PORT_GFEN_TypeDef17PORT_FUNC_TypeDef18PORT_SPEED_TypeDef17PORT_MODE_TypeDef)
    i._ZN9PortMapIO4initEv                   0x00001486   Section        0  port.o(i._ZN9PortMapIO4initEv)
    i._ZN9PortMapIOC1EP16MDR_PORT_TypeDeft   0x000014c8   Section        0  port.o(i._ZN9PortMapIOC1EP16MDR_PORT_TypeDeft)
    i._ZN9PortMapIOC1EP16MDR_PORT_TypeDeft15PORT_OE_TypeDef20PORT_PULL_UP_TypeDef22PORT_PULL_DOWN_TypeDef19PORT_PD_SHM_TypeDef15PORT_PD_TypeDef17PORT_GFEN_TypeDef17PORT_FUNC_TypeDef18PORT_SPEED_TypeDef17PORT_MODE_TypeDef 0x000014de   Section        0  port.o(i._ZN9PortMapIOC1EP16MDR_PORT_TypeDeft15PORT_OE_TypeDef20PORT_PULL_UP_TypeDef22PORT_PULL_DOWN_TypeDef19PORT_PD_SHM_TypeDef15PORT_PD_TypeDef17PORT_GFEN_TypeDef17PORT_FUNC_TypeDef18PORT_SPEED_TypeDef17PORT_MODE_TypeDef)
    i._ZN9PortMapIOC1Ev                      0x0000151e   Section        0  port.o(i._ZN9PortMapIOC1Ev)
    i._Znwj                                  0x00001520   Section        0  new.o(i._Znwj)
    i.__ARM_common_switch8                   0x00001548   Section        0  ledind.o(i.__ARM_common_switch8)
    i.main                                   0x00001564   Section        0  main.o(i.main)
    .data                                    0x20000000   Section       17  main.o(.data)
    .data                                    0x20000014   Section        4  delay.o(.data)
    .data                                    0x20000018   Section        4  system_mdr1986ve1t.o(.data)
    .bss                                     0x2000001c   Section      768  main.o(.bss)
    .bss                                     0x2000031c   Section     1064  w25qxx.o(.bss)
    .bss                                     0x20000744   Section       96  libspace.o(.bss)
    HEAP                                     0x200007a8   Section     4096  startup_mdr1986ve1t.o(HEAP)
    Heap_Mem                                 0x200007a8   Data        4096  startup_mdr1986ve1t.o(HEAP)
    STACK                                    0x200017a8   Section     4096  startup_mdr1986ve1t.o(STACK)
    Stack_Mem                                0x200017a8   Data        4096  startup_mdr1986ve1t.o(STACK)
    __initial_sp                             0x200027a8   Data           0  startup_mdr1986ve1t.o(STACK)

    Global Symbols

    Symbol Name                              Value     Ov Type        Size  Object(Section)

    BuildAttributes$$THM_ISAv3M$S$PE$A:L22$X:L11$S22$IEEE1$IW$USESV6$~STKCKD$USESV7$~SHL$OTIME$ROPI$IEEEJ$EBA8$UX$STANDARDLIB$REQ8$PRES8$EABIv2 0x00000000   Number         0  anon$$obj.o ABSOLUTE
    __ARM_use_no_argv                        0x00000000   Number         0  main.o ABSOLUTE
    __Vectors                                0x00000000   Data           4  startup_mdr1986ve1t.o(RESET)
    SHT$$ARM_EXIDX$$Base                      - Undefined Reference
    SHT$$ARM_EXIDX$$Limit                     - Undefined Reference
    __ARM::default_unexpected_handler()       - Undefined Weak Reference
    __ARM_exceptions_buffer_required          - Undefined Weak Reference
    __ARM_exceptions_init                     - Undefined Weak Reference
    __aeabi_unwind_cpp_pr1                    - Undefined Weak Reference
    __aeabi_unwind_cpp_pr2                    - Undefined Weak Reference
    __alloca_initialize                       - Undefined Weak Reference
    __arm_preinit_                            - Undefined Weak Reference
    __cpp_initialize__aeabi_                  - Undefined Weak Reference
    __cxa_begin_cleanup                       - Undefined Weak Reference
    __cxa_finalize                            - Undefined Weak Reference
    __cxa_type_match                          - Undefined Weak Reference
    __rt_locale                               - Undefined Weak Reference
    __sigvec_lookup                           - Undefined Weak Reference
    __user_heap_extent                        - Undefined Weak Reference
    _atexit_init                              - Undefined Weak Reference
    _call_atexit_fns                          - Undefined Weak Reference
    _clock_init                               - Undefined Weak Reference
    _fp_trap_init                             - Undefined Weak Reference
    _fp_trap_shutdown                         - Undefined Weak Reference
    _get_lc_collate                           - Undefined Weak Reference
    _get_lc_ctype                             - Undefined Weak Reference
    _get_lc_monetary                          - Undefined Weak Reference
    _get_lc_numeric                           - Undefined Weak Reference
    _get_lc_time                              - Undefined Weak Reference
    _getenv_init                              - Undefined Weak Reference
    _handle_redirection                       - Undefined Weak Reference
    _initio                                   - Undefined Weak Reference
    _mutex_acquire                            - Undefined Weak Reference
    _mutex_free                               - Undefined Weak Reference
    _mutex_release                            - Undefined Weak Reference
    _rand_init                                - Undefined Weak Reference
    _signal_finish                            - Undefined Weak Reference
    _signal_init                              - Undefined Weak Reference
    _terminateio                              - Undefined Weak Reference
    __main                                   0x000000c1   Thumb Code     8  __main.o(!!!main)
    __scatterload                            0x000000c9   Thumb Code     0  __scatter.o(!!!scatter)
    __scatterload_rt2                        0x000000c9   Thumb Code    52  __scatter.o(!!!scatter)
    __scatterload_rt2_thumb_only             0x000000c9   Thumb Code     0  __scatter.o(!!!scatter)
    __scatterload_null                       0x000000d9   Thumb Code     0  __scatter.o(!!!scatter)
    __scatterload_copy                       0x00000105   Thumb Code    26  __scatter_copy.o(!!handler_copy)
    __scatterload_zeroinit                   0x00000121   Thumb Code    28  __scatter_zi.o(!!handler_zi)
    __rt_lib_init                            0x0000013d   Thumb Code     0  libinit.o(.ARM.Collect$$libinit$$00000000)
    __rt_lib_init_fp_1                       0x0000013f   Thumb Code     0  libinit2.o(.ARM.Collect$$libinit$$00000002)
    __rt_lib_init_heap_2                     0x0000013f   Thumb Code     0  libinit2.o(.ARM.Collect$$libinit$$00000005)
    __rt_lib_init_preinit_1                  0x0000013f   Thumb Code     0  libinit2.o(.ARM.Collect$$libinit$$00000004)
    __rt_lib_init_alloca_1                   0x00000147   Thumb Code     0  libinit2.o(.ARM.Collect$$libinit$$0000002E)
    __rt_lib_init_argv_1                     0x00000147   Thumb Code     0  libinit2.o(.ARM.Collect$$libinit$$0000002C)
    __rt_lib_init_atexit_1                   0x00000147   Thumb Code     0  libinit2.o(.ARM.Collect$$libinit$$0000001B)
    __rt_lib_init_clock_1                    0x00000147   Thumb Code     0  libinit2.o(.ARM.Collect$$libinit$$00000021)
    __rt_lib_init_cpp_1                      0x00000147   Thumb Code     0  libinit2.o(.ARM.Collect$$libinit$$00000032)
    __rt_lib_init_exceptions_1               0x00000147   Thumb Code     0  libinit2.o(.ARM.Collect$$libinit$$00000030)
    __rt_lib_init_fp_trap_1                  0x00000147   Thumb Code     0  libinit2.o(.ARM.Collect$$libinit$$0000001F)
    __rt_lib_init_getenv_1                   0x00000147   Thumb Code     0  libinit2.o(.ARM.Collect$$libinit$$00000023)
    __rt_lib_init_heap_1                     0x00000147   Thumb Code     0  libinit2.o(.ARM.Collect$$libinit$$0000000A)
    __rt_lib_init_lc_collate_1               0x00000147   Thumb Code     0  libinit2.o(.ARM.Collect$$libinit$$00000011)
    __rt_lib_init_lc_ctype_1                 0x00000147   Thumb Code     0  libinit2.o(.ARM.Collect$$libinit$$00000013)
    __rt_lib_init_lc_monetary_1              0x00000147   Thumb Code     0  libinit2.o(.ARM.Collect$$libinit$$00000015)
    __rt_lib_init_lc_numeric_1               0x00000147   Thumb Code     0  libinit2.o(.ARM.Collect$$libinit$$00000017)
    __rt_lib_init_lc_time_1                  0x00000147   Thumb Code     0  libinit2.o(.ARM.Collect$$libinit$$00000019)
    __rt_lib_init_rand_1                     0x00000147   Thumb Code     0  libinit2.o(.ARM.Collect$$libinit$$0000000E)
    __rt_lib_init_return                     0x00000147   Thumb Code     0  libinit2.o(.ARM.Collect$$libinit$$00000033)
    __rt_lib_init_signal_1                   0x00000147   Thumb Code     0  libinit2.o(.ARM.Collect$$libinit$$0000001D)
    __rt_lib_init_stdio_1                    0x00000147   Thumb Code     0  libinit2.o(.ARM.Collect$$libinit$$00000025)
    __rt_lib_init_user_alloc_1               0x00000147   Thumb Code     0  libinit2.o(.ARM.Collect$$libinit$$0000000C)
    __rt_lib_shutdown                        0x00000149   Thumb Code     0  libshutdown.o(.ARM.Collect$$libshutdown$$00000000)
    __rt_lib_shutdown_cpp_1                  0x0000014b   Thumb Code     0  libshutdown2.o(.ARM.Collect$$libshutdown$$00000002)
    __rt_lib_shutdown_fp_trap_1              0x0000014b   Thumb Code     0  libshutdown2.o(.ARM.Collect$$libshutdown$$00000007)
    __rt_lib_shutdown_heap_1                 0x0000014b   Thumb Code     0  libshutdown2.o(.ARM.Collect$$libshutdown$$0000000F)
    __rt_lib_shutdown_return                 0x0000014b   Thumb Code     0  libshutdown2.o(.ARM.Collect$$libshutdown$$00000010)
    __rt_lib_shutdown_signal_1               0x0000014b   Thumb Code     0  libshutdown2.o(.ARM.Collect$$libshutdown$$0000000A)
    __rt_lib_shutdown_stdio_1                0x0000014b   Thumb Code     0  libshutdown2.o(.ARM.Collect$$libshutdown$$00000004)
    __rt_lib_shutdown_user_alloc_1           0x0000014b   Thumb Code     0  libshutdown2.o(.ARM.Collect$$libshutdown$$0000000C)
    __rt_entry                               0x0000014d   Thumb Code     0  __rtentry.o(.ARM.Collect$$rtentry$$00000000)
    __rt_entry_presh_1                       0x0000014d   Thumb Code     0  __rtentry2.o(.ARM.Collect$$rtentry$$00000002)
    __rt_entry_sh                            0x0000014d   Thumb Code     0  __rtentry4.o(.ARM.Collect$$rtentry$$00000004)
    __rt_entry_li                            0x00000153   Thumb Code     0  __rtentry2.o(.ARM.Collect$$rtentry$$0000000A)
    __rt_entry_postsh_1                      0x00000153   Thumb Code     0  __rtentry2.o(.ARM.Collect$$rtentry$$00000009)
    __rt_entry_main                          0x00000157   Thumb Code     0  __rtentry2.o(.ARM.Collect$$rtentry$$0000000D)
    __rt_entry_postli_1                      0x00000157   Thumb Code     0  __rtentry2.o(.ARM.Collect$$rtentry$$0000000C)
    __rt_exit                                0x0000015f   Thumb Code     0  rtexit.o(.ARM.Collect$$rtexit$$00000000)
    __rt_exit_ls                             0x00000161   Thumb Code     0  rtexit2.o(.ARM.Collect$$rtexit$$00000003)
    __rt_exit_prels_1                        0x00000161   Thumb Code     0  rtexit2.o(.ARM.Collect$$rtexit$$00000002)
    __rt_exit_exit                           0x00000165   Thumb Code     0  rtexit2.o(.ARM.Collect$$rtexit$$00000004)
    __aeabi_memcpy4                          0x0000016d   Thumb Code    56  rt_memcpy.o(.emb_text)
    __aeabi_memcpy8                          0x0000016d   Thumb Code     0  rt_memcpy.o(.emb_text)
    Reset_Handler                            0x000001a5   Thumb Code     8  startup_mdr1986ve1t.o(.text)
    _maybe_terminate_alloc                   0x000001a5   Thumb Code     0  maybetermalloc1.o(.emb_text)
    MIL_STD_1553B2_IRQHandler                0x000001b7   Thumb Code     2  startup_mdr1986ve1t.o(.text)
    MIL_STD_1553B1_IRQHandler                0x000001b9   Thumb Code     2  startup_mdr1986ve1t.o(.text)
    DMA_IRQHandler                           0x000001c1   Thumb Code     2  startup_mdr1986ve1t.o(.text)
    BUSY_IRQHandler                          0x000001c9   Thumb Code     2  startup_mdr1986ve1t.o(.text)
    ARINC429R_IRQHandler                     0x000001cb   Thumb Code     2  startup_mdr1986ve1t.o(.text)
    TIMER4_IRQHandler                        0x000001d1   Thumb Code     2  startup_mdr1986ve1t.o(.text)
    TIMER2_IRQHandler                        0x000001d5   Thumb Code     2  startup_mdr1986ve1t.o(.text)
    TIMER3_IRQHandler                        0x000001d7   Thumb Code     2  startup_mdr1986ve1t.o(.text)
    ETHERNET_IRQHandler                      0x000001db   Thumb Code     2  startup_mdr1986ve1t.o(.text)
    SSP3_IRQHandler                          0x000001dd   Thumb Code     2  startup_mdr1986ve1t.o(.text)
    ARINC429T1_IRQHandler                    0x000001e1   Thumb Code     2  startup_mdr1986ve1t.o(.text)
    ARINC429T2_IRQHandler                    0x000001e3   Thumb Code     2  startup_mdr1986ve1t.o(.text)
    ARINC429T3_IRQHandler                    0x000001e5   Thumb Code     2  startup_mdr1986ve1t.o(.text)
    ARINC429T4_IRQHandler                    0x000001e7   Thumb Code     2  startup_mdr1986ve1t.o(.text)
    BKP_IRQHandler                           0x000001e9   Thumb Code     2  startup_mdr1986ve1t.o(.text)
    __user_initial_stackheap                 0x000001f5   Thumb Code     0  startup_mdr1986ve1t.o(.text)
    __aeabi_memcpy                           0x00000219   Thumb Code   130  rt_memcpy.o(.text)
    __rt_memcpy                              0x00000219   Thumb Code     0  rt_memcpy.o(.text)
    __aeabi_uidiv                            0x0000029b   Thumb Code     0  aeabi_sdiv.o(.text)
    __aeabi_uidivmod                         0x0000029b   Thumb Code    20  aeabi_sdiv.o(.text)
    __aeabi_idiv                             0x000002af   Thumb Code     0  aeabi_sdiv.o(.text)
    __aeabi_idivmod                          0x000002af   Thumb Code   326  aeabi_sdiv.o(.text)
    __use_two_region_memory                  0x000003f5   Thumb Code     2  heapauxi.o(.text)
    __rt_heap_escrow                         0x000003f7   Thumb Code     2  heapauxi.o(.text)
    __rt_heap_expand                         0x000003f9   Thumb Code     2  heapauxi.o(.text)
    __rt_new_handler_addr                    0x000003fd   Thumb Code     8  rt_new_handler_addr_intlibspace.o(.text)
    malloc                                   0x00000405   Thumb Code    98  h1_alloc.o(.text)
    __default_new_handler()                  0x00000467   Thumb Code     8  arm_newhandler_noexceptions.o(.text)
    __user_libspace                          0x00000471   Thumb Code     8  libspace.o(.text)
    __user_perproc_libspace                  0x00000471   Thumb Code     0  libspace.o(.text)
    __user_perthread_libspace                0x00000471   Thumb Code     0  libspace.o(.text)
    __rt_heap_descriptor                     0x00000479   Thumb Code     8  rt_heap_descriptor_intlibspace.o(.text)
    __use_no_heap                            0x00000481   Thumb Code     2  hguard.o(.text)
    __heap$guard                             0x00000483   Thumb Code     2  hguard.o(.text)
    _terminate_user_alloc                    0x00000485   Thumb Code     2  init_alloc.o(.text)
    _init_user_alloc                         0x00000487   Thumb Code     2  init_alloc.o(.text)
    __Heap_Full                              0x00000489   Thumb Code    32  init_alloc.o(.text)
    __Heap_Broken                            0x000004a9   Thumb Code    10  init_alloc.o(.text)
    _init_alloc                              0x000004b3   Thumb Code    90  init_alloc.o(.text)
    __Heap_Initialize                        0x0000050d   Thumb Code    10  h1_init.o(.text)
    __Heap_DescSize                          0x00000517   Thumb Code     4  h1_init.o(.text)
    free                                     0x0000051b   Thumb Code    76  h1_free.o(.text)
    std::terminate()                         0x00000567   Thumb Code    28  arm_exceptions_terminate.o(.text)
    __user_setup_stackheap                   0x00000583   Thumb Code    62  sys_stackheap_outer.o(.text)
    __Heap_ProvideMemory                     0x000005c1   Thumb Code    52  h1_extend.o(.text)
    exit                                     0x000005f5   Thumb Code    16  exit.o(.text)
    abort                                    0x00000605   Thumb Code    20  abort.o(.text)
    __rt_SIGRTMEM                            0x00000619   Thumb Code    12  defsig_rtmem_outer.o(.text)
    __cxa_get_globals                        0x0000062b   Thumb Code    66  arm_exceptions_globs.o(.text)
    _sys_exit                                0x00000679   Thumb Code     8  sys_exit.o(.text)
    __I$use$semihosting                      0x00000685   Thumb Code     0  use_no_semi.o(.text)
    __use_no_semihosting_swi                 0x00000685   Thumb Code     2  use_no_semi.o(.text)
    __semihosting_library_function           0x00000687   Thumb Code     0  indicate_semi.o(.text)
    __rt_eh_globals_addr                     0x00000689   Thumb Code     8  rt_eh_globals_addr_intlibspace.o(.text)
    __sig_exit                               0x00000691   Thumb Code    12  defsig_exit.o(.text)
    __rt_SIGABRT                             0x0000069d   Thumb Code    12  defsig_abrt_outer.o(.text)
    __rt_SIGRTMEM_inner                      0x000006a9   Thumb Code    22  defsig_rtmem_inner.o(.text)
    __ARM_exceptions_buffer_init             0x000006f9   Thumb Code    18  arm_exceptions_mem.o(.text)
    __ARM_exceptions_buffer_allocate         0x0000070b   Thumb Code    26  arm_exceptions_mem.o(.text)
    __ARM_exceptions_buffer_free             0x00000725   Thumb Code    22  arm_exceptions_mem.o(.text)
    __default_signal_display                 0x0000073b   Thumb Code    52  defsig_general.o(.text)
    __rt_SIGABRT_inner                       0x00000771   Thumb Code    14  defsig_abrt_inner.o(.text)
    _ttywrch                                 0x000007a1   Thumb Code    12  sys_wrch.o(.text)
    ADC_IRQHandler                           0x000007ad   Thumb Code     2  mdr32f9qx_it.o(i.ADC_IRQHandler)
    CAN1_IRQHandler                          0x000007af   Thumb Code     2  mdr32f9qx_it.o(i.CAN1_IRQHandler)
    CAN2_IRQHandler                          0x000007b1   Thumb Code     2  mdr32f9qx_it.o(i.CAN2_IRQHandler)
    EXT_INT1_IRQHandler                      0x000007b3   Thumb Code     2  mdr32f9qx_it.o(i.EXT_INT1_IRQHandler)
    EXT_INT2_IRQHandler                      0x000007b5   Thumb Code     2  mdr32f9qx_it.o(i.EXT_INT2_IRQHandler)
    EXT_INT3_IRQHandler                      0x000007b7   Thumb Code     2  mdr32f9qx_it.o(i.EXT_INT3_IRQHandler)
    EXT_INT4_IRQHandler                      0x000007b9   Thumb Code     2  mdr32f9qx_it.o(i.EXT_INT4_IRQHandler)
    HardFault_Handler                        0x000007bd   Thumb Code    22  mdr32f9qx_it.o(i.HardFault_Handler)
    NMI_Handler                              0x000007dd   Thumb Code     2  mdr32f9qx_it.o(i.NMI_Handler)
    PORT_Init                                0x000007e1   Thumb Code   222  mdr32f9qx_port.o(i.PORT_Init)
    PORT_StructInit                          0x000008c5   Thumb Code    28  mdr32f9qx_port.o(i.PORT_StructInit)
    POWER_IRQHandler                         0x000008e1   Thumb Code     2  mdr32f9qx_it.o(i.POWER_IRQHandler)
    PendSV_Handler                           0x000008e3   Thumb Code     2  mdr32f9qx_it.o(i.PendSV_Handler)
    RST_CLK_PCLKcmd                          0x000008e5   Thumb Code    28  mdr32f9qx_rst_clk.o(i.RST_CLK_PCLKcmd)
    SSP1_IRQHandler                          0x00000905   Thumb Code     2  mdr32f9qx_it.o(i.SSP1_IRQHandler)
    SSP2_IRQHandler                          0x00000907   Thumb Code     2  mdr32f9qx_it.o(i.SSP2_IRQHandler)
    SSP_BRGInit                              0x00000909   Thumb Code    90  mdr32f9qx_ssp.o(i.SSP_BRGInit)
    SSP_Cmd                                  0x00000975   Thumb Code    24  mdr32f9qx_ssp.o(i.SSP_Cmd)
    SSP_GetFlagStatus                        0x00000991   Thumb Code    18  mdr32f9qx_ssp.o(i.SSP_GetFlagStatus)
    SSP_Init                                 0x000009a3   Thumb Code    38  mdr32f9qx_ssp.o(i.SSP_Init)
    SSP_ReceiveData                          0x000009c9   Thumb Code     8  mdr32f9qx_ssp.o(i.SSP_ReceiveData)
    SSP_SendData                             0x000009d1   Thumb Code     4  mdr32f9qx_ssp.o(i.SSP_SendData)
    SSP_StructInit                           0x000009d5   Thumb Code    28  mdr32f9qx_ssp.o(i.SSP_StructInit)
    SVC_Handler                              0x000009f1   Thumb Code     2  mdr32f9qx_it.o(i.SVC_Handler)
    SysTick_Handler                          0x000009f5   Thumb Code    20  mdr32f9qx_it.o(i.SysTick_Handler)
    SystemCoreClockUpdate                    0x00000a0d   Thumb Code   142  system_mdr1986ve1t.o(i.SystemCoreClockUpdate)
    SystemInit                               0x00000aad   Thumb Code    38  system_mdr1986ve1t.o(i.SystemInit)
    TIMER1_IRQHandler                        0x00000ad9   Thumb Code     2  mdr32f9qx_it.o(i.TIMER1_IRQHandler)
    UART1_IRQHandler                         0x00000adb   Thumb Code     2  mdr32f9qx_it.o(i.UART1_IRQHandler)
    UART2_IRQHandler                         0x00000add   Thumb Code     2  mdr32f9qx_it.o(i.UART2_IRQHandler)
    USB_IRQHandler                           0x00000adf   Thumb Code     2  mdr32f9qx_it.o(i.USB_IRQHandler)
    W25qxx_EraseSector                       0x00000ae1   Thumb Code   140  w25qxx.o(i.W25qxx_EraseSector)
    W25qxx_Init                              0x00000b79   Thumb Code   328  w25qxx.o(i.W25qxx_Init)
    W25qxx_PageToSector                      0x00000cd1   Thumb Code    20  w25qxx.o(i.W25qxx_PageToSector)
    W25qxx_ReadPage                          0x00000ce9   Thumb Code   214  w25qxx.o(i.W25qxx_ReadPage)
    W25qxx_ResetChip                         0x00000dd5   Thumb Code    76  w25qxx.o(i.W25qxx_ResetChip)
    W25qxx_WritePage                         0x00000e29   Thumb Code   214  w25qxx.o(i.W25qxx_WritePage)
    WWDG_IRQHandler                          0x00000f11   Thumb Code     2  mdr32f9qx_it.o(i.WWDG_IRQHandler)
    W25qxx_Spi(unsigned char)                0x00000f15   Thumb Code    38  w25qxx.o(i._Z10W25qxx_Spih)
    W25qxx_ReadID()                          0x00000f41   Thumb Code    74  w25qxx.o(i._Z13W25qxx_ReadIDv)
    HAL_SPI_Receive(MDR_SSP_TypeDef*, unsigned char*, unsigned short, unsigned short) 0x00000f91   Thumb Code    56  w25qxx.o(i._Z15HAL_SPI_ReceiveP15MDR_SSP_TypeDefPhtt)
    HAL_SPI_Transmit(MDR_SSP_TypeDef*, unsigned char*, unsigned short, unsigned short) 0x00000fcd   Thumb Code    60  w25qxx.o(i._Z16HAL_SPI_TransmitP15MDR_SSP_TypeDefPhtt)
    W25qxx_ReadUniqID()                      0x00001089   Thumb Code    70  w25qxx.o(i._Z17W25qxx_ReadUniqIDv)
    W25qxx_WriteEnable()                     0x000010d9   Thumb Code    40  w25qxx.o(i._Z18W25qxx_WriteEnablev)
    W25qxx_SPI_EnableSS_m(MDR_PORT_TypeDef*, unsigned short) 0x00001109   Thumb Code    12  w25qxx.o(i._Z21W25qxx_SPI_EnableSS_mP16MDR_PORT_TypeDeft)
    W25qxx_SPI_DisableSS_m(MDR_PORT_TypeDef*, unsigned short) 0x00001115   Thumb Code    12  w25qxx.o(i._Z22W25qxx_SPI_DisableSS_mP16MDR_PORT_TypeDeft)
    W25qxx_WaitForWriteEnd()                 0x00001121   Thumb Code    74  w25qxx.o(i._Z22W25qxx_WaitForWriteEndv)
    W25qxx_ReadStatusRegister(unsigned char) 0x00001179   Thumb Code    96  w25qxx.o(i._Z25W25qxx_ReadStatusRegisterh)
    SPI::init(unsigned char)                 0x000011e1   Thumb Code   158  spi.o(i._ZN3SPI4initEh)
    SPI::initPort(MDR_PORT_TypeDef*, unsigned short, unsigned short, unsigned short, PORT_FUNC_TypeDef) 0x00001289   Thumb Code   152  spi.o(i._ZN3SPI8initPortEP16MDR_PORT_TypeDefttt17PORT_FUNC_TypeDef)
    SPI::SPI(MDR_SSP_TypeDef*, MDR_PORT_TypeDef*, unsigned short, unsigned short, unsigned short, unsigned char, PORT_FUNC_TypeDef) 0x00001321   Thumb Code    52  spi.o(i._ZN3SPIC1EP15MDR_SSP_TypeDefP16MDR_PORT_TypeDefttth17PORT_FUNC_TypeDef)
    SPI::SPI__sub_object(MDR_SSP_TypeDef*, MDR_PORT_TypeDef*, unsigned short, unsigned short, unsigned short, unsigned char, PORT_FUNC_TypeDef) 0x00001321   Thumb Code     0  spi.o(i._ZN3SPIC1EP15MDR_SSP_TypeDefP16MDR_PORT_TypeDefttth17PORT_FUNC_TypeDef)
    DELAY::delay_ms(unsigned)                0x00001355   Thumb Code    16  delay.o(i._ZN5DELAY8delay_msEj)
    DELAY::delayInit()                       0x00001369   Thumb Code    60  delay.o(i._ZN5DELAY9delayInitEv)
    DELAY::DELAY()                           0x000013b1   Thumb Code    20  delay.o(i._ZN5DELAYC1Ev)
    DELAY::DELAY__sub_object()               0x000013b1   Thumb Code     0  delay.o(i._ZN5DELAYC1Ev)
    PortMapIO::enablePort()                  0x000013c9   Thumb Code   102  port.o(i._ZN9PortMapIO10enablePortEv)
    PortMapIO::fullInitPin(PORT_OE_TypeDef, PORT_PULL_UP_TypeDef, PORT_PULL_DOWN_TypeDef, PORT_PD_SHM_TypeDef, PORT_PD_TypeDef, PORT_GFEN_TypeDef, PORT_FUNC_TypeDef, PORT_SPEED_TypeDef, PORT_MODE_TypeDef) 0x00001449   Thumb Code    62  port.o(i._ZN9PortMapIO11fullInitPinE15PORT_OE_TypeDef20PORT_PULL_UP_TypeDef22PORT_PULL_DOWN_TypeDef19PORT_PD_SHM_TypeDef15PORT_PD_TypeDef17PORT_GFEN_TypeDef17PORT_FUNC_TypeDef18PORT_SPEED_TypeDef17PORT_MODE_TypeDef)
    PortMapIO::init()                        0x00001487   Thumb Code    66  port.o(i._ZN9PortMapIO4initEv)
    PortMapIO::PortMapIO(MDR_PORT_TypeDef*, unsigned short) 0x000014c9   Thumb Code    22  port.o(i._ZN9PortMapIOC1EP16MDR_PORT_TypeDeft)
    PortMapIO::PortMapIO__sub_object(MDR_PORT_TypeDef*, unsigned short) 0x000014c9   Thumb Code     0  port.o(i._ZN9PortMapIOC1EP16MDR_PORT_TypeDeft)
    PortMapIO::PortMapIO(MDR_PORT_TypeDef*, unsigned short, PORT_OE_TypeDef, PORT_PULL_UP_TypeDef, PORT_PULL_DOWN_TypeDef, PORT_PD_SHM_TypeDef, PORT_PD_TypeDef, PORT_GFEN_TypeDef, PORT_FUNC_TypeDef, PORT_SPEED_TypeDef, PORT_MODE_TypeDef) 0x000014df   Thumb Code    64  port.o(i._ZN9PortMapIOC1EP16MDR_PORT_TypeDeft15PORT_OE_TypeDef20PORT_PULL_UP_TypeDef22PORT_PULL_DOWN_TypeDef19PORT_PD_SHM_TypeDef15PORT_PD_TypeDef17PORT_GFEN_TypeDef17PORT_FUNC_TypeDef18PORT_SPEED_TypeDef17PORT_MODE_TypeDef)
    PortMapIO::PortMapIO__sub_object(MDR_PORT_TypeDef*, unsigned short, PORT_OE_TypeDef, PORT_PULL_UP_TypeDef, PORT_PULL_DOWN_TypeDef, PORT_PD_SHM_TypeDef, PORT_PD_TypeDef, PORT_GFEN_TypeDef, PORT_FUNC_TypeDef, PORT_SPEED_TypeDef, PORT_MODE_TypeDef) 0x000014df   Thumb Code     0  port.o(i._ZN9PortMapIOC1EP16MDR_PORT_TypeDeft15PORT_OE_TypeDef20PORT_PULL_UP_TypeDef22PORT_PULL_DOWN_TypeDef19PORT_PD_SHM_TypeDef15PORT_PD_TypeDef17PORT_GFEN_TypeDef17PORT_FUNC_TypeDef18PORT_SPEED_TypeDef17PORT_MODE_TypeDef)
    PortMapIO::PortMapIO()                   0x0000151f   Thumb Code     2  port.o(i._ZN9PortMapIOC1Ev)
    PortMapIO::PortMapIO__sub_object()       0x0000151f   Thumb Code     0  port.o(i._ZN9PortMapIOC1Ev)
    operator new(unsigned)                   0x00001521   Thumb Code    36  new.o(i._Znwj)
    __ARM_common_switch8                     0x00001549   Thumb Code    28  ledind.o(i.__ARM_common_switch8)
    main                                     0x00001565   Thumb Code   170  main.o(i.main)
    Region$$Table$$Base                      0x00001638   Number         0  anon$$obj.o(Region$$Table)
    Region$$Table$$Limit                     0x00001658   Number         0  anon$$obj.o(Region$$Table)
    cs_w25qxx                                0x20000000   Data           4  main.o(.data)
    spi                                      0x20000004   Data           4  main.o(.data)
    pause                                    0x20000008   Data           4  main.o(.data)
    a                                        0x2000000c   Data           2  main.o(.data)
    PageStatus                               0x2000000e   Data           1  main.o(.data)
    init1                                    0x2000000f   Data           1  main.o(.data)
    init2                                    0x20000010   Data           1  main.o(.data)
    tickDelay                                0x20000014   Data           4  delay.o(.data)
    SystemCoreClock                          0x20000018   Data           4  system_mdr1986ve1t.o(.data)
    buf1                                     0x2000001c   Data         256  main.o(.bss)
    buf2                                     0x2000011c   Data         512  main.o(.bss)
    w25qxx                                   0x2000031c   Data          40  w25qxx.o(.bss)
    testBuffWritePage                        0x20000344   Data         512  w25qxx.o(.bss)
    testRcvBuf                               0x20000544   Data         512  w25qxx.o(.bss)
    __libspace_start                         0x20000744   Data          96  libspace.o(.bss)
    __temporary_stack_top$libspace           0x200007a4   Data           0  libspace.o(.bss)



==============================================================================

Memory Map of the image

  Image Entry point : 0x000000c1

  Load Region LR_IROM1 (Base: 0x00000000, Size: 0x00001674, Max: 0x00020000, ABSOLUTE)

    Execution Region ER_IROM1 (Exec base: 0x00000000, Load base: 0x00000000, Size: 0x00001658, Max: 0x00020000, ABSOLUTE)

    Exec Addr    Load Addr    Size         Type   Attr      Idx    E Section Name        Object

    0x00000000   0x00000000   0x000000c0   Data   RO         1847    RESET               startup_mdr1986ve1t.o
    0x000000c0   0x000000c0   0x00000008   Code   RO         3173  * !!!main             c_p.l(__main.o)
    0x000000c8   0x000000c8   0x0000003c   Code   RO         3708    !!!scatter          c_p.l(__scatter.o)
    0x00000104   0x00000104   0x0000001a   Code   RO         3710    !!handler_copy      c_p.l(__scatter_copy.o)
    0x0000011e   0x0000011e   0x00000002   PAD
    0x00000120   0x00000120   0x0000001c   Code   RO         3712    !!handler_zi        c_p.l(__scatter_zi.o)
    0x0000013c   0x0000013c   0x00000002   Code   RO         3580    .ARM.Collect$$libinit$$00000000  c_p.l(libinit.o)
    0x0000013e   0x0000013e   0x00000000   Code   RO         3367    .ARM.Collect$$libinit$$00000002  c_p.l(libinit2.o)
    0x0000013e   0x0000013e   0x00000000   Code   RO         3369    .ARM.Collect$$libinit$$00000004  c_p.l(libinit2.o)
    0x0000013e   0x0000013e   0x00000008   Code   RO         3370    .ARM.Collect$$libinit$$00000005  c_p.l(libinit2.o)
    0x00000146   0x00000146   0x00000000   Code   RO         3372    .ARM.Collect$$libinit$$0000000A  c_p.l(libinit2.o)
    0x00000146   0x00000146   0x00000000   Code   RO         3374    .ARM.Collect$$libinit$$0000000C  c_p.l(libinit2.o)
    0x00000146   0x00000146   0x00000000   Code   RO         3376    .ARM.Collect$$libinit$$0000000E  c_p.l(libinit2.o)
    0x00000146   0x00000146   0x00000000   Code   RO         3379    .ARM.Collect$$libinit$$00000011  c_p.l(libinit2.o)
    0x00000146   0x00000146   0x00000000   Code   RO         3381    .ARM.Collect$$libinit$$00000013  c_p.l(libinit2.o)
    0x00000146   0x00000146   0x00000000   Code   RO         3383    .ARM.Collect$$libinit$$00000015  c_p.l(libinit2.o)
    0x00000146   0x00000146   0x00000000   Code   RO         3385    .ARM.Collect$$libinit$$00000017  c_p.l(libinit2.o)
    0x00000146   0x00000146   0x00000000   Code   RO         3387    .ARM.Collect$$libinit$$00000019  c_p.l(libinit2.o)
    0x00000146   0x00000146   0x00000000   Code   RO         3389    .ARM.Collect$$libinit$$0000001B  c_p.l(libinit2.o)
    0x00000146   0x00000146   0x00000000   Code   RO         3391    .ARM.Collect$$libinit$$0000001D  c_p.l(libinit2.o)
    0x00000146   0x00000146   0x00000000   Code   RO         3393    .ARM.Collect$$libinit$$0000001F  c_p.l(libinit2.o)
    0x00000146   0x00000146   0x00000000   Code   RO         3395    .ARM.Collect$$libinit$$00000021  c_p.l(libinit2.o)
    0x00000146   0x00000146   0x00000000   Code   RO         3397    .ARM.Collect$$libinit$$00000023  c_p.l(libinit2.o)
    0x00000146   0x00000146   0x00000000   Code   RO         3399    .ARM.Collect$$libinit$$00000025  c_p.l(libinit2.o)
    0x00000146   0x00000146   0x00000000   Code   RO         3403    .ARM.Collect$$libinit$$0000002C  c_p.l(libinit2.o)
    0x00000146   0x00000146   0x00000000   Code   RO         3405    .ARM.Collect$$libinit$$0000002E  c_p.l(libinit2.o)
    0x00000146   0x00000146   0x00000000   Code   RO         3407    .ARM.Collect$$libinit$$00000030  c_p.l(libinit2.o)
    0x00000146   0x00000146   0x00000000   Code   RO         3409    .ARM.Collect$$libinit$$00000032  c_p.l(libinit2.o)
    0x00000146   0x00000146   0x00000002   Code   RO         3410    .ARM.Collect$$libinit$$00000033  c_p.l(libinit2.o)
    0x00000148   0x00000148   0x00000002   Code   RO         3693    .ARM.Collect$$libshutdown$$00000000  c_p.l(libshutdown.o)
    0x0000014a   0x0000014a   0x00000000   Code   RO         3672    .ARM.Collect$$libshutdown$$00000002  c_p.l(libshutdown2.o)
    0x0000014a   0x0000014a   0x00000000   Code   RO         3674    .ARM.Collect$$libshutdown$$00000004  c_p.l(libshutdown2.o)
    0x0000014a   0x0000014a   0x00000000   Code   RO         3677    .ARM.Collect$$libshutdown$$00000007  c_p.l(libshutdown2.o)
    0x0000014a   0x0000014a   0x00000000   Code   RO         3680    .ARM.Collect$$libshutdown$$0000000A  c_p.l(libshutdown2.o)
    0x0000014a   0x0000014a   0x00000000   Code   RO         3682    .ARM.Collect$$libshutdown$$0000000C  c_p.l(libshutdown2.o)
    0x0000014a   0x0000014a   0x00000000   Code   RO         3685    .ARM.Collect$$libshutdown$$0000000F  c_p.l(libshutdown2.o)
    0x0000014a   0x0000014a   0x00000002   Code   RO         3686    .ARM.Collect$$libshutdown$$00000010  c_p.l(libshutdown2.o)
    0x0000014c   0x0000014c   0x00000000   Code   RO         3210    .ARM.Collect$$rtentry$$00000000  c_p.l(__rtentry.o)
    0x0000014c   0x0000014c   0x00000000   Code   RO         3312    .ARM.Collect$$rtentry$$00000002  c_p.l(__rtentry2.o)
    0x0000014c   0x0000014c   0x00000006   Code   RO         3324    .ARM.Collect$$rtentry$$00000004  c_p.l(__rtentry4.o)
    0x00000152   0x00000152   0x00000000   Code   RO         3314    .ARM.Collect$$rtentry$$00000009  c_p.l(__rtentry2.o)
    0x00000152   0x00000152   0x00000004   Code   RO         3315    .ARM.Collect$$rtentry$$0000000A  c_p.l(__rtentry2.o)
    0x00000156   0x00000156   0x00000000   Code   RO         3317    .ARM.Collect$$rtentry$$0000000C  c_p.l(__rtentry2.o)
    0x00000156   0x00000156   0x00000008   Code   RO         3318    .ARM.Collect$$rtentry$$0000000D  c_p.l(__rtentry2.o)
    0x0000015e   0x0000015e   0x00000002   Code   RO         3617    .ARM.Collect$$rtexit$$00000000  c_p.l(rtexit.o)
    0x00000160   0x00000160   0x00000000   Code   RO         3655    .ARM.Collect$$rtexit$$00000002  c_p.l(rtexit2.o)
    0x00000160   0x00000160   0x00000004   Code   RO         3656    .ARM.Collect$$rtexit$$00000003  c_p.l(rtexit2.o)
    0x00000164   0x00000164   0x00000006   Code   RO         3657    .ARM.Collect$$rtexit$$00000004  c_p.l(rtexit2.o)
    0x0000016a   0x0000016a   0x00000002   PAD
    0x0000016c   0x0000016c   0x00000038   Code   RO         3163    .emb_text           c_p.l(rt_memcpy.o)
    0x000001a4   0x000001a4   0x00000000   Code   RO         3552    .emb_text           c_p.l(maybetermalloc1.o)
    0x000001a4   0x000001a4   0x00000074   Code   RO         1848    .text               startup_mdr1986ve1t.o
    0x00000218   0x00000218   0x00000082   Code   RO         3164    .text               c_p.l(rt_memcpy.o)
    0x0000029a   0x0000029a   0x0000015a   Code   RO         3167    .text               c_p.l(aeabi_sdiv.o)
    0x000003f4   0x000003f4   0x00000006   Code   RO         3171    .text               c_p.l(heapauxi.o)
    0x000003fa   0x000003fa   0x00000002   PAD
    0x000003fc   0x000003fc   0x00000008   Code   RO         3218    .text               c_p.l(rt_new_handler_addr_intlibspace.o)
    0x00000404   0x00000404   0x00000062   Code   RO         3222    .text               c_p.l(h1_alloc.o)
    0x00000466   0x00000466   0x00000008   Code   RO         3281    .text               cpprt_p.l(arm_newhandler_noexceptions.o)
    0x0000046e   0x0000046e   0x00000002   PAD
    0x00000470   0x00000470   0x00000008   Code   RO         3306    .text               c_p.l(libspace.o)
    0x00000478   0x00000478   0x00000008   Code   RO         3331    .text               c_p.l(rt_heap_descriptor_intlibspace.o)
    0x00000480   0x00000480   0x00000004   Code   RO         3338    .text               c_p.l(hguard.o)
    0x00000484   0x00000484   0x00000088   Code   RO         3340    .text               c_p.l(init_alloc.o)
    0x0000050c   0x0000050c   0x0000000e   Code   RO         3346    .text               c_p.l(h1_init.o)
    0x0000051a   0x0000051a   0x0000004c   Code   RO         3348    .text               c_p.l(h1_free.o)
    0x00000566   0x00000566   0x0000001c   Code   RO         3533    .text               cpprt_p.l(arm_exceptions_terminate.o)
    0x00000582   0x00000582   0x0000003e   Code   RO         3547    .text               c_p.l(sys_stackheap_outer.o)
    0x000005c0   0x000005c0   0x00000034   Code   RO         3554    .text               c_p.l(h1_extend.o)
    0x000005f4   0x000005f4   0x00000010   Code   RO         3558    .text               c_p.l(exit.o)
    0x00000604   0x00000604   0x00000014   Code   RO         3560    .text               c_p.l(abort.o)
    0x00000618   0x00000618   0x0000000c   Code   RO         3566    .text               c_p.l(defsig_rtmem_outer.o)
    0x00000624   0x00000624   0x00000054   Code   RO         3597    .text               cpprt_p.l(arm_exceptions_globs.o)
    0x00000678   0x00000678   0x0000000c   Code   RO         3611    .text               c_p.l(sys_exit.o)
    0x00000684   0x00000684   0x00000002   Code   RO         3613    .text               c_p.l(use_no_semi.o)
    0x00000686   0x00000686   0x00000000   Code   RO         3615    .text               c_p.l(indicate_semi.o)
    0x00000686   0x00000686   0x00000002   PAD
    0x00000688   0x00000688   0x00000008   Code   RO         3624    .text               c_p.l(rt_eh_globals_addr_intlibspace.o)
    0x00000690   0x00000690   0x0000000c   Code   RO         3630    .text               c_p.l(defsig_exit.o)
    0x0000069c   0x0000069c   0x0000000c   Code   RO         3632    .text               c_p.l(defsig_abrt_outer.o)
    0x000006a8   0x000006a8   0x00000050   Code   RO         3638    .text               c_p.l(defsig_rtmem_inner.o)
    0x000006f8   0x000006f8   0x00000042   Code   RO         3647    .text               cpprt_p.l(arm_exceptions_mem.o)
    0x0000073a   0x0000073a   0x00000034   Code   RO         3667    .text               c_p.l(defsig_general.o)
    0x0000076e   0x0000076e   0x00000002   PAD
    0x00000770   0x00000770   0x00000030   Code   RO         3669    .text               c_p.l(defsig_abrt_inner.o)
    0x000007a0   0x000007a0   0x0000000c   Code   RO         3687    .text               c_p.l(sys_wrch.o)
    0x000007ac   0x000007ac   0x00000002   Code   RO          967    i.ADC_IRQHandler    mdr32f9qx_it.o
    0x000007ae   0x000007ae   0x00000002   Code   RO          970    i.CAN1_IRQHandler   mdr32f9qx_it.o
    0x000007b0   0x000007b0   0x00000002   Code   RO          971    i.CAN2_IRQHandler   mdr32f9qx_it.o
    0x000007b2   0x000007b2   0x00000002   Code   RO          974    i.EXT_INT1_IRQHandler  mdr32f9qx_it.o
    0x000007b4   0x000007b4   0x00000002   Code   RO          975    i.EXT_INT2_IRQHandler  mdr32f9qx_it.o
    0x000007b6   0x000007b6   0x00000002   Code   RO          976    i.EXT_INT3_IRQHandler  mdr32f9qx_it.o
    0x000007b8   0x000007b8   0x00000002   Code   RO          977    i.EXT_INT4_IRQHandler  mdr32f9qx_it.o
    0x000007ba   0x000007ba   0x00000002   PAD
    0x000007bc   0x000007bc   0x00000020   Code   RO          978    i.HardFault_Handler  mdr32f9qx_it.o
    0x000007dc   0x000007dc   0x00000002   Code   RO          981    i.NMI_Handler       mdr32f9qx_it.o
    0x000007de   0x000007de   0x00000002   PAD
    0x000007e0   0x000007e0   0x000000e4   Code   RO         2192    i.PORT_Init         mdr32f9qx_port.o
    0x000008c4   0x000008c4   0x0000001c   Code   RO         2197    i.PORT_StructInit   mdr32f9qx_port.o
    0x000008e0   0x000008e0   0x00000002   Code   RO          982    i.POWER_IRQHandler  mdr32f9qx_it.o
    0x000008e2   0x000008e2   0x00000002   Code   RO          983    i.PendSV_Handler    mdr32f9qx_it.o
    0x000008e4   0x000008e4   0x00000020   Code   RO         2289    i.RST_CLK_PCLKcmd   mdr32f9qx_rst_clk.o
    0x00000904   0x00000904   0x00000002   Code   RO          984    i.SSP1_IRQHandler   mdr32f9qx_it.o
    0x00000906   0x00000906   0x00000002   Code   RO          985    i.SSP2_IRQHandler   mdr32f9qx_it.o
    0x00000908   0x00000908   0x0000006c   Code   RO         2501    i.SSP_BRGInit       mdr32f9qx_ssp.o
    0x00000974   0x00000974   0x0000001c   Code   RO         2503    i.SSP_Cmd           mdr32f9qx_ssp.o
    0x00000990   0x00000990   0x00000012   Code   RO         2506    i.SSP_GetFlagStatus  mdr32f9qx_ssp.o
    0x000009a2   0x000009a2   0x00000026   Code   RO         2510    i.SSP_Init          mdr32f9qx_ssp.o
    0x000009c8   0x000009c8   0x00000008   Code   RO         2511    i.SSP_ReceiveData   mdr32f9qx_ssp.o
    0x000009d0   0x000009d0   0x00000004   Code   RO         2512    i.SSP_SendData      mdr32f9qx_ssp.o
    0x000009d4   0x000009d4   0x0000001c   Code   RO         2513    i.SSP_StructInit    mdr32f9qx_ssp.o
    0x000009f0   0x000009f0   0x00000002   Code   RO          986    i.SVC_Handler       mdr32f9qx_it.o
    0x000009f2   0x000009f2   0x00000002   PAD
    0x000009f4   0x000009f4   0x00000018   Code   RO          987    i.SysTick_Handler   mdr32f9qx_it.o
    0x00000a0c   0x00000a0c   0x000000a0   Code   RO         1854    i.SystemCoreClockUpdate  system_mdr1986ve1t.o
    0x00000aac   0x00000aac   0x0000002c   Code   RO         1855    i.SystemInit        system_mdr1986ve1t.o
    0x00000ad8   0x00000ad8   0x00000002   Code   RO          988    i.TIMER1_IRQHandler  mdr32f9qx_it.o
    0x00000ada   0x00000ada   0x00000002   Code   RO          991    i.UART1_IRQHandler  mdr32f9qx_it.o
    0x00000adc   0x00000adc   0x00000002   Code   RO          992    i.UART2_IRQHandler  mdr32f9qx_it.o
    0x00000ade   0x00000ade   0x00000002   Code   RO          993    i.USB_IRQHandler    mdr32f9qx_it.o
    0x00000ae0   0x00000ae0   0x00000098   Code   RO         1587    i.W25qxx_EraseSector  w25qxx.o
    0x00000b78   0x00000b78   0x00000158   Code   RO         1588    i.W25qxx_Init       w25qxx.o
    0x00000cd0   0x00000cd0   0x00000018   Code   RO         1593    i.W25qxx_PageToSector  w25qxx.o
    0x00000ce8   0x00000ce8   0x000000ec   Code   RO         1597    i.W25qxx_ReadPage   w25qxx.o
    0x00000dd4   0x00000dd4   0x00000054   Code   RO         1599    i.W25qxx_ResetChip  w25qxx.o
    0x00000e28   0x00000e28   0x000000e8   Code   RO         1604    i.W25qxx_WritePage  w25qxx.o
    0x00000f10   0x00000f10   0x00000002   Code   RO          995    i.WWDG_IRQHandler   mdr32f9qx_it.o
    0x00000f12   0x00000f12   0x00000002   PAD
    0x00000f14   0x00000f14   0x0000002c   Code   RO         1607    i._Z10W25qxx_Spih   w25qxx.o
    0x00000f40   0x00000f40   0x00000050   Code   RO         1608    i._Z13W25qxx_ReadIDv  w25qxx.o
    0x00000f90   0x00000f90   0x0000003c   Code   RO         1609    i._Z15HAL_SPI_ReceiveP15MDR_SSP_TypeDefPhtt  w25qxx.o
    0x00000fcc   0x00000fcc   0x00000044   Code   RO         1610    i._Z16HAL_SPI_TransmitP15MDR_SSP_TypeDefPhtt  w25qxx.o
    0x00001010   0x00001010   0x00000078   Code   RO         1200    i._Z16NVIC_SetPriority4IRQnj  delay.o
    0x00001088   0x00001088   0x00000050   Code   RO         1611    i._Z17W25qxx_ReadUniqIDv  w25qxx.o
    0x000010d8   0x000010d8   0x00000030   Code   RO         1612    i._Z18W25qxx_WriteEnablev  w25qxx.o
    0x00001108   0x00001108   0x0000000c   Code   RO         1614    i._Z21W25qxx_SPI_EnableSS_mP16MDR_PORT_TypeDeft  w25qxx.o
    0x00001114   0x00001114   0x0000000c   Code   RO         1615    i._Z22W25qxx_SPI_DisableSS_mP16MDR_PORT_TypeDeft  w25qxx.o
    0x00001120   0x00001120   0x00000058   Code   RO         1616    i._Z22W25qxx_WaitForWriteEndv  w25qxx.o
    0x00001178   0x00001178   0x00000068   Code   RO         1617    i._Z25W25qxx_ReadStatusRegisterh  w25qxx.o
    0x000011e0   0x000011e0   0x000000a8   Code   RO          133    i._ZN3SPI4initEh    spi.o
    0x00001288   0x00001288   0x00000098   Code   RO          135    i._ZN3SPI8initPortEP16MDR_PORT_TypeDefttt17PORT_FUNC_TypeDef  spi.o
    0x00001320   0x00001320   0x00000034   Code   RO          138    i._ZN3SPIC1EP15MDR_SSP_TypeDefP16MDR_PORT_TypeDefttth17PORT_FUNC_TypeDef  spi.o
    0x00001354   0x00001354   0x00000014   Code   RO         1201    i._ZN5DELAY8delay_msEj  delay.o
    0x00001368   0x00001368   0x00000048   Code   RO         1202    i._ZN5DELAY9delayInitEv  delay.o
    0x000013b0   0x000013b0   0x00000018   Code   RO         1203    i._ZN5DELAYC1Ev     delay.o
    0x000013c8   0x000013c8   0x00000080   Code   RO          314    i._ZN9PortMapIO10enablePortEv  port.o
    0x00001448   0x00001448   0x0000003e   Code   RO          315    i._ZN9PortMapIO11fullInitPinE15PORT_OE_TypeDef20PORT_PULL_UP_TypeDef22PORT_PULL_DOWN_TypeDef19PORT_PD_SHM_TypeDef15PORT_PD_TypeDef17PORT_GFEN_TypeDef17PORT_FUNC_TypeDef18PORT_SPEED_TypeDef17PORT_MODE_TypeDef  port.o
    0x00001486   0x00001486   0x00000042   Code   RO          322    i._ZN9PortMapIO4initEv  port.o
    0x000014c8   0x000014c8   0x00000016   Code   RO          327    i._ZN9PortMapIOC1EP16MDR_PORT_TypeDeft  port.o
    0x000014de   0x000014de   0x00000040   Code   RO          328    i._ZN9PortMapIOC1EP16MDR_PORT_TypeDeft15PORT_OE_TypeDef20PORT_PULL_UP_TypeDef22PORT_PULL_DOWN_TypeDef19PORT_PD_SHM_TypeDef15PORT_PD_TypeDef17PORT_GFEN_TypeDef17PORT_FUNC_TypeDef18PORT_SPEED_TypeDef17PORT_MODE_TypeDef  port.o
    0x0000151e   0x0000151e   0x00000002   Code   RO          329    i._ZN9PortMapIOC1Ev  port.o
    0x00001520   0x00001520   0x00000028   Code   RO         3175    i._Znwj             cpprt_p.l(new.o)
    0x00001548   0x00001548   0x0000001c   Code   RO          260    i.__ARM_common_switch8  ledind.o
    0x00001564   0x00001564   0x000000d4   Code   RO            3    i.main              main.o
    0x00001638   0x00001638   0x00000020   Data   RO         3706    Region$$Table       anon$$obj.o


    Execution Region RW_IRAM1 (Exec base: 0x20000000, Load base: 0x00001658, Size: 0x000027a8, Max: 0x00008000, ABSOLUTE)

    Exec Addr    Load Addr    Size         Type   Attr      Idx    E Section Name        Object

    0x20000000   0x00001658   0x00000011   Data   RW            6    .data               main.o
    0x20000011   0x00001669   0x00000003   PAD
    0x20000014   0x0000166c   0x00000004   Data   RW         1208    .data               delay.o
    0x20000018   0x00001670   0x00000004   Data   RW         1856    .data               system_mdr1986ve1t.o
    0x2000001c        -       0x00000300   Zero   RW            5    .bss                main.o
    0x2000031c        -       0x00000428   Zero   RW         1652    .bss                w25qxx.o
    0x20000744        -       0x00000060   Zero   RW         3307    .bss                c_p.l(libspace.o)
    0x200007a4   0x00001674   0x00000004   PAD
    0x200007a8        -       0x00001000   Zero   RW         1846    HEAP                startup_mdr1986ve1t.o
    0x200017a8        -       0x00001000   Zero   RW         1845    STACK               startup_mdr1986ve1t.o


    Execution Region RW_IRAM2 (Exec base: 0x20100000, Load base: 0x00001674, Size: 0x00000000, Max: 0x00004000, ABSOLUTE)

    **** No section assigned to this execution region ****


==============================================================================

Image component sizes


      Code (inc. data)   RO Data    RW Data    ZI Data      Debug   Object Name

         0          0          0          0          0       1444   defaultfonts.o
       236         30          0          4          0       8392   delay.o
        28          0          0          0          0         76   ledind.o
       212         42          0         17        768      88336   main.o
        92         14          0          0          0      13940   mdr32f9qx_it.o
       256          6          0          0          0       5386   mdr32f9qx_port.o
        32          4          0          0          0        582   mdr32f9qx_rst_clk.o
       232         22          0          0          0       8429   mdr32f9qx_ssp.o
       344         26          0          0          0       5268   port.o
         0          0          0          0          0      73224   sensorbutton.o
       372         10          0          0          0       3196   spi.o
       116         28        192          0       8192       1940   startup_mdr1986ve1t.o
       204         24          0          4          0      76395   system_mdr1986ve1t.o
      1668        156          0          0       1064      11088   w25qxx.o

    ----------------------------------------------------------------------
      3800        362        224         28      10024     297696   Object Totals
         0          0         32          0          0          0   (incl. Generated)
         8          0          0          3          0          0   (incl. Padding)

    ----------------------------------------------------------------------

      Code (inc. data)   RO Data    RW Data    ZI Data      Debug   Library Member Name

         8          0          0          0          0         68   __main.o
         0          0          0          0          0          0   __rtentry.o
        12          0          0          0          0          0   __rtentry2.o
         6          0          0          0          0          0   __rtentry4.o
        60          8          0          0          0          0   __scatter.o
        26          0          0          0          0          0   __scatter_copy.o
        28          0          0          0          0          0   __scatter_zi.o
        20          0          0          0          0         68   abort.o
       346          0          0          0          0         92   aeabi_sdiv.o
        48         34          0          0          0         68   defsig_abrt_inner.o
        12          0          0          0          0         68   defsig_abrt_outer.o
        12          0          0          0          0         68   defsig_exit.o
        52          0          0          0          0         72   defsig_general.o
        80         58          0          0          0         68   defsig_rtmem_inner.o
        12          0          0          0          0         68   defsig_rtmem_outer.o
        16          0          0          0          0         68   exit.o
        98          0          0          0          0         72   h1_alloc.o
        52          0          0          0          0         68   h1_extend.o
        76          0          0          0          0         72   h1_free.o
        14          0          0          0          0         76   h1_init.o
         6          0          0          0          0        136   heapauxi.o
         4          0          0          0          0        120   hguard.o
         0          0          0          0          0          0   indicate_semi.o
       136          0          0          0          0        160   init_alloc.o
         2          0          0          0          0          0   libinit.o
        10          0          0          0          0          0   libinit2.o
         2          0          0          0          0          0   libshutdown.o
         2          0          0          0          0          0   libshutdown2.o
         8          4          0          0         96         68   libspace.o
         0          0          0          0          0          0   maybetermalloc1.o
         8          4          0          0          0         68   rt_eh_globals_addr_intlibspace.o
         8          4          0          0          0         68   rt_heap_descriptor_intlibspace.o
       186          0          0          0          0        144   rt_memcpy.o
         8          4          0          0          0         68   rt_new_handler_addr_intlibspace.o
         2          0          0          0          0          0   rtexit.o
        10          0          0          0          0          0   rtexit2.o
        12          4          0          0          0         60   sys_exit.o
        62          0          0          0          0         80   sys_stackheap_outer.o
        12          0          0          0          0         68   sys_wrch.o
         2          0          0          0          0         68   use_no_semi.o
        84         12          0          0          0         96   arm_exceptions_globs.o
        66          0          0          0          0        100   arm_exceptions_mem.o
        28          0          0          0          0         68   arm_exceptions_terminate.o
         8          0          0          0          0         68   arm_newhandler_noexceptions.o
        40          4          0          0          0         68   new.o

    ----------------------------------------------------------------------
      1696        136          0          0        100       2504   Library Totals
        12          0          0          0          4          0   (incl. Padding)

    ----------------------------------------------------------------------

      Code (inc. data)   RO Data    RW Data    ZI Data      Debug   Library Name

      1458        120          0          0         96       2104   c_p.l
       226         16          0          0          0        400   cpprt_p.l

    ----------------------------------------------------------------------
      1696        136          0          0        100       2504   Library Totals

    ----------------------------------------------------------------------

==============================================================================


      Code (inc. data)   RO Data    RW Data    ZI Data      Debug   

      5496        498        224         28      10124     296328   Grand Totals
      5496        498        224         28      10124     296328   ELF Image Totals
      5496        498        224         28          0          0   ROM Totals

==============================================================================

    Total RO  Size (Code + RO Data)                 5720 (   5.59kB)
    Total RW  Size (RW Data + ZI Data)             10152 (   9.91kB)
    Total ROM Size (Code + RO Data + RW Data)       5748 (   5.61kB)

==============================================================================

