Component: ARM Compiler 5.06 update 6 (build 750) Tool: armlink [4d35ed]

==============================================================================

Section Cross References

    main.o(i.main) refers to rcc.o(i._ZN3RCCC1Eh) for RCC::RCC(unsigned char)
    main.o(i.main) refers to new.o(i._Znwj) for operator new(unsigned)
    main.o(i.main) refers to port.o(i._ZN9PortMapIOC1EP16MDR_PORT_TypeDeft15PORT_OE_TypeDef20PORT_PULL_UP_TypeDef22PORT_PULL_DOWN_TypeDef19PORT_PD_SHM_TypeDef15PORT_PD_TypeDef17PORT_GFEN_TypeDef17PORT_FUNC_TypeDef18PORT_SPEED_TypeDef17PORT_MODE_TypeDef) for PortMapIO::PortMapIO(MDR_PORT_TypeDef*, unsigned short, PORT_OE_TypeDef, PORT_PULL_UP_TypeDef, PORT_PULL_DOWN_TypeDef, PORT_PD_SHM_TypeDef, PORT_PD_TypeDef, PORT_GFEN_TypeDef, PORT_FUNC_TypeDef, PORT_SPEED_TypeDef, PORT_MODE_TypeDef)
    main.o(i.main) refers to uart.o(i._ZN4UARTC1EP16MDR_UART_TypeDefjttttt) for UART::UART(MDR_UART_TypeDef*, unsigned, unsigned short, unsigned short, unsigned short, unsigned short, unsigned short)
    main.o(i.main) refers to owi.o(i._ZN3OWIC1EP4UART) for OWI::OWI(UART*)
    main.o(i.main) refers to owi.o(i._ZN3OWI14detectPresenceEv) for OWI::detectPresence()
    main.o(i.main) refers to owi.o(i._ZN3OWI8readTempEPh) for OWI::readTemp(unsigned char*)
    main.o(i.main) refers to aeabi_sdiv.o(.text) for __aeabi_uidivmod
    main.o(i.main) refers to main.o(.data) for detectPresent
    main.o(i.main) refers to main.o(.bss) for TEM
    main.o(.ARM.exidx) refers to main.o(i.main) for i.main
    relay.o(i._ZN5RELAY2onEv) refers to port.o(i._ZN9PortMapIO7setHighEv) for PortMapIO::setHigh()
    relay.o(i._ZN5RELAY3offEv) refers to port.o(i._ZN9PortMapIO6setLowEv) for PortMapIO::setLow()
    relay.o(i._ZN5RELAYC1EP16MDR_PORT_TypeDeft) refers to port.o(i._ZN9PortMapIOC1EP16MDR_PORT_TypeDeft) for PortMapIO::PortMapIO(MDR_PORT_TypeDef*, unsigned short)
    relay.o(.ARM.exidx) refers to relay.o(i._ZN5RELAYC1EP16MDR_PORT_TypeDeft) for i._ZN5RELAYC1EP16MDR_PORT_TypeDeft
    relay.o(.ARM.exidx) refers to relay.o(i._ZN5RELAY2onEv) for i._ZN5RELAY2onEv
    relay.o(.ARM.exidx) refers to relay.o(i._ZN5RELAY3offEv) for i._ZN5RELAY3offEv
    relay.o(.ARM.exidx) refers to relay.o(i._ZN5RELAY9getStatusEv) for i._ZN5RELAY9getStatusEv
    spi.o(i._ZN3SPI15write_then_readEPhjS0_jh) refers to spi.o(i._ZN3SPI8transmitEPh) for SPI::transmit(unsigned char*)
    spi.o(i._ZN3SPI4initEh) refers to mdr32f9qx_rst_clk.o(i.RST_CLK_PCLKcmd) for RST_CLK_PCLKcmd
    spi.o(i._ZN3SPI4initEh) refers to mdr32f9qx_ssp.o(i.SSP_BRGInit) for SSP_BRGInit
    spi.o(i._ZN3SPI4initEh) refers to mdr32f9qx_ssp.o(i.SSP_StructInit) for SSP_StructInit
    spi.o(i._ZN3SPI4initEh) refers to mdr32f9qx_ssp.o(i.SSP_Init) for SSP_Init
    spi.o(i._ZN3SPI4initEh) refers to mdr32f9qx_ssp.o(i.SSP_Cmd) for SSP_Cmd
    spi.o(i._ZN3SPI5writeEPhj) refers to spi.o(i._ZN3SPI8transmitEPh) for SPI::transmit(unsigned char*)
    spi.o(i._ZN3SPI8initPortEP16MDR_PORT_TypeDefttt17PORT_FUNC_TypeDef) refers to new.o(i._Znwj) for operator new(unsigned)
    spi.o(i._ZN3SPI8initPortEP16MDR_PORT_TypeDefttt17PORT_FUNC_TypeDef) refers to port.o(i._ZN9PortMapIOC1EP16MDR_PORT_TypeDeft15PORT_OE_TypeDef20PORT_PULL_UP_TypeDef22PORT_PULL_DOWN_TypeDef19PORT_PD_SHM_TypeDef15PORT_PD_TypeDef17PORT_GFEN_TypeDef17PORT_FUNC_TypeDef18PORT_SPEED_TypeDef17PORT_MODE_TypeDef) for PortMapIO::PortMapIO(MDR_PORT_TypeDef*, unsigned short, PORT_OE_TypeDef, PORT_PULL_UP_TypeDef, PORT_PULL_DOWN_TypeDef, PORT_PD_SHM_TypeDef, PORT_PD_TypeDef, PORT_GFEN_TypeDef, PORT_FUNC_TypeDef, PORT_SPEED_TypeDef, PORT_MODE_TypeDef)
    spi.o(i._ZN3SPI8transmitEPh) refers to mdr32f9qx_ssp.o(i.SSP_SendData) for SSP_SendData
    spi.o(i._ZN3SPI8transmitEPh) refers to mdr32f9qx_ssp.o(i.SSP_GetFlagStatus) for SSP_GetFlagStatus
    spi.o(i._ZN3SPI8transmitEPh) refers to mdr32f9qx_ssp.o(i.SSP_ReceiveData) for SSP_ReceiveData
    spi.o(i._ZN3SPIC1EP15MDR_SSP_TypeDef) refers to port.o(i._ZN9PortMapIOC1Ev) for PortMapIO::PortMapIO()
    spi.o(i._ZN3SPIC1EP15MDR_SSP_TypeDef) refers to spi.o(i._ZN3SPI4initEh) for SPI::init(unsigned char)
    spi.o(i._ZN3SPIC1EP15MDR_SSP_TypeDefP16MDR_PORT_TypeDefttth17PORT_FUNC_TypeDef) refers to port.o(i._ZN9PortMapIOC1Ev) for PortMapIO::PortMapIO()
    spi.o(i._ZN3SPIC1EP15MDR_SSP_TypeDefP16MDR_PORT_TypeDefttth17PORT_FUNC_TypeDef) refers to spi.o(i._ZN3SPI8initPortEP16MDR_PORT_TypeDefttt17PORT_FUNC_TypeDef) for SPI::initPort(MDR_PORT_TypeDef*, unsigned short, unsigned short, unsigned short, PORT_FUNC_TypeDef)
    spi.o(i._ZN3SPIC1EP15MDR_SSP_TypeDefP16MDR_PORT_TypeDefttth17PORT_FUNC_TypeDef) refers to spi.o(i._ZN3SPI4initEh) for SPI::init(unsigned char)
    spi.o(i._ZN3SPIC1EP15MDR_SSP_TypeDefP9PortMapIOS3_S3_) refers to port.o(i._ZN9PortMapIOC1Ev) for PortMapIO::PortMapIO()
    spi.o(i._ZN3SPIC1EP15MDR_SSP_TypeDefP9PortMapIOS3_S3_) refers to spi.o(i._ZN3SPI4initEh) for SPI::init(unsigned char)
    spi.o(i._ZN3SPIC1Ev) refers to port.o(i._ZN9PortMapIOC1Ev) for PortMapIO::PortMapIO()
[...]
    Removing mdr32f9qx_timer.o(i.TIMER_ChnFilterConfig), (24 bytes).
    Removing mdr32f9qx_timer.o(i.TIMER_ChnInit), (74 bytes).
    Removing mdr32f9qx_timer.o(i.TIMER_ChnNOutConfig), (42 bytes).
    Removing mdr32f9qx_timer.o(i.TIMER_ChnNOutModeConfig), (32 bytes).
    Removing mdr32f9qx_timer.o(i.TIMER_ChnNOutPolarityConfig), (32 bytes).
    Removing mdr32f9qx_timer.o(i.TIMER_ChnNOutSourceConfig), (32 bytes).
    Removing mdr32f9qx_timer.o(i.TIMER_ChnOutConfig), (34 bytes).
    Removing mdr32f9qx_timer.o(i.TIMER_ChnOutDTGConfig), (20 bytes).
    Removing mdr32f9qx_timer.o(i.TIMER_ChnOutInit), (66 bytes).
    Removing mdr32f9qx_timer.o(i.TIMER_ChnOutModeConfig), (24 bytes).
    Removing mdr32f9qx_timer.o(i.TIMER_ChnOutPolarityConfig), (30 bytes).
    Removing mdr32f9qx_timer.o(i.TIMER_ChnOutSourceConfig), (30 bytes).
    Removing mdr32f9qx_timer.o(i.TIMER_ChnOutStructInit), (22 bytes).
    Removing mdr32f9qx_timer.o(i.TIMER_ChnREFFormatConfig), (30 bytes).
    Removing mdr32f9qx_timer.o(i.TIMER_ChnStructInit), (28 bytes).
    Removing mdr32f9qx_timer.o(i.TIMER_ClearFlag), (6 bytes).
    Removing mdr32f9qx_timer.o(i.TIMER_Cmd), (22 bytes).
    Removing mdr32f9qx_timer.o(i.TIMER_CntAutoreloadConfig), (22 bytes).
    Removing mdr32f9qx_timer.o(i.TIMER_CntEventSourceConfig), (22 bytes).
    Removing mdr32f9qx_timer.o(i.TIMER_CntInit), (54 bytes).
    Removing mdr32f9qx_timer.o(i.TIMER_CntStructInit), (28 bytes).
    Removing mdr32f9qx_timer.o(i.TIMER_CounterModeConfig), (20 bytes).
    Removing mdr32f9qx_timer.o(i.TIMER_DMACmd), (68 bytes).
    Removing mdr32f9qx_timer.o(i.TIMER_DeInit), (86 bytes).
    Removing mdr32f9qx_timer.o(i.TIMER_ETRFilterConfig), (22 bytes).
    Removing mdr32f9qx_timer.o(i.TIMER_ETRInputConfig), (26 bytes).
    Removing mdr32f9qx_timer.o(i.TIMER_ETRPolarityConfig), (20 bytes).
    Removing mdr32f9qx_timer.o(i.TIMER_ETRPrescalerConfig), (20 bytes).
    Removing mdr32f9qx_timer.o(i.TIMER_FilterSamplingConfig), (20 bytes).
    Removing mdr32f9qx_timer.o(i.TIMER_GetChnCapture), (16 bytes).
    Removing mdr32f9qx_timer.o(i.TIMER_GetChnCapture1), (16 bytes).
    Removing mdr32f9qx_timer.o(i.TIMER_GetChnWriteComplete), (32 bytes).
    Removing mdr32f9qx_timer.o(i.TIMER_GetCntAutoreload), (6 bytes).
    Removing mdr32f9qx_timer.o(i.TIMER_GetCntPrescaler), (8 bytes).
    Removing mdr32f9qx_timer.o(i.TIMER_GetCntWriteComplete), (20 bytes).
    Removing mdr32f9qx_timer.o(i.TIMER_GetCounter), (6 bytes).
    Removing mdr32f9qx_timer.o(i.TIMER_GetCounterDirection), (20 bytes).
    Removing mdr32f9qx_timer.o(i.TIMER_GetFlagStatus), (18 bytes).
    Removing mdr32f9qx_timer.o(i.TIMER_GetITStatus), (26 bytes).
    Removing mdr32f9qx_timer.o(i.TIMER_GetStatus), (6 bytes).
    Removing mdr32f9qx_timer.o(i.TIMER_ITConfig), (28 bytes).
    Removing mdr32f9qx_timer.o(i.TIMER_SetChnCompare), (14 bytes).
    Removing mdr32f9qx_timer.o(i.TIMER_SetChnCompare1), (14 bytes).
    Removing mdr32f9qx_timer.o(i.TIMER_SetCntAutoreload), (4 bytes).
    Removing mdr32f9qx_timer.o(i.TIMER_SetCntPrescaler), (4 bytes).
    Removing mdr32f9qx_timer.o(i.TIMER_SetCounter), (4 bytes).
    Removing mdr32f9qx_timer.o(i.TIMER_SetCounterDirection), (20 bytes).
    Removing mdr32f9qx_uart.o(.rev16_text), (4 bytes).
    Removing mdr32f9qx_uart.o(.revsh_text), (4 bytes).
    Removing mdr32f9qx_uart.o(i.UART_BreakLine), (28 bytes).
    Removing mdr32f9qx_uart.o(i.UART_ClearITPendingBit), (8 bytes).
    Removing mdr32f9qx_uart.o(i.UART_DMACmd), (26 bytes).
    Removing mdr32f9qx_uart.o(i.UART_DMAConfig), (8 bytes).
    Removing mdr32f9qx_uart.o(i.UART_GetITStatus), (18 bytes).
    Removing mdr32f9qx_uart.o(i.UART_GetITStatusMasked), (18 bytes).
    Removing mdr32f9qx_uart.o(i.UART_ITConfig), (20 bytes).
    Removing mdr32f9qx_uart.o(i.UART_IrDACmd), (28 bytes).
    Removing mdr32f9qx_uart.o(i.UART_IrDAConfig), (42 bytes).
    Removing mdr32f9qx_wwdg.o(.rev16_text), (4 bytes).
    Removing mdr32f9qx_wwdg.o(.revsh_text), (4 bytes).
    Removing mdr32f9qx_wwdg.o(i.WWDG_ClearFlag), (12 bytes).
    Removing mdr32f9qx_wwdg.o(i.WWDG_DeInit), (16 bytes).
    Removing mdr32f9qx_wwdg.o(i.WWDG_Enable), (16 bytes).
    Removing mdr32f9qx_wwdg.o(i.WWDG_EnableIT), (20 bytes).
    Removing mdr32f9qx_wwdg.o(i.WWDG_GetCounter), (16 bytes).
    Removing mdr32f9qx_wwdg.o(i.WWDG_GetFlagStatus), (12 bytes).
    Removing mdr32f9qx_wwdg.o(i.WWDG_GetPrescaler), (16 bytes).
    Removing mdr32f9qx_wwdg.o(i.WWDG_GetWindowValue), (16 bytes).
    Removing mdr32f9qx_wwdg.o(i.WWDG_SetCounter), (16 bytes).
    Removing mdr32f9qx_wwdg.o(i.WWDG_SetPrescaler), (28 bytes).
    Removing mdr32f9qx_wwdg.o(i.WWDG_SetWindowValue), (40 bytes).
    Removing ledind.o(i.__ARM_common_switch8), (28 bytes).
    Removing ledind.o(.ARM.exidx), (8 bytes).
    Removing ili9488.o(t._Z4swapItEvRT_S1_), (10 bytes).
    Removing ili9488.o(.ARM.exidx), (8 bytes).

648 unused section(s) (total 31610 bytes) removed from the image.

==============================================================================

Image Symbol Table

    Local Symbols

    Symbol Name                              Value     Ov Type        Size  Object(Section)

    RESET                                    0x00000000   Section      192  startup_mdr1986ve1t.o(RESET)
    ../../../clib/unwind_pr.c                0x00000000   Number         0  unwind_pr0.o ABSOLUTE
    ../../../clib/unwind_pr.c                0x00000000   Number         0  unwind_prcommon.o ABSOLUTE
    ../../../clib/unwinder.c                 0x00000000   Number         0  unwinder.o ABSOLUTE
    ../../../clib/unwinder.c                 0x00000000   Number         0  unwind_activity.o ABSOLUTE
    ../../../clib/unwinder.c                 0x00000000   Number         0  unwinder.o ABSOLUTE
    ../../../clib/unwinder.c                 0x00000000   Number         0  unwind_activity.o ABSOLUTE
    ../../../edgfe/lib_src/arm_exceptions.c  0x00000000   Number         0  arm_exceptions_globs.o ABSOLUTE
    ../../../edgfe/lib_src/arm_exceptions.c  0x00000000   Number         0  arm_exceptions_callterm.o ABSOLUTE
    ../../../edgfe/lib_src/arm_exceptions.c  0x00000000   Number         0  arm_exceptions_mem.o ABSOLUTE
    ../../../edgfe/lib_src/arm_exceptions.c  0x00000000   Number         0  arm_exceptions_terminate.o ABSOLUTE
    ../../../edgfe/lib_src/arm_exceptions.c  0x00000000   Number         0  arm_exceptions_support.o ABSOLUTE
    ../../../edgfe/lib_src/arm_noexceptions.c 0x00000000   Number         0  arm_newhandler_noexceptions.o ABSOLUTE
    ../../../edgfe/lib_src/arm_noexceptions.c 0x00000000   Number         0  arm_begincatch_noexceptions.o ABSOLUTE
    ../../../edgfe/lib_src/arm_noexceptions.c 0x00000000   Number         0  arm_callunex_noexceptions.o ABSOLUTE
    ../../../edgfe/lib_src/bad_alloc.c       0x00000000   Number         0  bad_alloc_dtor.o ABSOLUTE
    ../../../edgfe/lib_src/bad_alloc.c       0x00000000   Number         0  bad_alloc_what.o ABSOLUTE
    ../../../edgfe/lib_src/delete.c          0x00000000   Number         0  delete.o ABSOLUTE
    ../../../edgfe/lib_src/exception.c       0x00000000   Number         0  exception_what.o ABSOLUTE
    ../../../edgfe/lib_src/exception.c       0x00000000   Number         0  exception_dtor.o ABSOLUTE
    ../../../edgfe/lib_src/new.c             0x00000000   Number         0  new.o ABSOLUTE
    ../../../edgfe/lib_src/typeinfo.c        0x00000000   Number         0  type_info_dtor.o ABSOLUTE
    ../../../edgfe/lib_src/typeinfo.c        0x00000000   Number         0  lib_rtti_impl.o ABSOLUTE
    ../clib/angel/boardlib.s                 0x00000000   Number         0  boardinit3.o ABSOLUTE
    ../clib/angel/boardlib.s                 0x00000000   Number         0  boardinit2.o ABSOLUTE
    ../clib/angel/boardlib.s                 0x00000000   Number         0  boardshut.o ABSOLUTE
    ../clib/angel/boardlib.s                 0x00000000   Number         0  boardinit1.o ABSOLUTE
    ../clib/angel/handlers.s                 0x00000000   Number         0  __scatter_copy.o ABSOLUTE
    ../clib/angel/handlers.s                 0x00000000   Number         0  __scatter_zi.o ABSOLUTE
    ../clib/angel/kernel.s                   0x00000000   Number         0  __rtentry.o ABSOLUTE
    ../clib/angel/kernel.s                   0x00000000   Number         0  __rtentry2.o ABSOLUTE
    ../clib/angel/kernel.s                   0x00000000   Number         0  rtexit.o ABSOLUTE
    ../clib/angel/kernel.s                   0x00000000   Number         0  rtexit2.o ABSOLUTE
    ../clib/angel/kernel.s                   0x00000000   Number         0  __rtentry4.o ABSOLUTE
    ../clib/angel/rt.s                       0x00000000   Number         0  rt_heap_descriptor.o ABSOLUTE
    ../clib/angel/rt.s                       0x00000000   Number         0  aeabi_idiv0_sigfpe.o ABSOLUTE
    ../clib/angel/rt.s                       0x00000000   Number         0  rt_new_handler_addr.o ABSOLUTE
    ../clib/angel/rt.s                       0x00000000   Number         0  rt_errno_addr_intlibspace.o ABSOLUTE
    ../clib/angel/rt.s                       0x00000000   Number         0  rt_errno_addr.o ABSOLUTE
    ../clib/angel/rt.s                       0x00000000   Number         0  rt_heap_descriptor_intlibspace.o ABSOLUTE
    ../clib/angel/rt.s                       0x00000000   Number         0  rt_raise.o ABSOLUTE
    ../clib/angel/rt.s                       0x00000000   Number         0  rt_div0.o ABSOLUTE
    ../clib/angel/rt.s                       0x00000000   Number         0  aeabi_idiv0.o ABSOLUTE
    ../clib/angel/rt.s                       0x00000000   Number         0  rt_eh_globals_addr.o ABSOLUTE
    ../clib/angel/rt.s                       0x00000000   Number         0  rt_new_handler_addr_intlibspace.o ABSOLUTE
    ../clib/angel/rt.s                       0x00000000   Number         0  rt_eh_globals_addr_intlibspace.o ABSOLUTE
    ../clib/angel/scatterp.s                 0x00000000   Number         0  __scatter.o ABSOLUTE
    ../clib/angel/startup.s                  0x00000000   Number         0  __main.o ABSOLUTE
    ../clib/angel/sys.s                      0x00000000   Number         0  libspace.o ABSOLUTE
    ../clib/angel/sys.s                      0x00000000   Number         0  mutex_dummy.o ABSOLUTE
    ../clib/angel/sys.s                      0x00000000   Number         0  tempstk.o ABSOLUTE
    ../clib/angel/sys.s                      0x00000000   Number         0  indicate_semi.o ABSOLUTE
    ../clib/angel/sys.s                      0x00000000   Number         0  use_no_semi.o ABSOLUTE
    ../clib/angel/sys.s                      0x00000000   Number         0  sys_stackheap_outer.o ABSOLUTE
    ../clib/angel/sysapp.c                   0x00000000   Number         0  sys_wrch.o ABSOLUTE
    ../clib/angel/sysapp.c                   0x00000000   Number         0  sys_command.o ABSOLUTE
    ../clib/angel/sysapp.c                   0x00000000   Number         0  sys_exit.o ABSOLUTE
    ../clib/armsys.c                         0x00000000   Number         0  _get_argv_nomalloc.o ABSOLUTE
    ../clib/armsys.c                         0x00000000   Number         0  argv_veneer.o ABSOLUTE
    ../clib/armsys.c                         0x00000000   Number         0  no_argv.o ABSOLUTE
    ../clib/armsys.c                         0x00000000   Number         0  _get_argv.o ABSOLUTE
    ../clib/division.s                       0x00000000   Number         0  aeabi_sdiv_div0.o ABSOLUTE
    ../clib/division.s                       0x00000000   Number         0  aeabi_sdiv.o ABSOLUTE
    ../clib/fenv.c                           0x00000000   Number         0  _rserrno.o ABSOLUTE
    ../clib/heap1.c                          0x00000000   Number         0  h1_alloc_mt.o ABSOLUTE
    ../clib/heap1.c                          0x00000000   Number         0  h1_final.o ABSOLUTE
    ../clib/heap1.c                          0x00000000   Number         0  h1_final_mt.o ABSOLUTE
    ../clib/heap1.c                          0x00000000   Number         0  h1_extend.o ABSOLUTE
    ../clib/heap1.c                          0x00000000   Number         0  h1_init_mt.o ABSOLUTE
    ../clib/heap1.c                          0x00000000   Number         0  h1_free_mt.o ABSOLUTE
    ../clib/heap1.c                          0x00000000   Number         0  h1_init.o ABSOLUTE
    ../clib/heap1.c                          0x00000000   Number         0  h1_free.o ABSOLUTE
    ../clib/heap1.c                          0x00000000   Number         0  h1_alloc.o ABSOLUTE
    ../clib/heap1.c                          0x00000000   Number         0  h1_extend_mt.o ABSOLUTE
    ../clib/heap2.c                          0x00000000   Number         0  fdtree.o ABSOLUTE
    ../clib/heap2.c                          0x00000000   Number         0  heap2mt.o ABSOLUTE
    ../clib/heap2.c                          0x00000000   Number         0  heap2.o ABSOLUTE
    ../clib/heapalloc.c                      0x00000000   Number         0  hrguard.o ABSOLUTE
    ../clib/heapalloc.c                      0x00000000   Number         0  maybetermalloc2.o ABSOLUTE
    ../clib/heapalloc.c                      0x00000000   Number         0  malloc.o ABSOLUTE
    ../clib/heapalloc.c                      0x00000000   Number         0  heapstubs.o ABSOLUTE
    ../clib/heapalloc.c                      0x00000000   Number         0  free.o ABSOLUTE
    ../clib/heapalloc.c                      0x00000000   Number         0  maybetermalloc2.o ABSOLUTE
    ../clib/heapalloc.c                      0x00000000   Number         0  hguard.o ABSOLUTE
    ../clib/heapalloc.c                      0x00000000   Number         0  maybetermalloc1.o ABSOLUTE
    ../clib/heapalloc.c                      0x00000000   Number         0  term_alloc.o ABSOLUTE
    ../clib/heapalloc.c                      0x00000000   Number         0  maybetermalloc1.o ABSOLUTE
    ../clib/heapalloc.c                      0x00000000   Number         0  init_alloc.o ABSOLUTE
    ../clib/heapaux.c                        0x00000000   Number         0  heapauxa.o ABSOLUTE
    ../clib/heapaux.c                        0x00000000   Number         0  heapauxi.o ABSOLUTE
    ../clib/libinit.s                        0x00000000   Number         0  libshutdown.o ABSOLUTE
    ../clib/libinit.s                        0x00000000   Number         0  libinit2.o ABSOLUTE
    ../clib/libinit.s                        0x00000000   Number         0  libinit.o ABSOLUTE
    ../clib/libinit.s                        0x00000000   Number         0  libshutdown2.o ABSOLUTE
    ../clib/memcpset.c                       0x00000000   Number         0  rt_memcpy.o ABSOLUTE
    ../clib/memcpset.c                       0x00000000   Number         0  rt_memcpy.o ABSOLUTE
    ../clib/signal.c                         0x00000000   Number         0  defsig_rtmem_inner.o ABSOLUTE
    ../clib/signal.c                         0x00000000   Number         0  defsig_rtmem_formal.o ABSOLUTE
    ../clib/signal.c                         0x00000000   Number         0  defsig_fpe_outer.o ABSOLUTE
    ../clib/signal.c                         0x00000000   Number         0  defsig_fpe_formal.o ABSOLUTE
    ../clib/signal.c                         0x00000000   Number         0  defsig_fpe_inner.o ABSOLUTE
    ../clib/signal.c                         0x00000000   Number         0  __raise.o ABSOLUTE
    ../clib/signal.c                         0x00000000   Number         0  defsig_general.o ABSOLUTE
    ../clib/signal.c                         0x00000000   Number         0  defsig_abrt_inner.o ABSOLUTE
    ../clib/signal.c                         0x00000000   Number         0  defsig_abrt_formal.o ABSOLUTE
    ../clib/signal.c                         0x00000000   Number         0  defsig_rtred_inner.o ABSOLUTE
    ../clib/signal.c                         0x00000000   Number         0  defsig_stak_inner.o ABSOLUTE
    ../clib/signal.c                         0x00000000   Number         0  defsig_pvfn_inner.o ABSOLUTE
    ../clib/signal.c                         0x00000000   Number         0  defsig_cppl_inner.o ABSOLUTE
    ../clib/signal.c                         0x00000000   Number         0  defsig_segv_inner.o ABSOLUTE
    ../clib/signal.c                         0x00000000   Number         0  defsig_other.o ABSOLUTE
    ../clib/signal.c                         0x00000000   Number         0  defsig_abrt_outer.o ABSOLUTE
    ../clib/signal.c                         0x00000000   Number         0  defsig_exit.o ABSOLUTE
    ../clib/signal.c                         0x00000000   Number         0  defsig_rtmem_outer.o ABSOLUTE
    ../clib/signal.s                         0x00000000   Number         0  defsig.o ABSOLUTE
    ../clib/stdlib.c                         0x00000000   Number         0  exit.o ABSOLUTE
    ../clib/stdlib.c                         0x00000000   Number         0  abort.o ABSOLUTE
    ../clib/stdlib.c                         0x00000000   Number         0  bsearchnoex.o ABSOLUTE
    ../fplib/cfplib/cmpret.c                 0x00000000   Number         0  cmpret.o ABSOLUTE
    ../fplib/cfplib/d2f.c                    0x00000000   Number         0  d2f.o ABSOLUTE
    ../fplib/cfplib/daddsub.c                0x00000000   Number         0  daddsub.o ABSOLUTE
    ../fplib/cfplib/dcmpin.c                 0x00000000   Number         0  dcmpin.o ABSOLUTE
    ../fplib/cfplib/ddiv.c                   0x00000000   Number         0  ddiv.o ABSOLUTE
    ../fplib/cfplib/dmul.c                   0x00000000   Number         0  dmul.o ABSOLUTE
    ../fplib/cfplib/dsqrt.c                  0x00000000   Number         0  dsqrt.o ABSOLUTE
    ../fplib/cfplib/fcmpin.c                 0x00000000   Number         0  fcmpin.o ABSOLUTE
    ../fplib/cfplib/ffix.c                   0x00000000   Number         0  ffixui.o ABSOLUTE
    ../fplib/cfplib/ffix.c                   0x00000000   Number         0  ffixi.o ABSOLUTE
    ../fplib/cfplib/ffix.c                   0x00000000   Number         0  dfixui.o ABSOLUTE
    ../fplib/cfplib/fflt.c                   0x00000000   Number         0  dflti.o ABSOLUTE
    ../fplib/cfplib/fflt.c                   0x00000000   Number         0  fflti.o ABSOLUTE
    ../fplib/cfplib/fpinit.c                 0x00000000   Number         0  fpinit.o ABSOLUTE
    ../fplib/cfplib/nan2.c                   0x00000000   Number         0  fnan2.o ABSOLUTE
    ../fplib/cfplib/nan2.c                   0x00000000   Number         0  dnan2.o ABSOLUTE
    ../fplib/cfplib/retnan.c                 0x00000000   Number         0  retnan.o ABSOLUTE
    ../fplib/dleqf6m.s                       0x00000000   Number         0  dlef.o ABSOLUTE
    ../fplib/drleqf6m.s                      0x00000000   Number         0  drlef.o ABSOLUTE
    ../fplib/frleqf6m.s                      0x00000000   Number         0  frlef.o ABSOLUTE
    ../fplib/usenofp.s                       0x00000000   Number         0  usenofp.o ABSOLUTE
    ../mathlib/sqrt.c                        0x00000000   Number         0  sqrt_x.o ABSOLUTE
    ../mathlib/sqrt.c                        0x00000000   Number         0  sqrt.o ABSOLUTE
    ADC\ADC.cpp                              0x00000000   Number         0  adc.o ABSOLUTE
    ADC\\ADC.cpp                             0x00000000   Number         0  adc.o ABSOLUTE
    D:\Keil_v5\ARM\PACK\Keil\MDR1986BExx\2.0.3\Libraries\SPL\MDR32Fx\src\MDR32F9Qx_adc.c 0x00000000   Number         0  mdr32f9qx_adc.o ABSOLUTE
    D:\Keil_v5\ARM\PACK\Keil\MDR1986BExx\2.0.3\Libraries\SPL\MDR32Fx\src\MDR32F9Qx_dma.c 0x00000000   Number         0  mdr32f9qx_dma.o ABSOLUTE
    D:\Keil_v5\ARM\PACK\Keil\MDR1986BExx\2.0.3\Libraries\SPL\MDR32Fx\src\MDR32F9Qx_port.c 0x00000000   Number         0  mdr32f9qx_port.o ABSOLUTE
    D:\Keil_v5\ARM\PACK\Keil\MDR1986BExx\2.0.3\Libraries\SPL\MDR32Fx\src\MDR32F9Qx_rst_clk.c 0x00000000   Number         0  mdr32f9qx_rst_clk.o ABSOLUTE
    D:\Keil_v5\ARM\PACK\Keil\MDR1986BExx\2.0.3\Libraries\SPL\MDR32Fx\src\MDR32F9Qx_ssp.c 0x00000000   Number         0  mdr32f9qx_ssp.o ABSOLUTE
    D:\Keil_v5\ARM\PACK\Keil\MDR1986BExx\2.0.3\Libraries\SPL\MDR32Fx\src\MDR32F9Qx_timer.c 0x00000000   Number         0  mdr32f9qx_timer.o ABSOLUTE
    D:\Keil_v5\ARM\PACK\Keil\MDR1986BExx\2.0.3\Libraries\SPL\MDR32Fx\src\MDR32F9Qx_uart.c 0x00000000   Number         0  mdr32f9qx_uart.o ABSOLUTE
    D:\Keil_v5\ARM\PACK\Keil\MDR1986BExx\2.0.3\Libraries\SPL\MDR32Fx\src\MDR32F9Qx_wwdg.c 0x00000000   Number         0  mdr32f9qx_wwdg.o ABSOLUTE
    D:\\Keil_v5\\ARM\\PACK\\Keil\\MDR1986BExx\\2.0.3\\Libraries\\SPL\\MDR32Fx\\src\\MDR32F9Qx_adc.c 0x00000000   Number         0  mdr32f9qx_adc.o ABSOLUTE
    D:\\Keil_v5\\ARM\\PACK\\Keil\\MDR1986BExx\\2.0.3\\Libraries\\SPL\\MDR32Fx\\src\\MDR32F9Qx_dma.c 0x00000000   Number         0  mdr32f9qx_dma.o ABSOLUTE
    D:\\Keil_v5\\ARM\\PACK\\Keil\\MDR1986BExx\\2.0.3\\Libraries\\SPL\\MDR32Fx\\src\\MDR32F9Qx_port.c 0x00000000   Number         0  mdr32f9qx_port.o ABSOLUTE
    D:\\Keil_v5\\ARM\\PACK\\Keil\\MDR1986BExx\\2.0.3\\Libraries\\SPL\\MDR32Fx\\src\\MDR32F9Qx_rst_clk.c 0x00000000   Number         0  mdr32f9qx_rst_clk.o ABSOLUTE
    D:\\Keil_v5\\ARM\\PACK\\Keil\\MDR1986BExx\\2.0.3\\Libraries\\SPL\\MDR32Fx\\src\\MDR32F9Qx_ssp.c 0x00000000   Number         0  mdr32f9qx_ssp.o ABSOLUTE
    D:\\Keil_v5\\ARM\\PACK\\Keil\\MDR1986BExx\\2.0.3\\Libraries\\SPL\\MDR32Fx\\src\\MDR32F9Qx_timer.c 0x00000000   Number         0  mdr32f9qx_timer.o ABSOLUTE
    D:\\Keil_v5\\ARM\\PACK\\Keil\\MDR1986BExx\\2.0.3\\Libraries\\SPL\\MDR32Fx\\src\\MDR32F9Qx_uart.c 0x00000000   Number         0  mdr32f9qx_uart.o ABSOLUTE
    D:\\Keil_v5\\ARM\\PACK\\Keil\\MDR1986BExx\\2.0.3\\Libraries\\SPL\\MDR32Fx\\src\\MDR32F9Qx_wwdg.c 0x00000000   Number         0  mdr32f9qx_wwdg.o ABSOLUTE
    DS18B20\DS18B20.cpp                      0x00000000   Number         0  ds18b20.o ABSOLUTE
    Delay\\delay.cpp                         0x00000000   Number         0  delay.o ABSOLUTE
    Delay\delay.cpp                          0x00000000   Number         0  delay.o ABSOLUTE
    HEF4051\\hef4051.cpp                     0x00000000   Number         0  hef4051.o ABSOLUTE
    HEF4051\hef4051.cpp                      0x00000000   Number         0  hef4051.o ABSOLUTE
    ILI9488\DefaultFonts.c                   0x00000000   Number         0  defaultfonts.o ABSOLUTE
    ILI9488\ILI9488.cpp                      0x00000000   Number         0  ili9488.o ABSOLUTE
    ILI9488\\ILI9488.cpp                     0x00000000   Number         0  ili9488.o ABSOLUTE
    Interrupt\MDR32F9Qx_it.cpp               0x00000000   Number         0  mdr32f9qx_it.o ABSOLUTE
    Interrupt\\MDR32F9Qx_it.cpp              0x00000000   Number         0  mdr32f9qx_it.o ABSOLUTE
    LedInd\\ledInd.cpp                       0x00000000   Number         0  ledind.o ABSOLUTE
    LedInd\ledInd.cpp                        0x00000000   Number         0  ledind.o ABSOLUTE
    MAX31865\MAX31865.cpp                    0x00000000   Number         0  max31865.o ABSOLUTE
    MAX31865\\MAX31865.cpp                   0x00000000   Number         0  max31865.o ABSOLUTE
    OWI\OWI.cpp                              0x00000000   Number         0  owi.o ABSOLUTE
    OWI\OWISWBitFunctions.cpp                0x00000000   Number         0  owiswbitfunctions.o ABSOLUTE
    OWI\\OWI.cpp                             0x00000000   Number         0  owi.o ABSOLUTE
    Port\\port.cpp                           0x00000000   Number         0  port.o ABSOLUTE
    Port\port.cpp                            0x00000000   Number         0  port.o ABSOLUTE
    RCC\RCC.cpp                              0x00000000   Number         0  rcc.o ABSOLUTE
    RCC\\RCC.cpp                             0x00000000   Number         0  rcc.o ABSOLUTE
    RTE\Device\MDR1986BE1T\system_MDR1986VE1T.c 0x00000000   Number         0  system_mdr1986ve1t.o ABSOLUTE
    RTE\\Device\\MDR1986BE1T\\startup_MDR1986VE1T.S 0x00000000   Number         0  startup_mdr1986ve1t.o ABSOLUTE
    RTE\\Device\\MDR1986BE1T\\system_MDR1986VE1T.c 0x00000000   Number         0  system_mdr1986ve1t.o ABSOLUTE
    Relay\\relay.cpp                         0x00000000   Number         0  relay.o ABSOLUTE
    Relay\relay.cpp                          0x00000000   Number         0  relay.o ABSOLUTE
    TFT_module\TFT_module.cpp                0x00000000   Number         0  tft_module.o ABSOLUTE
    TFT_module\\TFT_module.cpp               0x00000000   Number         0  tft_module.o ABSOLUTE
    Timers\\timers.cpp                       0x00000000   Number         0  timers.o ABSOLUTE
    Timers\timers.cpp                        0x00000000   Number         0  timers.o ABSOLUTE
    TouchScreen\\touchScreen.cpp             0x00000000   Number         0  touchscreen.o ABSOLUTE
    TouchScreen\touchScreen.cpp              0x00000000   Number         0  touchscreen.o ABSOLUTE
    UART\\uart.cpp                           0x00000000   Number         0  uart.o ABSOLUTE
    UART\uart.cpp                            0x00000000   Number         0  uart.o ABSOLUTE
    W25Qxx\W25Qxx.cpp                        0x00000000   Number         0  w25qxx.o ABSOLUTE
    W25Qxx\\W25Qxx.cpp                       0x00000000   Number         0  w25qxx.o ABSOLUTE
    dc.s                                     0x00000000   Number         0  dc.o ABSOLUTE
    main\\main.cpp                           0x00000000   Number         0  main.o ABSOLUTE
    main\main.cpp                            0x00000000   Number         0  main.o ABSOLUTE
    sensorButton\\sensorButton.cpp           0x00000000   Number         0  sensorbutton.o ABSOLUTE
    sensorButton\sensorButton.cpp            0x00000000   Number         0  sensorbutton.o ABSOLUTE
    spi\\spi.cpp                             0x00000000   Number         0  spi.o ABSOLUTE
    spi\spi.cpp                              0x00000000   Number         0  spi.o ABSOLUTE
    !!!main                                  0x000000c0   Section        8  __main.o(!!!main)
    !!!scatter                               0x000000c8   Section       60  __scatter.o(!!!scatter)
    !!handler_copy                           0x00000104   Section       26  __scatter_copy.o(!!handler_copy)
    !!handler_zi                             0x00000120   Section       28  __scatter_zi.o(!!handler_zi)
    .ARM.Collect$$libinit$$00000000          0x0000013c   Section        2  libinit.o(.ARM.Collect$$libinit$$00000000)
    .ARM.Collect$$libinit$$00000002          0x0000013e   Section        0  libinit2.o(.ARM.Collect$$libinit$$00000002)
    .ARM.Collect$$libinit$$00000004          0x0000013e   Section        0  libinit2.o(.ARM.Collect$$libinit$$00000004)
    .ARM.Collect$$libinit$$00000005          0x0000013e   Section        8  libinit2.o(.ARM.Collect$$libinit$$00000005)
    .ARM.Collect$$libinit$$0000000A          0x00000146   Section        0  libinit2.o(.ARM.Collect$$libinit$$0000000A)
    .ARM.Collect$$libinit$$0000000C          0x00000146   Section        0  libinit2.o(.ARM.Collect$$libinit$$0000000C)
    .ARM.Collect$$libinit$$0000000E          0x00000146   Section        0  libinit2.o(.ARM.Collect$$libinit$$0000000E)
    .ARM.Collect$$libinit$$00000011          0x00000146   Section        0  libinit2.o(.ARM.Collect$$libinit$$00000011)
    .ARM.Collect$$libinit$$00000013          0x00000146   Section        0  libinit2.o(.ARM.Collect$$libinit$$00000013)
    .ARM.Collect$$libinit$$00000015          0x00000146   Section        0  libinit2.o(.ARM.Collect$$libinit$$00000015)
    .ARM.Collect$$libinit$$00000017          0x00000146   Section        0  libinit2.o(.ARM.Collect$$libinit$$00000017)
    .ARM.Collect$$libinit$$00000019          0x00000146   Section        0  libinit2.o(.ARM.Collect$$libinit$$00000019)
    .ARM.Collect$$libinit$$0000001B          0x00000146   Section        0  libinit2.o(.ARM.Collect$$libinit$$0000001B)
    .ARM.Collect$$libinit$$0000001D          0x00000146   Section        0  libinit2.o(.ARM.Collect$$libinit$$0000001D)
    .ARM.Collect$$libinit$$0000001F          0x00000146   Section        0  libinit2.o(.ARM.Collect$$libinit$$0000001F)
    .ARM.Collect$$libinit$$00000021          0x00000146   Section        0  libinit2.o(.ARM.Collect$$libinit$$00000021)
    .ARM.Collect$$libinit$$00000023          0x00000146   Section        0  libinit2.o(.ARM.Collect$$libinit$$00000023)
    .ARM.Collect$$libinit$$00000025          0x00000146   Section        0  libinit2.o(.ARM.Collect$$libinit$$00000025)
    .ARM.Collect$$libinit$$0000002C          0x00000146   Section        0  libinit2.o(.ARM.Collect$$libinit$$0000002C)
    .ARM.Collect$$libinit$$0000002E          0x00000146   Section        0  libinit2.o(.ARM.Collect$$libinit$$0000002E)
    .ARM.Collect$$libinit$$00000030          0x00000146   Section        0  libinit2.o(.ARM.Collect$$libinit$$00000030)
    .ARM.Collect$$libinit$$00000032          0x00000146   Section        0  libinit2.o(.ARM.Collect$$libinit$$00000032)
    .ARM.Collect$$libinit$$00000033          0x00000146   Section        2  libinit2.o(.ARM.Collect$$libinit$$00000033)
    .ARM.Collect$$libshutdown$$00000000      0x00000148   Section        2  libshutdown.o(.ARM.Collect$$libshutdown$$00000000)
    .ARM.Collect$$libshutdown$$00000002      0x0000014a   Section        0  libshutdown2.o(.ARM.Collect$$libshutdown$$00000002)
    .ARM.Collect$$libshutdown$$00000004      0x0000014a   Section        0  libshutdown2.o(.ARM.Collect$$libshutdown$$00000004)
    .ARM.Collect$$libshutdown$$00000007      0x0000014a   Section        0  libshutdown2.o(.ARM.Collect$$libshutdown$$00000007)
    .ARM.Collect$$libshutdown$$0000000A      0x0000014a   Section        0  libshutdown2.o(.ARM.Collect$$libshutdown$$0000000A)
    .ARM.Collect$$libshutdown$$0000000C      0x0000014a   Section        0  libshutdown2.o(.ARM.Collect$$libshutdown$$0000000C)
    .ARM.Collect$$libshutdown$$0000000F      0x0000014a   Section        0  libshutdown2.o(.ARM.Collect$$libshutdown$$0000000F)
    .ARM.Collect$$libshutdown$$00000010      0x0000014a   Section        2  libshutdown2.o(.ARM.Collect$$libshutdown$$00000010)
    .ARM.Collect$$rtentry$$00000000          0x0000014c   Section        0  __rtentry.o(.ARM.Collect$$rtentry$$00000000)
    .ARM.Collect$$rtentry$$00000002          0x0000014c   Section        0  __rtentry2.o(.ARM.Collect$$rtentry$$00000002)
    .ARM.Collect$$rtentry$$00000004          0x0000014c   Section        6  __rtentry4.o(.ARM.Collect$$rtentry$$00000004)
    .ARM.Collect$$rtentry$$00000009          0x00000152   Section        0  __rtentry2.o(.ARM.Collect$$rtentry$$00000009)
    .ARM.Collect$$rtentry$$0000000A          0x00000152   Section        4  __rtentry2.o(.ARM.Collect$$rtentry$$0000000A)
    .ARM.Collect$$rtentry$$0000000C          0x00000156   Section        0  __rtentry2.o(.ARM.Collect$$rtentry$$0000000C)
    .ARM.Collect$$rtentry$$0000000D          0x00000156   Section        8  __rtentry2.o(.ARM.Collect$$rtentry$$0000000D)
    .ARM.Collect$$rtexit$$00000000           0x0000015e   Section        2  rtexit.o(.ARM.Collect$$rtexit$$00000000)
    .ARM.Collect$$rtexit$$00000002           0x00000160   Section        0  rtexit2.o(.ARM.Collect$$rtexit$$00000002)
    .ARM.Collect$$rtexit$$00000003           0x00000160   Section        4  rtexit2.o(.ARM.Collect$$rtexit$$00000003)
    .ARM.Collect$$rtexit$$00000004           0x00000164   Section        6  rtexit2.o(.ARM.Collect$$rtexit$$00000004)
    .emb_text                                0x0000016c   Section        0  maybetermalloc1.o(.emb_text)
    .text                                    0x0000016c   Section      116  startup_mdr1986ve1t.o(.text)
    .text                                    0x000001e0   Section      346  aeabi_sdiv.o(.text)
    .text                                    0x0000033a   Section        0  heapauxi.o(.text)
    .text                                    0x00000340   Section        8  rt_new_handler_addr_intlibspace.o(.text)
    .text                                    0x00000348   Section        0  h1_alloc.o(.text)
    .text                                    0x000003aa   Section        0  arm_newhandler_noexceptions.o(.text)
    .text                                    0x000003b4   Section        8  libspace.o(.text)
    .text                                    0x000003bc   Section        8  rt_heap_descriptor_intlibspace.o(.text)
    .text                                    0x000003c4   Section        0  hguard.o(.text)
    .text                                    0x000003c8   Section        0  init_alloc.o(.text)
    .text                                    0x00000450   Section        0  h1_init.o(.text)
    .text                                    0x0000045e   Section        0  h1_free.o(.text)
    .text                                    0x000004aa   Section        0  arm_exceptions_terminate.o(.text)
    .text                                    0x000004c6   Section       62  sys_stackheap_outer.o(.text)
    .text                                    0x00000504   Section        0  h1_extend.o(.text)
    .text                                    0x00000538   Section        0  exit.o(.text)
    .text                                    0x00000548   Section        0  abort.o(.text)
    .text                                    0x0000055c   Section        0  defsig_rtmem_outer.o(.text)
    .text                                    0x00000568   Section        0  arm_exceptions_globs.o(.text)
    [local to arm_exceptions_c]::__default_terminate_handler() 0x00000569   Thumb Code     6  arm_exceptions_globs.o(.text)
    .text                                    0x000005bc   Section        0  sys_exit.o(.text)
    .text                                    0x000005c8   Section        2  use_no_semi.o(.text)
    .text                                    0x000005ca   Section        0  indicate_semi.o(.text)
    .text                                    0x000005cc   Section        8  rt_eh_globals_addr_intlibspace.o(.text)
    .text                                    0x000005d4   Section        0  defsig_exit.o(.text)
    .text                                    0x000005e0   Section        0  defsig_abrt_outer.o(.text)
    .text                                    0x000005ec   Section        0  defsig_rtmem_inner.o(.text)
    .text                                    0x0000063c   Section        0  arm_exceptions_mem.o(.text)
    .text                                    0x0000067e   Section        0  defsig_general.o(.text)
    .text                                    0x000006b4   Section        0  defsig_abrt_inner.o(.text)
    .text                                    0x000006e4   Section        0  sys_wrch.o(.text)
    i.ADC_IRQHandler                         0x000006f0   Section        0  mdr32f9qx_it.o(i.ADC_IRQHandler)
    i.CAN1_IRQHandler                        0x000006f2   Section        0  mdr32f9qx_it.o(i.CAN1_IRQHandler)
    i.CAN2_IRQHandler                        0x000006f4   Section        0  mdr32f9qx_it.o(i.CAN2_IRQHandler)
    i.EXT_INT1_IRQHandler                    0x000006f6   Section        0  mdr32f9qx_it.o(i.EXT_INT1_IRQHandler)
    i.EXT_INT2_IRQHandler                    0x000006f8   Section        0  mdr32f9qx_it.o(i.EXT_INT2_IRQHandler)
    i.EXT_INT3_IRQHandler                    0x000006fa   Section        0  mdr32f9qx_it.o(i.EXT_INT3_IRQHandler)
    i.EXT_INT4_IRQHandler                    0x000006fc   Section        0  mdr32f9qx_it.o(i.EXT_INT4_IRQHandler)
    i.HardFault_Handler                      0x00000700   Section        0  mdr32f9qx_it.o(i.HardFault_Handler)
    i.NMI_Handler                            0x00000720   Section        0  mdr32f9qx_it.o(i.NMI_Handler)
    i.PORT_Init                              0x00000724   Section        0  mdr32f9qx_port.o(i.PORT_Init)
    i.PORT_StructInit                        0x00000808   Section        0  mdr32f9qx_port.o(i.PORT_StructInit)
    i.POWER_IRQHandler                       0x00000824   Section        0  mdr32f9qx_it.o(i.POWER_IRQHandler)
    i.PendSV_Handler                         0x00000826   Section        0  mdr32f9qx_it.o(i.PendSV_Handler)
    i.RST_CLK_CPU_PLLcmd                     0x00000828   Section        0  mdr32f9qx_rst_clk.o(i.RST_CLK_CPU_PLLcmd)
    i.RST_CLK_CPU_PLLconfig                  0x0000084c   Section        0  mdr32f9qx_rst_clk.o(i.RST_CLK_CPU_PLLconfig)
    i.RST_CLK_CPU_PLLuse                     0x000008a0   Section        0  mdr32f9qx_rst_clk.o(i.RST_CLK_CPU_PLLuse)
    i.RST_CLK_CPUclkPrescaler                0x000008c4   Section        0  mdr32f9qx_rst_clk.o(i.RST_CLK_CPUclkPrescaler)
    i.RST_CLK_CPUclkSelection                0x000008e0   Section        0  mdr32f9qx_rst_clk.o(i.RST_CLK_CPUclkSelection)
    i.RST_CLK_DeInit                         0x00000900   Section        0  mdr32f9qx_rst_clk.o(i.RST_CLK_DeInit)
    i.RST_CLK_GetClocksFreq                  0x00000930   Section        0  mdr32f9qx_rst_clk.o(i.RST_CLK_GetClocksFreq)
    i.RST_CLK_GetFlagStatus                  0x00000b34   Section        0  mdr32f9qx_rst_clk.o(i.RST_CLK_GetFlagStatus)
    i.RST_CLK_HSEconfig                      0x00000b68   Section        0  mdr32f9qx_rst_clk.o(i.RST_CLK_HSEconfig)
    i.RST_CLK_HSEstatus                      0x00000ba4   Section        0  mdr32f9qx_rst_clk.o(i.RST_CLK_HSEstatus)
    i.RST_CLK_HSIcmd                         0x00000bdc   Section        0  mdr32f9qx_rst_clk.o(i.RST_CLK_HSIcmd)
    i.RST_CLK_HSIstatus                      0x00000c04   Section        0  mdr32f9qx_rst_clk.o(i.RST_CLK_HSIstatus)
    i.RST_CLK_PCLKcmd                        0x00000c3c   Section        0  mdr32f9qx_rst_clk.o(i.RST_CLK_PCLKcmd)
    i.RST_CLK_WarmDeInit                     0x00000c5c   Section        0  mdr32f9qx_rst_clk.o(i.RST_CLK_WarmDeInit)
    i.SSP1_IRQHandler                        0x00000cd8   Section        0  mdr32f9qx_it.o(i.SSP1_IRQHandler)
    i.SSP2_IRQHandler                        0x00000cda   Section        0  mdr32f9qx_it.o(i.SSP2_IRQHandler)
    i.SVC_Handler                            0x00000cdc   Section        0  mdr32f9qx_it.o(i.SVC_Handler)
    i.SysTick_Handler                        0x00000ce0   Section        0  mdr32f9qx_it.o(i.SysTick_Handler)
    i.SystemCoreClockUpdate                  0x00000cf8   Section        0  system_mdr1986ve1t.o(i.SystemCoreClockUpdate)
    i.SystemInit                             0x00000d98   Section        0  system_mdr1986ve1t.o(i.SystemInit)
    i.TIMER1_IRQHandler                      0x00000dc4   Section        0  mdr32f9qx_it.o(i.TIMER1_IRQHandler)
    i.UART1_IRQHandler                       0x00000dc6   Section        0  mdr32f9qx_it.o(i.UART1_IRQHandler)
    i.UART2_IRQHandler                       0x00000dc8   Section        0  mdr32f9qx_it.o(i.UART2_IRQHandler)
    i.UART_BRGInit                           0x00000dcc   Section        0  mdr32f9qx_uart.o(i.UART_BRGInit)
    i.UART_Cmd                               0x00000e18   Section        0  mdr32f9qx_uart.o(i.UART_Cmd)
    i.UART_DeInit                            0x00000e34   Section        0  mdr32f9qx_uart.o(i.UART_DeInit)
    i.UART_GetFlagStatus                     0x00000e5a   Section        0  mdr32f9qx_uart.o(i.UART_GetFlagStatus)
    i.UART_Init                              0x00000e6c   Section        0  mdr32f9qx_uart.o(i.UART_Init)
    i.UART_ReceiveData                       0x00000f40   Section        0  mdr32f9qx_uart.o(i.UART_ReceiveData)
    i.UART_SendData                          0x00000f48   Section        0  mdr32f9qx_uart.o(i.UART_SendData)
    i.UART_StructInit                        0x00000f4c   Section        0  mdr32f9qx_uart.o(i.UART_StructInit)
    i.USB_IRQHandler                         0x00000f64   Section        0  mdr32f9qx_it.o(i.USB_IRQHandler)
    i.WWDG_IRQHandler                        0x00000f66   Section        0  mdr32f9qx_it.o(i.WWDG_IRQHandler)
    i._ZN3OWI11receiveByteEv                 0x00000f68   Section        0  owi.o(i._ZN3OWI11receiveByteEv)
    i._ZN3OWI14detectPresenceEv              0x00000f8e   Section        0  owi.o(i._ZN3OWI14detectPresenceEv)
    i._ZN3OWI7readBitEv                      0x00000fbe   Section        0  owi.o(i._ZN3OWI7readBitEv)
    i._ZN3OWI7skipRomEv                      0x00000fd6   Section        0  owi.o(i._ZN3OWI7skipRomEv)
    i._ZN3OWI8readTempEPh                    0x00000fe4   Section        0  owi.o(i._ZN3OWI8readTempEPh)
    i._ZN3OWI8sendByteEh                     0x00001030   Section        0  owi.o(i._ZN3OWI8sendByteEh)
    i._ZN3OWI8touchBitEh                     0x0000105c   Section        0  owi.o(i._ZN3OWI8touchBitEh)
    i._ZN3OWI9writeBit0Ev                    0x00001078   Section        0  owi.o(i._ZN3OWI9writeBit0Ev)
    i._ZN3OWI9writeBit1Ev                    0x00001086   Section        0  owi.o(i._ZN3OWI9writeBit1Ev)
    i._ZN3OWIC1EP4UART                       0x00001094   Section        0  owi.o(i._ZN3OWIC1EP4UART)
    i._ZN3RCC11setSysClockEh                 0x00001098   Section        0  rcc.o(i._ZN3RCC11setSysClockEh)
    i._ZN3RCCC1Eh                            0x00001134   Section        0  rcc.o(i._ZN3RCCC1Eh)
    i._ZN4UART11changeSpeedEj                0x0000114c   Section        0  uart.o(i._ZN4UART11changeSpeedEj)
    i._ZN4UART8sendByteEh                    0x000011a0   Section        0  uart.o(i._ZN4UART8sendByteEh)
    i._ZN4UARTC1EP16MDR_UART_TypeDefjttttt   0x000011cc   Section        0  uart.o(i._ZN4UARTC1EP16MDR_UART_TypeDefjttttt)
    i._ZN9PortMapIO10enablePortEv            0x00001238   Section        0  port.o(i._ZN9PortMapIO10enablePortEv)
    i._ZN9PortMapIO11fullInitPinE15PORT_OE_TypeDef20PORT_PULL_UP_TypeDef22PORT_PULL_DOWN_TypeDef19PORT_PD_SHM_TypeDef15PORT_PD_TypeDef17PORT_GFEN_TypeDef17PORT_FUNC_TypeDef18PORT_SPEED_TypeDef17PORT_MODE_TypeDef 0x000012b8   Section        0  port.o(i._ZN9PortMapIO11fullInitPinE15PORT_OE_TypeDef20PORT_PULL_UP_TypeDef22PORT_PULL_DOWN_TypeDef19PORT_PD_SHM_TypeDef15PORT_PD_TypeDef17PORT_GFEN_TypeDef17PORT_FUNC_TypeDef18PORT_SPEED_TypeDef17PORT_MODE_TypeDef)
    i._ZN9PortMapIOC1EP16MDR_PORT_TypeDeft15PORT_OE_TypeDef20PORT_PULL_UP_TypeDef22PORT_PULL_DOWN_TypeDef19PORT_PD_SHM_TypeDef15PORT_PD_TypeDef17PORT_GFEN_TypeDef17PORT_FUNC_TypeDef18PORT_SPEED_TypeDef17PORT_MODE_TypeDef 0x000012f6   Section        0  port.o(i._ZN9PortMapIOC1EP16MDR_PORT_TypeDeft15PORT_OE_TypeDef20PORT_PULL_UP_TypeDef22PORT_PULL_DOWN_TypeDef19PORT_PD_SHM_TypeDef15PORT_PD_TypeDef17PORT_GFEN_TypeDef17PORT_FUNC_TypeDef18PORT_SPEED_TypeDef17PORT_MODE_TypeDef)
    i._Znwj                                  0x00001338   Section        0  new.o(i._Znwj)
    i.main                                   0x00001360   Section        0  main.o(i.main)
    .data                                    0x20000000   Section       12  main.o(.data)
    .data                                    0x2000000c   Section        4  delay.o(.data)
    .data                                    0x20000010   Section        4  system_mdr1986ve1t.o(.data)
    .bss                                     0x20000014   Section        9  main.o(.bss)
    .bss                                     0x20000020   Section       96  libspace.o(.bss)
    HEAP                                     0x20000080   Section     4096  startup_mdr1986ve1t.o(HEAP)
    Heap_Mem                                 0x20000080   Data        4096  startup_mdr1986ve1t.o(HEAP)
    STACK                                    0x20001080   Section     4096  startup_mdr1986ve1t.o(STACK)
    Stack_Mem                                0x20001080   Data        4096  startup_mdr1986ve1t.o(STACK)
    __initial_sp                             0x20002080   Data           0  startup_mdr1986ve1t.o(STACK)

    Global Symbols

    Symbol Name                              Value     Ov Type        Size  Object(Section)

    BuildAttributes$$THM_ISAv3M$S$PE$A:L22$X:L11$S22$IEEE1$IW$USESV6$~STKCKD$USESV7$~SHL$OTIME$ROPI$IEEEJ$EBA8$UX$STANDARDLIB$REQ8$PRES8$EABIv2 0x00000000   Number         0  anon$$obj.o ABSOLUTE
    __ARM_use_no_argv                        0x00000000   Number         0  main.o ABSOLUTE
    __Vectors                                0x00000000   Data           4  startup_mdr1986ve1t.o(RESET)
    SHT$$ARM_EXIDX$$Base                      - Undefined Reference
    SHT$$ARM_EXIDX$$Limit                     - Undefined Reference
    __ARM::default_unexpected_handler()       - Undefined Weak Reference
    __ARM_exceptions_buffer_required          - Undefined Weak Reference
    __ARM_exceptions_init                     - Undefined Weak Reference
    __aeabi_unwind_cpp_pr1                    - Undefined Weak Reference
    __aeabi_unwind_cpp_pr2                    - Undefined Weak Reference
    __alloca_initialize                       - Undefined Weak Reference
    __arm_preinit_                            - Undefined Weak Reference
    __cpp_initialize__aeabi_                  - Undefined Weak Reference
    __cxa_begin_cleanup                       - Undefined Weak Reference
    __cxa_finalize                            - Undefined Weak Reference
    __cxa_type_match                          - Undefined Weak Reference
    __rt_locale                               - Undefined Weak Reference
    __sigvec_lookup                           - Undefined Weak Reference
    __user_heap_extent                        - Undefined Weak Reference
    _atexit_init                              - Undefined Weak Reference
    _call_atexit_fns                          - Undefined Weak Reference
    _clock_init                               - Undefined Weak Reference
    _fp_trap_init                             - Undefined Weak Reference
    _fp_trap_shutdown                         - Undefined Weak Reference
    _get_lc_collate                           - Undefined Weak Reference
    _get_lc_ctype                             - Undefined Weak Reference
    _get_lc_monetary                          - Undefined Weak Reference
    _get_lc_numeric                           - Undefined Weak Reference
    _get_lc_time                              - Undefined Weak Reference
    _getenv_init                              - Undefined Weak Reference
    _handle_redirection                       - Undefined Weak Reference
    _initio                                   - Undefined Weak Reference
    _mutex_acquire                            - Undefined Weak Reference
    _mutex_free                               - Undefined Weak Reference
    _mutex_release                            - Undefined Weak Reference
    _rand_init                                - Undefined Weak Reference
    _signal_finish                            - Undefined Weak Reference
    _signal_init                              - Undefined Weak Reference
    _terminateio                              - Undefined Weak Reference
    __main                                   0x000000c1   Thumb Code     8  __main.o(!!!main)
    __scatterload                            0x000000c9   Thumb Code     0  __scatter.o(!!!scatter)
    __scatterload_rt2                        0x000000c9   Thumb Code    52  __scatter.o(!!!scatter)
    __scatterload_rt2_thumb_only             0x000000c9   Thumb Code     0  __scatter.o(!!!scatter)
    __scatterload_null                       0x000000d9   Thumb Code     0  __scatter.o(!!!scatter)
    __scatterload_copy                       0x00000105   Thumb Code    26  __scatter_copy.o(!!handler_copy)
    __scatterload_zeroinit                   0x00000121   Thumb Code    28  __scatter_zi.o(!!handler_zi)
    __rt_lib_init                            0x0000013d   Thumb Code     0  libinit.o(.ARM.Collect$$libinit$$00000000)
    __rt_lib_init_fp_1                       0x0000013f   Thumb Code     0  libinit2.o(.ARM.Collect$$libinit$$00000002)
    __rt_lib_init_heap_2                     0x0000013f   Thumb Code     0  libinit2.o(.ARM.Collect$$libinit$$00000005)
    __rt_lib_init_preinit_1                  0x0000013f   Thumb Code     0  libinit2.o(.ARM.Collect$$libinit$$00000004)
    __rt_lib_init_alloca_1                   0x00000147   Thumb Code     0  libinit2.o(.ARM.Collect$$libinit$$0000002E)
    __rt_lib_init_argv_1                     0x00000147   Thumb Code     0  libinit2.o(.ARM.Collect$$libinit$$0000002C)
    __rt_lib_init_atexit_1                   0x00000147   Thumb Code     0  libinit2.o(.ARM.Collect$$libinit$$0000001B)
    __rt_lib_init_clock_1                    0x00000147   Thumb Code     0  libinit2.o(.ARM.Collect$$libinit$$00000021)
    __rt_lib_init_cpp_1                      0x00000147   Thumb Code     0  libinit2.o(.ARM.Collect$$libinit$$00000032)
    __rt_lib_init_exceptions_1               0x00000147   Thumb Code     0  libinit2.o(.ARM.Collect$$libinit$$00000030)
    __rt_lib_init_fp_trap_1                  0x00000147   Thumb Code     0  libinit2.o(.ARM.Collect$$libinit$$0000001F)
    __rt_lib_init_getenv_1                   0x00000147   Thumb Code     0  libinit2.o(.ARM.Collect$$libinit$$00000023)
    __rt_lib_init_heap_1                     0x00000147   Thumb Code     0  libinit2.o(.ARM.Collect$$libinit$$0000000A)
    __rt_lib_init_lc_collate_1               0x00000147   Thumb Code     0  libinit2.o(.ARM.Collect$$libinit$$00000011)
    __rt_lib_init_lc_ctype_1                 0x00000147   Thumb Code     0  libinit2.o(.ARM.Collect$$libinit$$00000013)
    __rt_lib_init_lc_monetary_1              0x00000147   Thumb Code     0  libinit2.o(.ARM.Collect$$libinit$$00000015)
    __rt_lib_init_lc_numeric_1               0x00000147   Thumb Code     0  libinit2.o(.ARM.Collect$$libinit$$00000017)
    __rt_lib_init_lc_time_1                  0x00000147   Thumb Code     0  libinit2.o(.ARM.Collect$$libinit$$00000019)
    __rt_lib_init_rand_1                     0x00000147   Thumb Code     0  libinit2.o(.ARM.Collect$$libinit$$0000000E)
    __rt_lib_init_return                     0x00000147   Thumb Code     0  libinit2.o(.ARM.Collect$$libinit$$00000033)
    __rt_lib_init_signal_1                   0x00000147   Thumb Code     0  libinit2.o(.ARM.Collect$$libinit$$0000001D)
    __rt_lib_init_stdio_1                    0x00000147   Thumb Code     0  libinit2.o(.ARM.Collect$$libinit$$00000025)
    __rt_lib_init_user_alloc_1               0x00000147   Thumb Code     0  libinit2.o(.ARM.Collect$$libinit$$0000000C)
    __rt_lib_shutdown                        0x00000149   Thumb Code     0  libshutdown.o(.ARM.Collect$$libshutdown$$00000000)
    __rt_lib_shutdown_cpp_1                  0x0000014b   Thumb Code     0  libshutdown2.o(.ARM.Collect$$libshutdown$$00000002)
    __rt_lib_shutdown_fp_trap_1              0x0000014b   Thumb Code     0  libshutdown2.o(.ARM.Collect$$libshutdown$$00000007)
    __rt_lib_shutdown_heap_1                 0x0000014b   Thumb Code     0  libshutdown2.o(.ARM.Collect$$libshutdown$$0000000F)
    __rt_lib_shutdown_return                 0x0000014b   Thumb Code     0  libshutdown2.o(.ARM.Collect$$libshutdown$$00000010)
    __rt_lib_shutdown_signal_1               0x0000014b   Thumb Code     0  libshutdown2.o(.ARM.Collect$$libshutdown$$0000000A)
    __rt_lib_shutdown_stdio_1                0x0000014b   Thumb Code     0  libshutdown2.o(.ARM.Collect$$libshutdown$$00000004)
    __rt_lib_shutdown_user_alloc_1           0x0000014b   Thumb Code     0  libshutdown2.o(.ARM.Collect$$libshutdown$$0000000C)
    __rt_entry                               0x0000014d   Thumb Code     0  __rtentry.o(.ARM.Collect$$rtentry$$00000000)
    __rt_entry_presh_1                       0x0000014d   Thumb Code     0  __rtentry2.o(.ARM.Collect$$rtentry$$00000002)
    __rt_entry_sh                            0x0000014d   Thumb Code     0  __rtentry4.o(.ARM.Collect$$rtentry$$00000004)
    __rt_entry_li                            0x00000153   Thumb Code     0  __rtentry2.o(.ARM.Collect$$rtentry$$0000000A)
    __rt_entry_postsh_1                      0x00000153   Thumb Code     0  __rtentry2.o(.ARM.Collect$$rtentry$$00000009)
    __rt_entry_main                          0x00000157   Thumb Code     0  __rtentry2.o(.ARM.Collect$$rtentry$$0000000D)
    __rt_entry_postli_1                      0x00000157   Thumb Code     0  __rtentry2.o(.ARM.Collect$$rtentry$$0000000C)
    __rt_exit                                0x0000015f   Thumb Code     0  rtexit.o(.ARM.Collect$$rtexit$$00000000)
    __rt_exit_ls                             0x00000161   Thumb Code     0  rtexit2.o(.ARM.Collect$$rtexit$$00000003)
    __rt_exit_prels_1                        0x00000161   Thumb Code     0  rtexit2.o(.ARM.Collect$$rtexit$$00000002)
    __rt_exit_exit                           0x00000165   Thumb Code     0  rtexit2.o(.ARM.Collect$$rtexit$$00000004)
    Reset_Handler                            0x0000016d   Thumb Code     8  startup_mdr1986ve1t.o(.text)
    _maybe_terminate_alloc                   0x0000016d   Thumb Code     0  maybetermalloc1.o(.emb_text)
    MIL_STD_1553B2_IRQHandler                0x0000017f   Thumb Code     2  startup_mdr1986ve1t.o(.text)
    MIL_STD_1553B1_IRQHandler                0x00000181   Thumb Code     2  startup_mdr1986ve1t.o(.text)
    DMA_IRQHandler                           0x00000189   Thumb Code     2  startup_mdr1986ve1t.o(.text)
    BUSY_IRQHandler                          0x00000191   Thumb Code     2  startup_mdr1986ve1t.o(.text)
    ARINC429R_IRQHandler                     0x00000193   Thumb Code     2  startup_mdr1986ve1t.o(.text)
    TIMER4_IRQHandler                        0x00000199   Thumb Code     2  startup_mdr1986ve1t.o(.text)
    TIMER2_IRQHandler                        0x0000019d   Thumb Code     2  startup_mdr1986ve1t.o(.text)
    TIMER3_IRQHandler                        0x0000019f   Thumb Code     2  startup_mdr1986ve1t.o(.text)
    ETHERNET_IRQHandler                      0x000001a3   Thumb Code     2  startup_mdr1986ve1t.o(.text)
    SSP3_IRQHandler                          0x000001a5   Thumb Code     2  startup_mdr1986ve1t.o(.text)
    ARINC429T1_IRQHandler                    0x000001a9   Thumb Code     2  startup_mdr1986ve1t.o(.text)
    ARINC429T2_IRQHandler                    0x000001ab   Thumb Code     2  startup_mdr1986ve1t.o(.text)
    ARINC429T3_IRQHandler                    0x000001ad   Thumb Code     2  startup_mdr1986ve1t.o(.text)
    ARINC429T4_IRQHandler                    0x000001af   Thumb Code     2  startup_mdr1986ve1t.o(.text)
    BKP_IRQHandler                           0x000001b1   Thumb Code     2  startup_mdr1986ve1t.o(.text)
    __user_initial_stackheap                 0x000001bd   Thumb Code     0  startup_mdr1986ve1t.o(.text)
    __aeabi_uidiv                            0x000001e1   Thumb Code     0  aeabi_sdiv.o(.text)
    __aeabi_uidivmod                         0x000001e1   Thumb Code    20  aeabi_sdiv.o(.text)
    __aeabi_idiv                             0x000001f5   Thumb Code     0  aeabi_sdiv.o(.text)
    __aeabi_idivmod                          0x000001f5   Thumb Code   326  aeabi_sdiv.o(.text)
    __use_two_region_memory                  0x0000033b   Thumb Code     2  heapauxi.o(.text)
    __rt_heap_escrow                         0x0000033d   Thumb Code     2  heapauxi.o(.text)
    __rt_heap_expand                         0x0000033f   Thumb Code     2  heapauxi.o(.text)
    __rt_new_handler_addr                    0x00000341   Thumb Code     8  rt_new_handler_addr_intlibspace.o(.text)
    malloc                                   0x00000349   Thumb Code    98  h1_alloc.o(.text)
    __default_new_handler()                  0x000003ab   Thumb Code     8  arm_newhandler_noexceptions.o(.text)
    __user_libspace                          0x000003b5   Thumb Code     8  libspace.o(.text)
    __user_perproc_libspace                  0x000003b5   Thumb Code     0  libspace.o(.text)
    __user_perthread_libspace                0x000003b5   Thumb Code     0  libspace.o(.text)
    __rt_heap_descriptor                     0x000003bd   Thumb Code     8  rt_heap_descriptor_intlibspace.o(.text)
    __use_no_heap                            0x000003c5   Thumb Code     2  hguard.o(.text)
    __heap$guard                             0x000003c7   Thumb Code     2  hguard.o(.text)
    _terminate_user_alloc                    0x000003c9   Thumb Code     2  init_alloc.o(.text)
    _init_user_alloc                         0x000003cb   Thumb Code     2  init_alloc.o(.text)
    __Heap_Full                              0x000003cd   Thumb Code    32  init_alloc.o(.text)
    __Heap_Broken                            0x000003ed   Thumb Code    10  init_alloc.o(.text)
    _init_alloc                              0x000003f7   Thumb Code    90  init_alloc.o(.text)
    __Heap_Initialize                        0x00000451   Thumb Code    10  h1_init.o(.text)
    __Heap_DescSize                          0x0000045b   Thumb Code     4  h1_init.o(.text)
    free                                     0x0000045f   Thumb Code    76  h1_free.o(.text)
    std::terminate()                         0x000004ab   Thumb Code    28  arm_exceptions_terminate.o(.text)
    __user_setup_stackheap                   0x000004c7   Thumb Code    62  sys_stackheap_outer.o(.text)
    __Heap_ProvideMemory                     0x00000505   Thumb Code    52  h1_extend.o(.text)
    exit                                     0x00000539   Thumb Code    16  exit.o(.text)
    abort                                    0x00000549   Thumb Code    20  abort.o(.text)
    __rt_SIGRTMEM                            0x0000055d   Thumb Code    12  defsig_rtmem_outer.o(.text)
    __cxa_get_globals                        0x0000056f   Thumb Code    66  arm_exceptions_globs.o(.text)
    _sys_exit                                0x000005bd   Thumb Code     8  sys_exit.o(.text)
    __I$use$semihosting                      0x000005c9   Thumb Code     0  use_no_semi.o(.text)
    __use_no_semihosting_swi                 0x000005c9   Thumb Code     2  use_no_semi.o(.text)
    __semihosting_library_function           0x000005cb   Thumb Code     0  indicate_semi.o(.text)
    __rt_eh_globals_addr                     0x000005cd   Thumb Code     8  rt_eh_globals_addr_intlibspace.o(.text)
    __sig_exit                               0x000005d5   Thumb Code    12  defsig_exit.o(.text)
    __rt_SIGABRT                             0x000005e1   Thumb Code    12  defsig_abrt_outer.o(.text)
    __rt_SIGRTMEM_inner                      0x000005ed   Thumb Code    22  defsig_rtmem_inner.o(.text)
    __ARM_exceptions_buffer_init             0x0000063d   Thumb Code    18  arm_exceptions_mem.o(.text)
    __ARM_exceptions_buffer_allocate         0x0000064f   Thumb Code    26  arm_exceptions_mem.o(.text)
    __ARM_exceptions_buffer_free             0x00000669   Thumb Code    22  arm_exceptions_mem.o(.text)
    __default_signal_display                 0x0000067f   Thumb Code    52  defsig_general.o(.text)
    __rt_SIGABRT_inner                       0x000006b5   Thumb Code    14  defsig_abrt_inner.o(.text)
    _ttywrch                                 0x000006e5   Thumb Code    12  sys_wrch.o(.text)
    ADC_IRQHandler                           0x000006f1   Thumb Code     2  mdr32f9qx_it.o(i.ADC_IRQHandler)
    CAN1_IRQHandler                          0x000006f3   Thumb Code     2  mdr32f9qx_it.o(i.CAN1_IRQHandler)
    CAN2_IRQHandler                          0x000006f5   Thumb Code     2  mdr32f9qx_it.o(i.CAN2_IRQHandler)
    EXT_INT1_IRQHandler                      0x000006f7   Thumb Code     2  mdr32f9qx_it.o(i.EXT_INT1_IRQHandler)
    EXT_INT2_IRQHandler                      0x000006f9   Thumb Code     2  mdr32f9qx_it.o(i.EXT_INT2_IRQHandler)
    EXT_INT3_IRQHandler                      0x000006fb   Thumb Code     2  mdr32f9qx_it.o(i.EXT_INT3_IRQHandler)
    EXT_INT4_IRQHandler                      0x000006fd   Thumb Code     2  mdr32f9qx_it.o(i.EXT_INT4_IRQHandler)
    HardFault_Handler                        0x00000701   Thumb Code    22  mdr32f9qx_it.o(i.HardFault_Handler)
    NMI_Handler                              0x00000721   Thumb Code     2  mdr32f9qx_it.o(i.NMI_Handler)
    PORT_Init                                0x00000725   Thumb Code   222  mdr32f9qx_port.o(i.PORT_Init)
    PORT_StructInit                          0x00000809   Thumb Code    28  mdr32f9qx_port.o(i.PORT_StructInit)
    POWER_IRQHandler                         0x00000825   Thumb Code     2  mdr32f9qx_it.o(i.POWER_IRQHandler)
    PendSV_Handler                           0x00000827   Thumb Code     2  mdr32f9qx_it.o(i.PendSV_Handler)
    RST_CLK_CPU_PLLcmd                       0x00000829   Thumb Code    30  mdr32f9qx_rst_clk.o(i.RST_CLK_CPU_PLLcmd)
    RST_CLK_CPU_PLLconfig                    0x0000084d   Thumb Code    78  mdr32f9qx_rst_clk.o(i.RST_CLK_CPU_PLLconfig)
    RST_CLK_CPU_PLLuse                       0x000008a1   Thumb Code    32  mdr32f9qx_rst_clk.o(i.RST_CLK_CPU_PLLuse)
    RST_CLK_CPUclkPrescaler                  0x000008c5   Thumb Code    24  mdr32f9qx_rst_clk.o(i.RST_CLK_CPUclkPrescaler)
    RST_CLK_CPUclkSelection                  0x000008e1   Thumb Code    28  mdr32f9qx_rst_clk.o(i.RST_CLK_CPUclkSelection)
    RST_CLK_DeInit                           0x00000901   Thumb Code    44  mdr32f9qx_rst_clk.o(i.RST_CLK_DeInit)
    RST_CLK_GetClocksFreq                    0x00000931   Thumb Code   502  mdr32f9qx_rst_clk.o(i.RST_CLK_GetClocksFreq)
    RST_CLK_GetFlagStatus                    0x00000b35   Thumb Code    44  mdr32f9qx_rst_clk.o(i.RST_CLK_GetFlagStatus)
    RST_CLK_HSEconfig                        0x00000b69   Thumb Code    56  mdr32f9qx_rst_clk.o(i.RST_CLK_HSEconfig)
    RST_CLK_HSEstatus                        0x00000ba5   Thumb Code    56  mdr32f9qx_rst_clk.o(i.RST_CLK_HSEstatus)
    RST_CLK_HSIcmd                           0x00000bdd   Thumb Code    36  mdr32f9qx_rst_clk.o(i.RST_CLK_HSIcmd)
    RST_CLK_HSIstatus                        0x00000c05   Thumb Code    56  mdr32f9qx_rst_clk.o(i.RST_CLK_HSIstatus)
    RST_CLK_PCLKcmd                          0x00000c3d   Thumb Code    28  mdr32f9qx_rst_clk.o(i.RST_CLK_PCLKcmd)
    RST_CLK_WarmDeInit                       0x00000c5d   Thumb Code   114  mdr32f9qx_rst_clk.o(i.RST_CLK_WarmDeInit)
    SSP1_IRQHandler                          0x00000cd9   Thumb Code     2  mdr32f9qx_it.o(i.SSP1_IRQHandler)
    SSP2_IRQHandler                          0x00000cdb   Thumb Code     2  mdr32f9qx_it.o(i.SSP2_IRQHandler)
    SVC_Handler                              0x00000cdd   Thumb Code     2  mdr32f9qx_it.o(i.SVC_Handler)
    SysTick_Handler                          0x00000ce1   Thumb Code    20  mdr32f9qx_it.o(i.SysTick_Handler)
    SystemCoreClockUpdate                    0x00000cf9   Thumb Code   142  system_mdr1986ve1t.o(i.SystemCoreClockUpdate)
    SystemInit                               0x00000d99   Thumb Code    38  system_mdr1986ve1t.o(i.SystemInit)
    TIMER1_IRQHandler                        0x00000dc5   Thumb Code     2  mdr32f9qx_it.o(i.TIMER1_IRQHandler)
    UART1_IRQHandler                         0x00000dc7   Thumb Code     2  mdr32f9qx_it.o(i.UART1_IRQHandler)
    UART2_IRQHandler                         0x00000dc9   Thumb Code     2  mdr32f9qx_it.o(i.UART2_IRQHandler)
    UART_BRGInit                             0x00000dcd   Thumb Code    64  mdr32f9qx_uart.o(i.UART_BRGInit)
    UART_Cmd                                 0x00000e19   Thumb Code    24  mdr32f9qx_uart.o(i.UART_Cmd)
    UART_DeInit                              0x00000e35   Thumb Code    38  mdr32f9qx_uart.o(i.UART_DeInit)
    UART_GetFlagStatus                       0x00000e5b   Thumb Code    18  mdr32f9qx_uart.o(i.UART_GetFlagStatus)
    UART_Init                                0x00000e6d   Thumb Code   196  mdr32f9qx_uart.o(i.UART_Init)
    UART_ReceiveData                         0x00000f41   Thumb Code     8  mdr32f9qx_uart.o(i.UART_ReceiveData)
    UART_SendData                            0x00000f49   Thumb Code     4  mdr32f9qx_uart.o(i.UART_SendData)
    UART_StructInit                          0x00000f4d   Thumb Code    24  mdr32f9qx_uart.o(i.UART_StructInit)
    USB_IRQHandler                           0x00000f65   Thumb Code     2  mdr32f9qx_it.o(i.USB_IRQHandler)
    WWDG_IRQHandler                          0x00000f67   Thumb Code     2  mdr32f9qx_it.o(i.WWDG_IRQHandler)
    OWI::receiveByte()                       0x00000f69   Thumb Code    38  owi.o(i._ZN3OWI11receiveByteEv)
    OWI::detectPresence()                    0x00000f8f   Thumb Code    48  owi.o(i._ZN3OWI14detectPresenceEv)
    OWI::readBit()                           0x00000fbf   Thumb Code    24  owi.o(i._ZN3OWI7readBitEv)
    OWI::skipRom()                           0x00000fd7   Thumb Code    14  owi.o(i._ZN3OWI7skipRomEv)
    OWI::readTemp(unsigned char*)            0x00000fe5   Thumb Code    76  owi.o(i._ZN3OWI8readTempEPh)
    OWI::sendByte(unsigned char)             0x00001031   Thumb Code    44  owi.o(i._ZN3OWI8sendByteEh)
    OWI::touchBit(unsigned char)             0x0000105d   Thumb Code    24  owi.o(i._ZN3OWI8touchBitEh)
    OWI::writeBit0()                         0x00001079   Thumb Code    14  owi.o(i._ZN3OWI9writeBit0Ev)
    OWI::writeBit1()                         0x00001087   Thumb Code    14  owi.o(i._ZN3OWI9writeBit1Ev)
    OWI::OWI(UART*)                          0x00001095   Thumb Code     4  owi.o(i._ZN3OWIC1EP4UART)
    OWI::OWI__sub_object(UART*)              0x00001095   Thumb Code     0  owi.o(i._ZN3OWIC1EP4UART)
    RCC::setSysClock(unsigned char)          0x00001099   Thumb Code   142  rcc.o(i._ZN3RCC11setSysClockEh)
    RCC::RCC(unsigned char)                  0x00001135   Thumb Code    22  rcc.o(i._ZN3RCCC1Eh)
    RCC::RCC__sub_object(unsigned char)      0x00001135   Thumb Code     0  rcc.o(i._ZN3RCCC1Eh)
    UART::changeSpeed(unsigned)              0x0000114d   Thumb Code    74  uart.o(i._ZN4UART11changeSpeedEj)
    UART::sendByte(unsigned char)            0x000011a1   Thumb Code    44  uart.o(i._ZN4UART8sendByteEh)
    UART::UART(MDR_UART_TypeDef*, unsigned, unsigned short, unsigned short, unsigned short, unsigned short, unsigned short) 0x000011cd   Thumb Code   100  uart.o(i._ZN4UARTC1EP16MDR_UART_TypeDefjttttt)
    UART::UART__sub_object(MDR_UART_TypeDef*, unsigned, unsigned short, unsigned short, unsigned short, unsigned short, unsigned short) 0x000011cd   Thumb Code     0  uart.o(i._ZN4UARTC1EP16MDR_UART_TypeDefjttttt)
    PortMapIO::enablePort()                  0x00001239   Thumb Code   102  port.o(i._ZN9PortMapIO10enablePortEv)
    PortMapIO::fullInitPin(PORT_OE_TypeDef, PORT_PULL_UP_TypeDef, PORT_PULL_DOWN_TypeDef, PORT_PD_SHM_TypeDef, PORT_PD_TypeDef, PORT_GFEN_TypeDef, PORT_FUNC_TypeDef, PORT_SPEED_TypeDef, PORT_MODE_TypeDef) 0x000012b9   Thumb Code    62  port.o(i._ZN9PortMapIO11fullInitPinE15PORT_OE_TypeDef20PORT_PULL_UP_TypeDef22PORT_PULL_DOWN_TypeDef19PORT_PD_SHM_TypeDef15PORT_PD_TypeDef17PORT_GFEN_TypeDef17PORT_FUNC_TypeDef18PORT_SPEED_TypeDef17PORT_MODE_TypeDef)
    PortMapIO::PortMapIO(MDR_PORT_TypeDef*, unsigned short, PORT_OE_TypeDef, PORT_PULL_UP_TypeDef, PORT_PULL_DOWN_TypeDef, PORT_PD_SHM_TypeDef, PORT_PD_TypeDef, PORT_GFEN_TypeDef, PORT_FUNC_TypeDef, PORT_SPEED_TypeDef, PORT_MODE_TypeDef) 0x000012f7   Thumb Code    64  port.o(i._ZN9PortMapIOC1EP16MDR_PORT_TypeDeft15PORT_OE_TypeDef20PORT_PULL_UP_TypeDef22PORT_PULL_DOWN_TypeDef19PORT_PD_SHM_TypeDef15PORT_PD_TypeDef17PORT_GFEN_TypeDef17PORT_FUNC_TypeDef18PORT_SPEED_TypeDef17PORT_MODE_TypeDef)
    PortMapIO::PortMapIO__sub_object(MDR_PORT_TypeDef*, unsigned short, PORT_OE_TypeDef, PORT_PULL_UP_TypeDef, PORT_PULL_DOWN_TypeDef, PORT_PD_SHM_TypeDef, PORT_PD_TypeDef, PORT_GFEN_TypeDef, PORT_FUNC_TypeDef, PORT_SPEED_TypeDef, PORT_MODE_TypeDef) 0x000012f7   Thumb Code     0  port.o(i._ZN9PortMapIOC1EP16MDR_PORT_TypeDeft15PORT_OE_TypeDef20PORT_PULL_UP_TypeDef22PORT_PULL_DOWN_TypeDef19PORT_PD_SHM_TypeDef15PORT_PD_TypeDef17PORT_GFEN_TypeDef17PORT_FUNC_TypeDef18PORT_SPEED_TypeDef17PORT_MODE_TypeDef)
    operator new(unsigned)                   0x00001339   Thumb Code    36  new.o(i._Znwj)
    main                                     0x00001361   Thumb Code   268  main.o(i.main)
    Region$$Table$$Base                      0x00001494   Number         0  anon$$obj.o(Region$$Table)
    Region$$Table$$Limit                     0x000014b4   Number         0  anon$$obj.o(Region$$Table)
    pause                                    0x20000000   Data           4  main.o(.data)
    detectPresent                            0x20000004   Data           1  main.o(.data)
    TEMP_H                                   0x20000005   Data           1  main.o(.data)
    TEMP_L                                   0x20000006   Data           1  main.o(.data)
    temperature                              0x20000008   Data           4  main.o(.data)
    tickDelay                                0x2000000c   Data           4  delay.o(.data)
    SystemCoreClock                          0x20000010   Data           4  system_mdr1986ve1t.o(.data)
    TEM                                      0x20000014   Data           9  main.o(.bss)
    __libspace_start                         0x20000020   Data          96  libspace.o(.bss)
    __temporary_stack_top$libspace           0x20000080   Data           0  libspace.o(.bss)



==============================================================================

Memory Map of the image

  Image Entry point : 0x000000c1

  Load Region LR_IROM1 (Base: 0x00000000, Size: 0x000014c8, Max: 0x00020000, ABSOLUTE)

    Execution Region ER_IROM1 (Exec base: 0x00000000, Load base: 0x00000000, Size: 0x000014b4, Max: 0x00020000, ABSOLUTE)

    Exec Addr    Load Addr    Size         Type   Attr      Idx    E Section Name        Object

    0x00000000   0x00000000   0x000000c0   Data   RO         2025    RESET               startup_mdr1986ve1t.o
    0x000000c0   0x000000c0   0x00000008   Code   RO         3351  * !!!main             c_p.l(__main.o)
    0x000000c8   0x000000c8   0x0000003c   Code   RO         3886    !!!scatter          c_p.l(__scatter.o)
    0x00000104   0x00000104   0x0000001a   Code   RO         3888    !!handler_copy      c_p.l(__scatter_copy.o)
    0x0000011e   0x0000011e   0x00000002   PAD
    0x00000120   0x00000120   0x0000001c   Code   RO         3890    !!handler_zi        c_p.l(__scatter_zi.o)
    0x0000013c   0x0000013c   0x00000002   Code   RO         3758    .ARM.Collect$$libinit$$00000000  c_p.l(libinit.o)
    0x0000013e   0x0000013e   0x00000000   Code   RO         3545    .ARM.Collect$$libinit$$00000002  c_p.l(libinit2.o)
    0x0000013e   0x0000013e   0x00000000   Code   RO         3547    .ARM.Collect$$libinit$$00000004  c_p.l(libinit2.o)
    0x0000013e   0x0000013e   0x00000008   Code   RO         3548    .ARM.Collect$$libinit$$00000005  c_p.l(libinit2.o)
    0x00000146   0x00000146   0x00000000   Code   RO         3550    .ARM.Collect$$libinit$$0000000A  c_p.l(libinit2.o)
    0x00000146   0x00000146   0x00000000   Code   RO         3552    .ARM.Collect$$libinit$$0000000C  c_p.l(libinit2.o)
    0x00000146   0x00000146   0x00000000   Code   RO         3554    .ARM.Collect$$libinit$$0000000E  c_p.l(libinit2.o)
    0x00000146   0x00000146   0x00000000   Code   RO         3557    .ARM.Collect$$libinit$$00000011  c_p.l(libinit2.o)
    0x00000146   0x00000146   0x00000000   Code   RO         3559    .ARM.Collect$$libinit$$00000013  c_p.l(libinit2.o)
    0x00000146   0x00000146   0x00000000   Code   RO         3561    .ARM.Collect$$libinit$$00000015  c_p.l(libinit2.o)
    0x00000146   0x00000146   0x00000000   Code   RO         3563    .ARM.Collect$$libinit$$00000017  c_p.l(libinit2.o)
    0x00000146   0x00000146   0x00000000   Code   RO         3565    .ARM.Collect$$libinit$$00000019  c_p.l(libinit2.o)
    0x00000146   0x00000146   0x00000000   Code   RO         3567    .ARM.Collect$$libinit$$0000001B  c_p.l(libinit2.o)
    0x00000146   0x00000146   0x00000000   Code   RO         3569    .ARM.Collect$$libinit$$0000001D  c_p.l(libinit2.o)
    0x00000146   0x00000146   0x00000000   Code   RO         3571    .ARM.Collect$$libinit$$0000001F  c_p.l(libinit2.o)
    0x00000146   0x00000146   0x00000000   Code   RO         3573    .ARM.Collect$$libinit$$00000021  c_p.l(libinit2.o)
    0x00000146   0x00000146   0x00000000   Code   RO         3575    .ARM.Collect$$libinit$$00000023  c_p.l(libinit2.o)
    0x00000146   0x00000146   0x00000000   Code   RO         3577    .ARM.Collect$$libinit$$00000025  c_p.l(libinit2.o)
    0x00000146   0x00000146   0x00000000   Code   RO         3581    .ARM.Collect$$libinit$$0000002C  c_p.l(libinit2.o)
    0x00000146   0x00000146   0x00000000   Code   RO         3583    .ARM.Collect$$libinit$$0000002E  c_p.l(libinit2.o)
    0x00000146   0x00000146   0x00000000   Code   RO         3585    .ARM.Collect$$libinit$$00000030  c_p.l(libinit2.o)
    0x00000146   0x00000146   0x00000000   Code   RO         3587    .ARM.Collect$$libinit$$00000032  c_p.l(libinit2.o)
    0x00000146   0x00000146   0x00000002   Code   RO         3588    .ARM.Collect$$libinit$$00000033  c_p.l(libinit2.o)
    0x00000148   0x00000148   0x00000002   Code   RO         3871    .ARM.Collect$$libshutdown$$00000000  c_p.l(libshutdown.o)
    0x0000014a   0x0000014a   0x00000000   Code   RO         3850    .ARM.Collect$$libshutdown$$00000002  c_p.l(libshutdown2.o)
    0x0000014a   0x0000014a   0x00000000   Code   RO         3852    .ARM.Collect$$libshutdown$$00000004  c_p.l(libshutdown2.o)
    0x0000014a   0x0000014a   0x00000000   Code   RO         3855    .ARM.Collect$$libshutdown$$00000007  c_p.l(libshutdown2.o)
    0x0000014a   0x0000014a   0x00000000   Code   RO         3858    .ARM.Collect$$libshutdown$$0000000A  c_p.l(libshutdown2.o)
    0x0000014a   0x0000014a   0x00000000   Code   RO         3860    .ARM.Collect$$libshutdown$$0000000C  c_p.l(libshutdown2.o)
    0x0000014a   0x0000014a   0x00000000   Code   RO         3863    .ARM.Collect$$libshutdown$$0000000F  c_p.l(libshutdown2.o)
    0x0000014a   0x0000014a   0x00000002   Code   RO         3864    .ARM.Collect$$libshutdown$$00000010  c_p.l(libshutdown2.o)
    0x0000014c   0x0000014c   0x00000000   Code   RO         3388    .ARM.Collect$$rtentry$$00000000  c_p.l(__rtentry.o)
    0x0000014c   0x0000014c   0x00000000   Code   RO         3490    .ARM.Collect$$rtentry$$00000002  c_p.l(__rtentry2.o)
    0x0000014c   0x0000014c   0x00000006   Code   RO         3502    .ARM.Collect$$rtentry$$00000004  c_p.l(__rtentry4.o)
    0x00000152   0x00000152   0x00000000   Code   RO         3492    .ARM.Collect$$rtentry$$00000009  c_p.l(__rtentry2.o)
    0x00000152   0x00000152   0x00000004   Code   RO         3493    .ARM.Collect$$rtentry$$0000000A  c_p.l(__rtentry2.o)
    0x00000156   0x00000156   0x00000000   Code   RO         3495    .ARM.Collect$$rtentry$$0000000C  c_p.l(__rtentry2.o)
    0x00000156   0x00000156   0x00000008   Code   RO         3496    .ARM.Collect$$rtentry$$0000000D  c_p.l(__rtentry2.o)
    0x0000015e   0x0000015e   0x00000002   Code   RO         3795    .ARM.Collect$$rtexit$$00000000  c_p.l(rtexit.o)
    0x00000160   0x00000160   0x00000000   Code   RO         3833    .ARM.Collect$$rtexit$$00000002  c_p.l(rtexit2.o)
    0x00000160   0x00000160   0x00000004   Code   RO         3834    .ARM.Collect$$rtexit$$00000003  c_p.l(rtexit2.o)
    0x00000164   0x00000164   0x00000006   Code   RO         3835    .ARM.Collect$$rtexit$$00000004  c_p.l(rtexit2.o)
    0x0000016a   0x0000016a   0x00000002   PAD
    0x0000016c   0x0000016c   0x00000000   Code   RO         3730    .emb_text           c_p.l(maybetermalloc1.o)
    0x0000016c   0x0000016c   0x00000074   Code   RO         2026    .text               startup_mdr1986ve1t.o
    0x000001e0   0x000001e0   0x0000015a   Code   RO         3345    .text               c_p.l(aeabi_sdiv.o)
    0x0000033a   0x0000033a   0x00000006   Code   RO         3349    .text               c_p.l(heapauxi.o)
    0x00000340   0x00000340   0x00000008   Code   RO         3396    .text               c_p.l(rt_new_handler_addr_intlibspace.o)
    0x00000348   0x00000348   0x00000062   Code   RO         3400    .text               c_p.l(h1_alloc.o)
    0x000003aa   0x000003aa   0x00000008   Code   RO         3459    .text               cpprt_p.l(arm_newhandler_noexceptions.o)
    0x000003b2   0x000003b2   0x00000002   PAD
    0x000003b4   0x000003b4   0x00000008   Code   RO         3484    .text               c_p.l(libspace.o)
    0x000003bc   0x000003bc   0x00000008   Code   RO         3509    .text               c_p.l(rt_heap_descriptor_intlibspace.o)
    0x000003c4   0x000003c4   0x00000004   Code   RO         3516    .text               c_p.l(hguard.o)
    0x000003c8   0x000003c8   0x00000088   Code   RO         3518    .text               c_p.l(init_alloc.o)
    0x00000450   0x00000450   0x0000000e   Code   RO         3524    .text               c_p.l(h1_init.o)
    0x0000045e   0x0000045e   0x0000004c   Code   RO         3526    .text               c_p.l(h1_free.o)
    0x000004aa   0x000004aa   0x0000001c   Code   RO         3711    .text               cpprt_p.l(arm_exceptions_terminate.o)
    0x000004c6   0x000004c6   0x0000003e   Code   RO         3725    .text               c_p.l(sys_stackheap_outer.o)
    0x00000504   0x00000504   0x00000034   Code   RO         3732    .text               c_p.l(h1_extend.o)
    0x00000538   0x00000538   0x00000010   Code   RO         3736    .text               c_p.l(exit.o)
    0x00000548   0x00000548   0x00000014   Code   RO         3738    .text               c_p.l(abort.o)
    0x0000055c   0x0000055c   0x0000000c   Code   RO         3744    .text               c_p.l(defsig_rtmem_outer.o)
    0x00000568   0x00000568   0x00000054   Code   RO         3775    .text               cpprt_p.l(arm_exceptions_globs.o)
    0x000005bc   0x000005bc   0x0000000c   Code   RO         3789    .text               c_p.l(sys_exit.o)
    0x000005c8   0x000005c8   0x00000002   Code   RO         3791    .text               c_p.l(use_no_semi.o)
    0x000005ca   0x000005ca   0x00000000   Code   RO         3793    .text               c_p.l(indicate_semi.o)
    0x000005ca   0x000005ca   0x00000002   PAD
    0x000005cc   0x000005cc   0x00000008   Code   RO         3802    .text               c_p.l(rt_eh_globals_addr_intlibspace.o)
    0x000005d4   0x000005d4   0x0000000c   Code   RO         3808    .text               c_p.l(defsig_exit.o)
    0x000005e0   0x000005e0   0x0000000c   Code   RO         3810    .text               c_p.l(defsig_abrt_outer.o)
    0x000005ec   0x000005ec   0x00000050   Code   RO         3816    .text               c_p.l(defsig_rtmem_inner.o)
    0x0000063c   0x0000063c   0x00000042   Code   RO         3825    .text               cpprt_p.l(arm_exceptions_mem.o)
    0x0000067e   0x0000067e   0x00000034   Code   RO         3845    .text               c_p.l(defsig_general.o)
    0x000006b2   0x000006b2   0x00000002   PAD
    0x000006b4   0x000006b4   0x00000030   Code   RO         3847    .text               c_p.l(defsig_abrt_inner.o)
    0x000006e4   0x000006e4   0x0000000c   Code   RO         3865    .text               c_p.l(sys_wrch.o)
    0x000006f0   0x000006f0   0x00000002   Code   RO         1008    i.ADC_IRQHandler    mdr32f9qx_it.o
    0x000006f2   0x000006f2   0x00000002   Code   RO         1011    i.CAN1_IRQHandler   mdr32f9qx_it.o
    0x000006f4   0x000006f4   0x00000002   Code   RO         1012    i.CAN2_IRQHandler   mdr32f9qx_it.o
    0x000006f6   0x000006f6   0x00000002   Code   RO         1015    i.EXT_INT1_IRQHandler  mdr32f9qx_it.o
    0x000006f8   0x000006f8   0x00000002   Code   RO         1016    i.EXT_INT2_IRQHandler  mdr32f9qx_it.o
    0x000006fa   0x000006fa   0x00000002   Code   RO         1017    i.EXT_INT3_IRQHandler  mdr32f9qx_it.o
    0x000006fc   0x000006fc   0x00000002   Code   RO         1018    i.EXT_INT4_IRQHandler  mdr32f9qx_it.o
    0x000006fe   0x000006fe   0x00000002   PAD
    0x00000700   0x00000700   0x00000020   Code   RO         1019    i.HardFault_Handler  mdr32f9qx_it.o
    0x00000720   0x00000720   0x00000002   Code   RO         1022    i.NMI_Handler       mdr32f9qx_it.o
    0x00000722   0x00000722   0x00000002   PAD
    0x00000724   0x00000724   0x000000e4   Code   RO         2370    i.PORT_Init         mdr32f9qx_port.o
    0x00000808   0x00000808   0x0000001c   Code   RO         2375    i.PORT_StructInit   mdr32f9qx_port.o
    0x00000824   0x00000824   0x00000002   Code   RO         1023    i.POWER_IRQHandler  mdr32f9qx_it.o
    0x00000826   0x00000826   0x00000002   Code   RO         1024    i.PendSV_Handler    mdr32f9qx_it.o
    0x00000828   0x00000828   0x00000024   Code   RO         2443    i.RST_CLK_CPU_PLLcmd  mdr32f9qx_rst_clk.o
    0x0000084c   0x0000084c   0x00000054   Code   RO         2444    i.RST_CLK_CPU_PLLconfig  mdr32f9qx_rst_clk.o
    0x000008a0   0x000008a0   0x00000024   Code   RO         2446    i.RST_CLK_CPU_PLLuse  mdr32f9qx_rst_clk.o
    0x000008c4   0x000008c4   0x0000001c   Code   RO         2447    i.RST_CLK_CPUclkPrescaler  mdr32f9qx_rst_clk.o
    0x000008e0   0x000008e0   0x00000020   Code   RO         2448    i.RST_CLK_CPUclkSelection  mdr32f9qx_rst_clk.o
    0x00000900   0x00000900   0x00000030   Code   RO         2450    i.RST_CLK_DeInit    mdr32f9qx_rst_clk.o
    0x00000930   0x00000930   0x00000204   Code   RO         2451    i.RST_CLK_GetClocksFreq  mdr32f9qx_rst_clk.o
    0x00000b34   0x00000b34   0x00000034   Code   RO         2452    i.RST_CLK_GetFlagStatus  mdr32f9qx_rst_clk.o
    0x00000b68   0x00000b68   0x0000003c   Code   RO         2456    i.RST_CLK_HSEconfig  mdr32f9qx_rst_clk.o
    0x00000ba4   0x00000ba4   0x00000038   Code   RO         2457    i.RST_CLK_HSEstatus  mdr32f9qx_rst_clk.o
    0x00000bdc   0x00000bdc   0x00000028   Code   RO         2460    i.RST_CLK_HSIcmd    mdr32f9qx_rst_clk.o
    0x00000c04   0x00000c04   0x00000038   Code   RO         2461    i.RST_CLK_HSIstatus  mdr32f9qx_rst_clk.o
    0x00000c3c   0x00000c3c   0x00000020   Code   RO         2467    i.RST_CLK_PCLKcmd   mdr32f9qx_rst_clk.o
    0x00000c5c   0x00000c5c   0x0000007c   Code   RO         2476    i.RST_CLK_WarmDeInit  mdr32f9qx_rst_clk.o
    0x00000cd8   0x00000cd8   0x00000002   Code   RO         1025    i.SSP1_IRQHandler   mdr32f9qx_it.o
    0x00000cda   0x00000cda   0x00000002   Code   RO         1026    i.SSP2_IRQHandler   mdr32f9qx_it.o
    0x00000cdc   0x00000cdc   0x00000002   Code   RO         1027    i.SVC_Handler       mdr32f9qx_it.o
    0x00000cde   0x00000cde   0x00000002   PAD
    0x00000ce0   0x00000ce0   0x00000018   Code   RO         1028    i.SysTick_Handler   mdr32f9qx_it.o
    0x00000cf8   0x00000cf8   0x000000a0   Code   RO         2032    i.SystemCoreClockUpdate  system_mdr1986ve1t.o
    0x00000d98   0x00000d98   0x0000002c   Code   RO         2033    i.SystemInit        system_mdr1986ve1t.o
    0x00000dc4   0x00000dc4   0x00000002   Code   RO         1029    i.TIMER1_IRQHandler  mdr32f9qx_it.o
    0x00000dc6   0x00000dc6   0x00000002   Code   RO         1032    i.UART1_IRQHandler  mdr32f9qx_it.o
    0x00000dc8   0x00000dc8   0x00000002   Code   RO         1033    i.UART2_IRQHandler  mdr32f9qx_it.o
    0x00000dca   0x00000dca   0x00000002   PAD
    0x00000dcc   0x00000dcc   0x0000004c   Code   RO         3139    i.UART_BRGInit      mdr32f9qx_uart.o
    0x00000e18   0x00000e18   0x0000001c   Code   RO         3142    i.UART_Cmd          mdr32f9qx_uart.o
    0x00000e34   0x00000e34   0x00000026   Code   RO         3145    i.UART_DeInit       mdr32f9qx_uart.o
    0x00000e5a   0x00000e5a   0x00000012   Code   RO         3146    i.UART_GetFlagStatus  mdr32f9qx_uart.o
    0x00000e6c   0x00000e6c   0x000000d4   Code   RO         3150    i.UART_Init         mdr32f9qx_uart.o
    0x00000f40   0x00000f40   0x00000008   Code   RO         3153    i.UART_ReceiveData  mdr32f9qx_uart.o
    0x00000f48   0x00000f48   0x00000004   Code   RO         3154    i.UART_SendData     mdr32f9qx_uart.o
    0x00000f4c   0x00000f4c   0x00000018   Code   RO         3155    i.UART_StructInit   mdr32f9qx_uart.o
    0x00000f64   0x00000f64   0x00000002   Code   RO         1034    i.USB_IRQHandler    mdr32f9qx_it.o
    0x00000f66   0x00000f66   0x00000002   Code   RO         1036    i.WWDG_IRQHandler   mdr32f9qx_it.o
    0x00000f68   0x00000f68   0x00000026   Code   RO         1921    i._ZN3OWI11receiveByteEv  owi.o
    0x00000f8e   0x00000f8e   0x00000030   Code   RO         1922    i._ZN3OWI14detectPresenceEv  owi.o
    0x00000fbe   0x00000fbe   0x00000018   Code   RO         1924    i._ZN3OWI7readBitEv  owi.o
    0x00000fd6   0x00000fd6   0x0000000e   Code   RO         1926    i._ZN3OWI7skipRomEv  owi.o
    0x00000fe4   0x00000fe4   0x0000004c   Code   RO         1928    i._ZN3OWI8readTempEPh  owi.o
    0x00001030   0x00001030   0x0000002c   Code   RO         1929    i._ZN3OWI8sendByteEh  owi.o
    0x0000105c   0x0000105c   0x0000001c   Code   RO         1930    i._ZN3OWI8touchBitEh  owi.o
    0x00001078   0x00001078   0x0000000e   Code   RO         1932    i._ZN3OWI9writeBit0Ev  owi.o
    0x00001086   0x00001086   0x0000000e   Code   RO         1933    i._ZN3OWI9writeBit1Ev  owi.o
    0x00001094   0x00001094   0x00000004   Code   RO         1934    i._ZN3OWIC1EP4UART  owi.o
    0x00001098   0x00001098   0x0000009c   Code   RO         1602    i._ZN3RCC11setSysClockEh  rcc.o
    0x00001134   0x00001134   0x00000016   Code   RO         1603    i._ZN3RCCC1Eh       rcc.o
    0x0000114a   0x0000114a   0x00000002   PAD
    0x0000114c   0x0000114c   0x00000054   Code   RO         1492    i._ZN4UART11changeSpeedEj  uart.o
    0x000011a0   0x000011a0   0x0000002c   Code   RO         1494    i._ZN4UART8sendByteEh  uart.o
    0x000011cc   0x000011cc   0x0000006c   Code   RO         1497    i._ZN4UARTC1EP16MDR_UART_TypeDefjttttt  uart.o
    0x00001238   0x00001238   0x00000080   Code   RO          319    i._ZN9PortMapIO10enablePortEv  port.o
    0x000012b8   0x000012b8   0x0000003e   Code   RO          320    i._ZN9PortMapIO11fullInitPinE15PORT_OE_TypeDef20PORT_PULL_UP_TypeDef22PORT_PULL_DOWN_TypeDef19PORT_PD_SHM_TypeDef15PORT_PD_TypeDef17PORT_GFEN_TypeDef17PORT_FUNC_TypeDef18PORT_SPEED_TypeDef17PORT_MODE_TypeDef  port.o
    0x000012f6   0x000012f6   0x00000040   Code   RO          333    i._ZN9PortMapIOC1EP16MDR_PORT_TypeDeft15PORT_OE_TypeDef20PORT_PULL_UP_TypeDef22PORT_PULL_DOWN_TypeDef19PORT_PD_SHM_TypeDef15PORT_PD_TypeDef17PORT_GFEN_TypeDef17PORT_FUNC_TypeDef18PORT_SPEED_TypeDef17PORT_MODE_TypeDef  port.o
    0x00001336   0x00001336   0x00000002   PAD
    0x00001338   0x00001338   0x00000028   Code   RO         3353    i._Znwj             cpprt_p.l(new.o)
    0x00001360   0x00001360   0x00000134   Code   RO            3    i.main              main.o
    0x00001494   0x00001494   0x00000020   Data   RO         3884    Region$$Table       anon$$obj.o


    Execution Region RW_IRAM1 (Exec base: 0x20000000, Load base: 0x000014b4, Size: 0x00002080, Max: 0x00008000, ABSOLUTE)

    Exec Addr    Load Addr    Size         Type   Attr      Idx    E Section Name        Object

    0x20000000   0x000014b4   0x0000000c   Data   RW            6    .data               main.o
    0x2000000c   0x000014c0   0x00000004   Data   RW         1249    .data               delay.o
    0x20000010   0x000014c4   0x00000004   Data   RW         2034    .data               system_mdr1986ve1t.o
    0x20000014        -       0x00000009   Zero   RW            5    .bss                main.o
    0x2000001d   0x000014c8   0x00000003   PAD
    0x20000020        -       0x00000060   Zero   RW         3485    .bss                c_p.l(libspace.o)
    0x20000080        -       0x00001000   Zero   RW         2024    HEAP                startup_mdr1986ve1t.o
    0x20001080        -       0x00001000   Zero   RW         2023    STACK               startup_mdr1986ve1t.o


    Execution Region RW_IRAM2 (Exec base: 0x20100000, Load base: 0x000014c8, Size: 0x00000000, Max: 0x00004000, ABSOLUTE)

    **** No section assigned to this execution region ****


==============================================================================

Image component sizes


      Code (inc. data)   RO Data    RW Data    ZI Data      Debug   Object Name

         0          0          0          0          0       1444   defaultfonts.o
         0          0          0          4          0        200   delay.o
       308         40          0         12          9      89739   main.o
        92         14          0          0          0      13940   mdr32f9qx_it.o
       256          6          0          0          0       5386   mdr32f9qx_port.o
      1200         72          0          0          0      19847   mdr32f9qx_rst_clk.o
       408         32          0          0          0      11206   mdr32f9qx_uart.o
       304          4          0          0          0       6640   owi.o
       254         26          0          0          0       3888   port.o
       178         14          0          0          0       1432   rcc.o
         0          0          0          0          0      73224   sensorbutton.o
       116         28        192          0       8192       1940   startup_mdr1986ve1t.o
       204         24          0          4          0      76395   system_mdr1986ve1t.o
       236         18          0          0          0       7896   uart.o

    ----------------------------------------------------------------------
      3568        278        224         20       8204     313177   Object Totals
         0          0         32          0          0          0   (incl. Generated)
        12          0          0          0          3          0   (incl. Padding)

    ----------------------------------------------------------------------

      Code (inc. data)   RO Data    RW Data    ZI Data      Debug   Library Member Name

         8          0          0          0          0         68   __main.o
         0          0          0          0          0          0   __rtentry.o
        12          0          0          0          0          0   __rtentry2.o
         6          0          0          0          0          0   __rtentry4.o
        60          8          0          0          0          0   __scatter.o
        26          0          0          0          0          0   __scatter_copy.o
        28          0          0          0          0          0   __scatter_zi.o
        20          0          0          0          0         68   abort.o
       346          0          0          0          0         92   aeabi_sdiv.o
        48         34          0          0          0         68   defsig_abrt_inner.o
        12          0          0          0          0         68   defsig_abrt_outer.o
        12          0          0          0          0         68   defsig_exit.o
        52          0          0          0          0         72   defsig_general.o
        80         58          0          0          0         68   defsig_rtmem_inner.o
        12          0          0          0          0         68   defsig_rtmem_outer.o
        16          0          0          0          0         68   exit.o
        98          0          0          0          0         72   h1_alloc.o
        52          0          0          0          0         68   h1_extend.o
        76          0          0          0          0         72   h1_free.o
        14          0          0          0          0         76   h1_init.o
         6          0          0          0          0        136   heapauxi.o
         4          0          0          0          0        120   hguard.o
         0          0          0          0          0          0   indicate_semi.o
       136          0          0          0          0        160   init_alloc.o
         2          0          0          0          0          0   libinit.o
        10          0          0          0          0          0   libinit2.o
         2          0          0          0          0          0   libshutdown.o
         2          0          0          0          0          0   libshutdown2.o
         8          4          0          0         96         68   libspace.o
         0          0          0          0          0          0   maybetermalloc1.o
         8          4          0          0          0         68   rt_eh_globals_addr_intlibspace.o
         8          4          0          0          0         68   rt_heap_descriptor_intlibspace.o
         8          4          0          0          0         68   rt_new_handler_addr_intlibspace.o
         2          0          0          0          0          0   rtexit.o
        10          0          0          0          0          0   rtexit2.o
        12          4          0          0          0         60   sys_exit.o
        62          0          0          0          0         80   sys_stackheap_outer.o
        12          0          0          0          0         68   sys_wrch.o
         2          0          0          0          0         68   use_no_semi.o
        84         12          0          0          0         96   arm_exceptions_globs.o
        66          0          0          0          0        100   arm_exceptions_mem.o
        28          0          0          0          0         68   arm_exceptions_terminate.o
         8          0          0          0          0         68   arm_newhandler_noexceptions.o
        40          4          0          0          0         68   new.o

    ----------------------------------------------------------------------
      1508        136          0          0         96       2360   Library Totals
        10          0          0          0          0          0   (incl. Padding)

    ----------------------------------------------------------------------

      Code (inc. data)   RO Data    RW Data    ZI Data      Debug   Library Name

      1272        120          0          0         96       1960   c_p.l
       226         16          0          0          0        400   cpprt_p.l

    ----------------------------------------------------------------------
      1508        136          0          0         96       2360   Library Totals

    ----------------------------------------------------------------------

==============================================================================


      Code (inc. data)   RO Data    RW Data    ZI Data      Debug   

      5076        414        224         20       8300     311629   Grand Totals
      5076        414        224         20       8300     311629   ELF Image Totals
      5076        414        224         20          0          0   ROM Totals

==============================================================================

    Total RO  Size (Code + RO Data)                 5300 (   5.18kB)
    Total RW  Size (RW Data + ZI Data)              8320 (   8.13kB)
    Total ROM Size (Code + RO Data + RW Data)       5320 (   5.20kB)

==============================================================================

